Component: ARM Compiler 5.06 update 7 (build 960) Tool: armlink [4d3601]

==============================================================================

Section Cross References

    startup_stm32g474xx.o(STACK) refers (Special) to heapauxi.o(.text) for __use_two_region_memory
    startup_stm32g474xx.o(HEAP) refers (Special) to heapauxi.o(.text) for __use_two_region_memory
    startup_stm32g474xx.o(RESET) refers (Special) to heapauxi.o(.text) for __use_two_region_memory
    startup_stm32g474xx.o(RESET) refers to startup_stm32g474xx.o(STACK) for __initial_sp
    startup_stm32g474xx.o(RESET) refers to startup_stm32g474xx.o(.text) for Reset_Handler
    startup_stm32g474xx.o(RESET) refers to stm32g4xx_it.o(i.NMI_Handler) for NMI_Handler
    startup_stm32g474xx.o(RESET) refers to stm32g4xx_it.o(i.HardFault_Handler) for HardFault_Handler
    startup_stm32g474xx.o(RESET) refers to stm32g4xx_it.o(i.MemManage_Handler) for MemManage_Handler
    startup_stm32g474xx.o(RESET) refers to stm32g4xx_it.o(i.BusFault_Handler) for BusFault_Handler
    startup_stm32g474xx.o(RESET) refers to stm32g4xx_it.o(i.UsageFault_Handler) for UsageFault_Handler
    startup_stm32g474xx.o(RESET) refers to port.o(.emb_text) for SVC_Handler
    startup_stm32g474xx.o(RESET) refers to stm32g4xx_it.o(i.DebugMon_Handler) for DebugMon_Handler
    startup_stm32g474xx.o(RESET) refers to cmsis_os2.o(i.SysTick_Handler) for SysTick_Handler
    startup_stm32g474xx.o(RESET) refers to stm32g4xx_it.o(i.DMA1_Channel1_IRQHandler) for DMA1_Channel1_IRQHandler
    startup_stm32g474xx.o(RESET) refers to stm32g4xx_it.o(i.DMA1_Channel2_IRQHandler) for DMA1_Channel2_IRQHandler
    startup_stm32g474xx.o(RESET) refers to stm32g4xx_it.o(i.DMA1_Channel3_IRQHandler) for DMA1_Channel3_IRQHandler
    startup_stm32g474xx.o(RESET) refers to stm32g4xx_it.o(i.USART1_IRQHandler) for USART1_IRQHandler
    startup_stm32g474xx.o(RESET) refers to stm32g4xx_it.o(i.TIM6_DAC_IRQHandler) for TIM6_DAC_IRQHandler
    startup_stm32g474xx.o(.text) refers (Special) to heapauxi.o(.text) for __use_two_region_memory
    startup_stm32g474xx.o(.text) refers to system_stm32g4xx.o(i.SystemInit) for SystemInit
    startup_stm32g474xx.o(.text) refers to __main.o(!!!main) for __main
    startup_stm32g474xx.o(.text) refers to startup_stm32g474xx.o(HEAP) for Heap_Mem
    startup_stm32g474xx.o(.text) refers to startup_stm32g474xx.o(STACK) for Stack_Mem
    main.o(i.CheckKeyHoldEvents) refers to cmsis_os2.o(i.osKernelGetTickCount) for osKernelGetTickCount
    main.o(i.CheckKeyHoldEvents) refers to temp_panel.o(i.PanelKey_FromTM1638) for PanelKey_FromTM1638
    main.o(i.CheckKeyHoldEvents) refers to temp_panel.o(i.TempPanel_KeyEvent) for TempPanel_KeyEvent
    main.o(i.CheckKeyHoldEvents) refers to main.o(.bss) for .bss
    main.o(i.CheckKeyHoldEvents) refers to main.o(.data) for .data
    main.o(i.CheckKeyHoldEvents) refers to tm1638_board.o(.bss) for htm1638
    main.o(i.CheckKeyHoldEvents) refers to temp_panel.o(.bss) for g_panel
    main.o(i.DRV8703_ReadReg1) refers to stm32g4xx_hal_gpio.o(i.HAL_GPIO_WritePin) for HAL_GPIO_WritePin
    main.o(i.DRV8703_ReadReg1) refers to stm32g4xx_hal_spi.o(i.HAL_SPI_TransmitReceive) for HAL_SPI_TransmitReceive
    main.o(i.DRV8703_ReadReg1) refers to spi.o(.bss) for hspi1
    main.o(i.DRV8703_WriteReg1) refers to stm32g4xx_hal_gpio.o(i.HAL_GPIO_WritePin) for HAL_GPIO_WritePin
    main.o(i.DRV8703_WriteReg1) refers to stm32g4xx_hal_spi.o(i.HAL_SPI_TransmitReceive) for HAL_SPI_TransmitReceive
    main.o(i.DRV8703_WriteReg1) refers to spi.o(.bss) for hspi1
    main.o(i.HAL_TIM_PeriodElapsedCallback) refers to stm32g4xx_hal.o(i.HAL_IncTick) for HAL_IncTick
    main.o(i.HAL_UARTEx_RxEventCallback) refers to main.o(i.Parse_Temperature_Buffer) for Parse_Temperature_Buffer
    main.o(i.HAL_UARTEx_RxEventCallback) refers to stm32g4xx_hal_uart_ex.o(i.HAL_UARTEx_ReceiveToIdle_DMA) for HAL_UARTEx_ReceiveToIdle_DMA
    main.o(i.HAL_UARTEx_RxEventCallback) refers to main.o(.data) for .data
    main.o(i.HAL_UARTEx_RxEventCallback) refers to main.o(.bss) for .bss
    main.o(i.HAL_UARTEx_RxEventCallback) refers to usart.o(.bss) for huart1
    main.o(i.HAL_UART_ErrorCallback) refers to main.o(.data) for .data
    main.o(i.OnDownKeyPressed) refers to main.o(i.OnTM1638Key) for OnTM1638Key
    main.o(i.OnEnterKeyPressed) refers to main.o(i.OnTM1638Key) for OnTM1638Key
    main.o(i.OnModeKeyPressed) refers to main.o(i.OnTM1638Key) for OnTM1638Key
    main.o(i.OnStartStopKeyPressed) refers to main.o(i.OnTM1638Key) for OnTM1638Key
    main.o(i.OnSwitchKeyPressed) refers to main.o(i.OnTM1638Key) for OnTM1638Key
    main.o(i.OnTM1638Key) refers to temp_panel.o(i.PanelKey_FromTM1638) for PanelKey_FromTM1638
    main.o(i.OnTM1638Key) refers to cmsis_os2.o(i.osKernelGetTickCount) for osKernelGetTickCount
    main.o(i.OnTM1638Key) refers to temp_panel.o(i.TempPanel_KeyEvent) for TempPanel_KeyEvent
    main.o(i.OnTM1638Key) refers to main.o(.bss) for .bss
[...]
    g_adc_il1_a                              0x200001b4   Data           4  adc_measure.o(.data)
    g_adc_il2_a                              0x200001b8   Data           4  adc_measure.o(.data)
    g_adc_il3_a                              0x200001bc   Data           4  adc_measure.o(.data)
    g_adc_il4_a                              0x200001c0   Data           4  adc_measure.o(.data)
    g_adc_il5_a                              0x200001c4   Data           4  adc_measure.o(.data)
    g_adc_measure_i_zero_v                   0x200001c8   Data          20  adc_measure.o(.data)
    g_adc_measure_il_zero_v                  0x200001dc   Data          20  adc_measure.o(.data)
    g_app_control_simulate_drv8703           0x200001f0   Data           1  app_control.o(.data)
    g_app_control_init_result                0x200001f1   Data           1  app_control.o(.data)
    g_app_control_last_drv_fault             0x200001f2   Data           1  app_control.o(.data)
    g_app_control_last_drv_status            0x200001f3   Data           1  app_control.o(.data)
    g_app_control_drv_pin_fault_last         0x200001f4   Data           1  app_control.o(.data)
    g_app_control_temp_reset_active          0x200001f5   Data           1  app_control.o(.data)
    g_app_control_test_active                0x200001f6   Data           1  app_control.o(.data)
    g_app_control_test_phase                 0x200001f7   Data           1  app_control.o(.data)
    g_app_control_cell_running               0x200001f9   Data           2  app_control.o(.data)
    g_app_control_temp_reset_count           0x200001fb   Data           2  app_control.o(.data)
    g_app_control_temp_fault_sensor          0x200001fd   Data           2  app_control.o(.data)
    g_app_control_loop_count                 0x20000200   Data           4  app_control.o(.data)
    g_app_control_cmd_drop_count             0x20000204   Data           4  app_control.o(.data)
    g_app_control_cell_error                 0x20000208   Data           4  app_control.o(.data)
    g_app_control_pid_update_pending         0x2000020c   Data           4  app_control.o(.data)
    g_app_control_periodic_reg_snapshot_count 0x20000210   Data           4  app_control.o(.data)
    g_app_control_drv_raw_poll_count         0x20000214   Data           4  app_control.o(.data)
    s_temp_stale_cycles                      0x20000230   Data           4  app_control.o(.data)
    g_app_control_drv_init_attempts          0x20000238   Data           5  app_control.o(.data)
    g_app_control_drv_ready                  0x2000023d   Data           5  app_control.o(.data)
    g_app_control_drv_awake                  0x20000242   Data           5  app_control.o(.data)
    g_app_control_drv_fault                  0x20000247   Data           5  app_control.o(.data)
    g_app_control_drv_startup_dump_valid     0x2000024c   Data           5  app_control.o(.data)
    g_app_control_drv_startup_dump_status    0x20000251   Data           5  app_control.o(.data)
    g_app_control_drv_fault_snapshot_valid   0x20000256   Data           5  app_control.o(.data)
    g_app_control_drv_fault_read_status      0x2000025b   Data           5  app_control.o(.data)
    g_app_control_drv_dump_status            0x20000260   Data           5  app_control.o(.data)
    g_app_control_drv_fault_status           0x20000265   Data           5  app_control.o(.data)
    g_app_control_drv_vds_gdf_status         0x2000026a   Data           5  app_control.o(.data)
    g_app_control_drv_reg_read_ok_mask       0x2000026f   Data           5  app_control.o(.data)
    g_app_control_drv_pin_fault_status       0x20000274   Data           5  app_control.o(.data)
    g_app_control_drv_pin_fault_read_status  0x20000279   Data           5  app_control.o(.data)
    g_app_control_drv_pin_fault_dump_status  0x2000027e   Data           5  app_control.o(.data)
    g_app_control_drv_pin_fault_fault_status 0x20000283   Data           5  app_control.o(.data)
    g_app_control_drv_pin_fault_vds_gdf_status 0x20000288   Data           5  app_control.o(.data)
    g_app_control_drv_pin_fault_stop_bits    0x2000028d   Data           5  app_control.o(.data)
    g_app_control_drv_pin_fault_reg_read_ok_mask 0x20000292   Data           5  app_control.o(.data)
    g_app_control_drv_pin_fault_all_ff       0x20000297   Data           5  app_control.o(.data)
    g_app_control_drv_pin_fault_stable_count 0x2000029c   Data           5  app_control.o(.data)
    g_app_control_test_drv_ok                0x200002a1   Data           5  app_control.o(.data)
    g_app_control_drv_raw_mask               0x200002a6   Data           5  app_control.o(.data)
    g_app_control_drv_raw_status             0x200002ab   Data           5  app_control.o(.data)
    g_app_control_drv_startup_expected       0x200002b5   Data           6  app_control.o(.data)
    g_app_control_cell_temp                  0x200002bc   Data           8  app_control.o(.data)
    g_app_control_cell_target                0x200002c4   Data           8  app_control.o(.data)
    g_app_control_cell_duty                  0x200002cc   Data           8  app_control.o(.data)
    g_app_control_pid_temp                   0x200002d4   Data          16  app_control.o(.data)
    g_app_control_drv_startup_reg_dump       0x200002e4   Data          30  app_control.o(.data)
    g_app_control_drv_reg_dump               0x20000302   Data          30  app_control.o(.data)
    g_app_control_drv_pin_fault_reg_dump     0x20000320   Data          30  app_control.o(.data)
    g_app_control_sleep_reg_snapshot         0x2000033e   Data          35  app_control.o(.data)
    g_app_control_periodic_reg_snapshot      0x20000361   Data          35  app_control.o(.data)
    g_app_control_drv_raw_dump               0x20000384   Data          30  app_control.o(.data)
    g_tm1638_raw_mask                        0x200003b4   Data           1  tm1638_board.o(.data)
    g_tm1638_state_mask                      0x200003b5   Data           1  tm1638_board.o(.data)
    g_tm1638_last_key                        0x200003b6   Data           1  tm1638_board.o(.data)
    g_tm1638_registered_mask                 0x200003b7   Data           1  tm1638_board.o(.data)
    g_tm1638_scan_count                      0x200003bc   Data           4  tm1638_board.o(.data)
    g_tm1638_callback_count                  0x200003c0   Data           4  tm1638_board.o(.data)
    g_tm1638_key_bytes                       0x200003c4   Data           4  tm1638_board.o(.data)
    g_calib_mode_active                      0x200003c8   Data           1  calib_mode.o(.data)
    g_calib_state                            0x200003c9   Data           1  calib_mode.o(.data)
    g_calib_step_idx                         0x200003ca   Data           1  calib_mode.o(.data)
    g_calib_cell                             0x200003cb   Data           1  calib_mode.o(.data)
    g_calib_show_duty                        0x200003cc   Data           1  calib_mode.o(.data)
    g_calib_running                          0x200003cd   Data           1  calib_mode.o(.data)
    g_calib_error                            0x200003d4   Data           4  calib_mode.o(.data)
    g_calib_temp_ch0                         0x200003d8   Data           4  calib_mode.o(.data)
    g_calib_temp_ch1                         0x200003dc   Data           4  calib_mode.o(.data)
    g_flash_storage_last_error               0x200003f8   Data           1  flash_storage.o(.data)
    g_flash_storage_erase_count              0x200003fc   Data           4  flash_storage.o(.data)
    g_flash_storage_write_count              0x20000400   Data           4  flash_storage.o(.data)
    Sys_Temperatures                         0x20000404   Data          16  main.o(.bss)
    Sys_TempUpdateCount                      0x20000414   Data          16  main.o(.bss)
    Sys_TempUpdateTick                       0x20000424   Data          16  main.o(.bss)
    rx_buffer                                0x2000046d   Data         256  main.o(.bss)
    temp_pid                                 0x20000570   Data          44  main.o(.bss)
    hadc1                                    0x2000059c   Data         108  adc.o(.bss)
    hadc2                                    0x20000608   Data         108  adc.o(.bss)
    hdma_adc1                                0x20000674   Data          96  adc.o(.bss)
    hdma_adc2                                0x200006d4   Data          96  adc.o(.bss)
    hdac1                                    0x20000734   Data          20  dac.o(.bss)
    hdac3                                    0x20000748   Data          20  dac.o(.bss)
    hdac4                                    0x2000075c   Data          20  dac.o(.bss)
    hopamp1                                  0x20000770   Data          60  opamp.o(.bss)
    hopamp2                                  0x200007ac   Data          60  opamp.o(.bss)
    hopamp3                                  0x200007e8   Data          60  opamp.o(.bss)
    hopamp4                                  0x20000824   Data          60  opamp.o(.bss)
    hopamp5                                  0x20000860   Data          60  opamp.o(.bss)
    hspi1                                    0x2000089c   Data         100  spi.o(.bss)
    hspi3                                    0x20000900   Data         100  spi.o(.bss)
    htim1                                    0x20000964   Data          76  tim.o(.bss)
    htim2                                    0x200009b0   Data          76  tim.o(.bss)
    htim3                                    0x200009fc   Data          76  tim.o(.bss)
    htim4                                    0x20000a48   Data          76  tim.o(.bss)
    htim7                                    0x20000a94   Data          76  tim.o(.bss)
    huart1                                   0x20000ae0   Data         148  usart.o(.bss)
    huart2                                   0x20000b74   Data         148  usart.o(.bss)
    hdma_usart1_rx                           0x20000c08   Data          96  usart.o(.bss)
    htim6                                    0x20000c68   Data          76  stm32g4xx_hal_timebase_tim.o(.bss)
    xQueueRegistry                           0x20000cb4   Data          64  queue.o(.bss)
    g_adc_measure_adc1_raw                   0x200039a6   Data          20  adc_measure.o(.bss)
    g_adc_measure_adc2_raw                   0x200039ba   Data          10  adc_measure.o(.bss)
    g_adc_measure_v_adc_v                    0x200039c4   Data          20  adc_measure.o(.bss)
    g_adc_measure_v_input_v                  0x200039d8   Data          20  adc_measure.o(.bss)
    g_adc_measure_i_adc_v                    0x200039ec   Data          20  adc_measure.o(.bss)
    g_adc_measure_i_a                        0x20003a00   Data          20  adc_measure.o(.bss)
    g_adc_measure_il_adc_v                   0x20003a14   Data          20  adc_measure.o(.bss)
    g_adc_measure_il_a                       0x20003a28   Data          20  adc_measure.o(.bss)
    g_app_control_pid_duty                   0x20003a3c   Data          16  app_control.o(.bss)
    g_app_control_drv_startup_reg_status     0x20003a4c   Data          30  app_control.o(.bss)
    g_app_control_drv_startup_tx             0x20003a6a   Data          60  app_control.o(.bss)
    g_app_control_drv_startup_rx             0x20003aa6   Data          60  app_control.o(.bss)
    g_app_control_drv_fault_capture_count    0x20003ae4   Data          20  app_control.o(.bss)
    g_app_control_drv_reg_read_status        0x20003af8   Data          30  app_control.o(.bss)
    g_app_control_drv_pin_fault_count        0x20003b18   Data          20  app_control.o(.bss)
    g_app_control_drv_pin_fault_reg_read_status 0x20003b2c   Data          30  app_control.o(.bss)
    g_app_control_drv_pin_fault_all_ff_count 0x20003b4c   Data          20  app_control.o(.bss)
    g_app_control_temp_last_update_tick      0x20003b60   Data          16  app_control.o(.bss)
    g_app_control_temp_update_count          0x20003b70   Data          16  app_control.o(.bss)
    g_app_control_temp_freq_hz               0x20003b80   Data          16  app_control.o(.bss)
    g_app_control_pid_freq_hz                0x20003b90   Data          16  app_control.o(.bss)
    g_app_control_test_duty                  0x20003ba0   Data          20  app_control.o(.bss)
    g_drv8703_board                          0x20003d18   Data         440  drv8703_board.o(.bss)
    g_panel                                  0x20003ed0   Data         156  temp_panel.o(.bss)
    htm1638                                  0x20003f6c   Data          60  tm1638_board.o(.bss)
    g_calib_result                           0x20003fa8   Data         240  calib_mode.o(.bss)
    __libspace_start                         0x20004868   Data          96  libspace.o(.bss)
    __temporary_stack_top$libspace           0x200048c8   Data           0  libspace.o(.bss)



==============================================================================

Memory Map of the image

  Image Entry point : 0x080001d9

  Load Region LR_IROM1 (Base: 0x08000000, Size: 0x0000edd0, Max: 0x00040000, ABSOLUTE, COMPRESSED[0x0000ea2c])

    Execution Region ER_IROM1 (Exec base: 0x08000000, Load base: 0x08000000, Size: 0x0000e9cc, Max: 0x00040000, ABSOLUTE)

    Exec Addr    Load Addr    Size         Type   Attr      Idx    E Section Name        Object

    0x08000000   0x08000000   0x000001d8   Data   RO            3    RESET               startup_stm32g474xx.o
    0x080001d8   0x080001d8   0x00000008   Code   RO         8638  * !!!main             c_w.l(__main.o)
    0x080001e0   0x080001e0   0x00000034   Code   RO         8876    !!!scatter          c_w.l(__scatter.o)
    0x08000214   0x08000214   0x0000005a   Code   RO         8874    !!dczerorl2         c_w.l(__dczerorl2.o)
    0x0800026e   0x0800026e   0x00000002   PAD
    0x08000270   0x08000270   0x0000001c   Code   RO         8878    !!handler_zi        c_w.l(__scatter_zi.o)
    0x0800028c   0x0800028c   0x00000000   Code   RO         8625    .ARM.Collect$$_printf_percent$$00000000  c_w.l(_printf_percent.o)
    0x0800028c   0x0800028c   0x00000006   Code   RO         8624    .ARM.Collect$$_printf_percent$$00000003  c_w.l(_printf_f.o)
    0x08000292   0x08000292   0x00000006   Code   RO         8623    .ARM.Collect$$_printf_percent$$0000000A  c_w.l(_printf_u.o)
    0x08000298   0x08000298   0x00000004   Code   RO         8659    .ARM.Collect$$_printf_percent$$00000017  c_w.l(_printf_percent_end.o)
    0x0800029c   0x0800029c   0x00000002   Code   RO         8745    .ARM.Collect$$libinit$$00000000  c_w.l(libinit.o)
    0x0800029e   0x0800029e   0x00000004   Code   RO         8746    .ARM.Collect$$libinit$$00000001  c_w.l(libinit2.o)
    0x080002a2   0x080002a2   0x00000000   Code   RO         8749    .ARM.Collect$$libinit$$00000004  c_w.l(libinit2.o)
    0x080002a2   0x080002a2   0x00000000   Code   RO         8752    .ARM.Collect$$libinit$$0000000A  c_w.l(libinit2.o)
    0x080002a2   0x080002a2   0x00000000   Code   RO         8754    .ARM.Collect$$libinit$$0000000C  c_w.l(libinit2.o)
    0x080002a2   0x080002a2   0x00000000   Code   RO         8756    .ARM.Collect$$libinit$$0000000E  c_w.l(libinit2.o)
    0x080002a2   0x080002a2   0x00000006   Code   RO         8757    .ARM.Collect$$libinit$$0000000F  c_w.l(libinit2.o)
    0x080002a8   0x080002a8   0x00000000   Code   RO         8759    .ARM.Collect$$libinit$$00000011  c_w.l(libinit2.o)
    0x080002a8   0x080002a8   0x00000000   Code   RO         8761    .ARM.Collect$$libinit$$00000013  c_w.l(libinit2.o)
    0x080002a8   0x080002a8   0x00000000   Code   RO         8763    .ARM.Collect$$libinit$$00000015  c_w.l(libinit2.o)
    0x080002a8   0x080002a8   0x0000000a   Code   RO         8764    .ARM.Collect$$libinit$$00000016  c_w.l(libinit2.o)
    0x080002b2   0x080002b2   0x00000000   Code   RO         8765    .ARM.Collect$$libinit$$00000017  c_w.l(libinit2.o)
    0x080002b2   0x080002b2   0x00000000   Code   RO         8767    .ARM.Collect$$libinit$$00000019  c_w.l(libinit2.o)
    0x080002b2   0x080002b2   0x00000000   Code   RO         8769    .ARM.Collect$$libinit$$0000001B  c_w.l(libinit2.o)
    0x080002b2   0x080002b2   0x00000000   Code   RO         8771    .ARM.Collect$$libinit$$0000001D  c_w.l(libinit2.o)
    0x080002b2   0x080002b2   0x00000000   Code   RO         8773    .ARM.Collect$$libinit$$0000001F  c_w.l(libinit2.o)
    0x080002b2   0x080002b2   0x00000000   Code   RO         8775    .ARM.Collect$$libinit$$00000021  c_w.l(libinit2.o)
    0x080002b2   0x080002b2   0x00000000   Code   RO         8777    .ARM.Collect$$libinit$$00000023  c_w.l(libinit2.o)
    0x080002b2   0x080002b2   0x00000000   Code   RO         8779    .ARM.Collect$$libinit$$00000025  c_w.l(libinit2.o)
    0x080002b2   0x080002b2   0x00000000   Code   RO         8783    .ARM.Collect$$libinit$$0000002C  c_w.l(libinit2.o)
    0x080002b2   0x080002b2   0x00000000   Code   RO         8785    .ARM.Collect$$libinit$$0000002E  c_w.l(libinit2.o)
    0x080002b2   0x080002b2   0x00000000   Code   RO         8787    .ARM.Collect$$libinit$$00000030  c_w.l(libinit2.o)
    0x080002b2   0x080002b2   0x00000000   Code   RO         8789    .ARM.Collect$$libinit$$00000032  c_w.l(libinit2.o)
    0x080002b2   0x080002b2   0x00000002   Code   RO         8790    .ARM.Collect$$libinit$$00000033  c_w.l(libinit2.o)
    0x080002b4   0x080002b4   0x00000002   Code   RO         8837    .ARM.Collect$$libshutdown$$00000000  c_w.l(libshutdown.o)
    0x080002b6   0x080002b6   0x00000000   Code   RO         8855    .ARM.Collect$$libshutdown$$00000002  c_w.l(libshutdown2.o)
    0x080002b6   0x080002b6   0x00000000   Code   RO         8857    .ARM.Collect$$libshutdown$$00000004  c_w.l(libshutdown2.o)
    0x080002b6   0x080002b6   0x00000000   Code   RO         8859    .ARM.Collect$$libshutdown$$00000006  c_w.l(libshutdown2.o)
    0x080002b6   0x080002b6   0x00000000   Code   RO         8862    .ARM.Collect$$libshutdown$$00000009  c_w.l(libshutdown2.o)
    0x080002b6   0x080002b6   0x00000000   Code   RO         8865    .ARM.Collect$$libshutdown$$0000000C  c_w.l(libshutdown2.o)
    0x080002b6   0x080002b6   0x00000000   Code   RO         8867    .ARM.Collect$$libshutdown$$0000000E  c_w.l(libshutdown2.o)
    0x080002b6   0x080002b6   0x00000000   Code   RO         8870    .ARM.Collect$$libshutdown$$00000011  c_w.l(libshutdown2.o)
    0x080002b6   0x080002b6   0x00000002   Code   RO         8871    .ARM.Collect$$libshutdown$$00000012  c_w.l(libshutdown2.o)
    0x080002b8   0x080002b8   0x00000000   Code   RO         8644    .ARM.Collect$$rtentry$$00000000  c_w.l(__rtentry.o)
    0x080002b8   0x080002b8   0x00000000   Code   RO         8668    .ARM.Collect$$rtentry$$00000002  c_w.l(__rtentry2.o)
    0x080002b8   0x080002b8   0x00000006   Code   RO         8680    .ARM.Collect$$rtentry$$00000004  c_w.l(__rtentry4.o)
    0x080002be   0x080002be   0x00000000   Code   RO         8670    .ARM.Collect$$rtentry$$00000009  c_w.l(__rtentry2.o)
    0x080002be   0x080002be   0x00000004   Code   RO         8671    .ARM.Collect$$rtentry$$0000000A  c_w.l(__rtentry2.o)
    0x080002c2   0x080002c2   0x00000000   Code   RO         8673    .ARM.Collect$$rtentry$$0000000C  c_w.l(__rtentry2.o)
    0x080002c2   0x080002c2   0x00000008   Code   RO         8674    .ARM.Collect$$rtentry$$0000000D  c_w.l(__rtentry2.o)
    0x080002ca   0x080002ca   0x00000002   Code   RO         8791    .ARM.Collect$$rtexit$$00000000  c_w.l(rtexit.o)
    0x080002cc   0x080002cc   0x00000000   Code   RO         8806    .ARM.Collect$$rtexit$$00000002  c_w.l(rtexit2.o)
    0x080002cc   0x080002cc   0x00000004   Code   RO         8807    .ARM.Collect$$rtexit$$00000003  c_w.l(rtexit2.o)
    0x080002d0   0x080002d0   0x00000006   Code   RO         8808    .ARM.Collect$$rtexit$$00000004  c_w.l(rtexit2.o)
    0x080002d6   0x080002d6   0x00000002   PAD
    0x080002d8   0x080002d8   0x000000be   Code   RO         7247    .emb_text           port.o
    0x08000396   0x08000396   0x00000002   PAD
    0x08000398   0x08000398   0x00000040   Code   RO            4    .text               startup_stm32g474xx.o
    0x080003d8   0x080003d8   0x000000ee   Code   RO         8593    .text               c_w.l(lludivv7m.o)
    0x080004c6   0x080004c6   0x00000002   PAD
    0x080004c8   0x080004c8   0x00000038   Code   RO         8595    .text               c_w.l(__2snprintf.o)
    0x08000500   0x08000500   0x00000078   Code   RO         8601    .text               c_w.l(_printf_dec.o)
    0x08000578   0x08000578   0x00000188   Code   RO         8620    .text               c_w.l(__printf_flags_ss_wp.o)
    0x08000700   0x08000700   0x0000008a   Code   RO         8626    .text               c_w.l(rt_memcpy_v6.o)
    0x0800078a   0x0800078a   0x00000064   Code   RO         8628    .text               c_w.l(rt_memcpy_w.o)
    0x080007ee   0x080007ee   0x00000010   Code   RO         8632    .text               c_w.l(aeabi_memset.o)
    0x080007fe   0x080007fe   0x0000004e   Code   RO         8634    .text               c_w.l(rt_memclr_w.o)
    0x0800084c   0x0800084c   0x00000006   Code   RO         8636    .text               c_w.l(heapauxi.o)
    0x08000852   0x08000852   0x000000b2   Code   RO         8649    .text               c_w.l(_printf_intcommon.o)
    0x08000904   0x08000904   0x0000041e   Code   RO         8651    .text               c_w.l(_printf_fp_dec.o)
    0x08000d22   0x08000d22   0x00000002   PAD
    0x08000d24   0x08000d24   0x00000030   Code   RO         8653    .text               c_w.l(_printf_char_common.o)
    0x08000d54   0x08000d54   0x0000000a   Code   RO         8655    .text               c_w.l(_sputc.o)
    0x08000d5e   0x08000d5e   0x00000010   Code   RO         8657    .text               c_w.l(_snputc.o)
    0x08000d6e   0x08000d6e   0x00000044   Code   RO         8660    .text               c_w.l(rt_memclr.o)
    0x08000db2   0x08000db2   0x00000002   PAD
    0x08000db4   0x08000db4   0x00000008   Code   RO         8687    .text               c_w.l(rt_locale_intlibspace.o)
    0x08000dbc   0x08000dbc   0x0000008a   Code   RO         8689    .text               c_w.l(lludiv10.o)
    0x08000e46   0x08000e46   0x00000002   PAD
    0x08000e48   0x08000e48   0x00000080   Code   RO         8691    .text               c_w.l(_printf_fp_infnan.o)
    0x08000ec8   0x08000ec8   0x000000e4   Code   RO         8695    .text               c_w.l(bigflt0.o)
    0x08000fac   0x08000fac   0x00000008   Code   RO         8727    .text               c_w.l(libspace.o)
    0x08000fb4   0x08000fb4   0x0000004a   Code   RO         8730    .text               c_w.l(sys_stackheap_outer.o)
    0x08000ffe   0x08000ffe   0x00000012   Code   RO         8732    .text               c_w.l(exit.o)
    0x08001010   0x08001010   0x00000080   Code   RO         8738    .text               c_w.l(strcmpv7m.o)
    0x08001090   0x08001090   0x0000000c   Code   RO         8803    .text               c_w.l(sys_exit.o)
    0x0800109c   0x0800109c   0x00000002   Code   RO         8824    .text               c_w.l(use_no_semi.o)
    0x0800109e   0x0800109e   0x00000000   Code   RO         8826    .text               c_w.l(indicate_semi.o)
    0x0800109e   0x0800109e   0x0000003e   Code   RO         8698    CL$$btod_d2e        c_w.l(btod.o)
    0x080010dc   0x080010dc   0x00000046   Code   RO         8700    CL$$btod_d2e_denorm_low  c_w.l(btod.o)
    0x08001122   0x08001122   0x00000060   Code   RO         8699    CL$$btod_d2e_norm_op1  c_w.l(btod.o)
    0x08001182   0x08001182   0x00000338   Code   RO         8708    CL$$btod_div_common  c_w.l(btod.o)
    0x080014ba   0x080014ba   0x000000dc   Code   RO         8705    CL$$btod_e2e        c_w.l(btod.o)
    0x08001596   0x08001596   0x0000002a   Code   RO         8702    CL$$btod_ediv       c_w.l(btod.o)
    0x080015c0   0x080015c0   0x0000002a   Code   RO         8701    CL$$btod_emul       c_w.l(btod.o)
    0x080015ea   0x080015ea   0x00000244   Code   RO         8707    CL$$btod_mult_common  c_w.l(btod.o)
    0x0800182e   0x0800182e   0x00000002   PAD
    0x08001830   0x08001830   0x000000f4   Code   RO         2162    i.ADC_ConversionStop  stm32g4xx_hal_adc.o
    0x08001924   0x08001924   0x0000007e   Code   RO         2163    i.ADC_DMAConvCplt   stm32g4xx_hal_adc.o
    0x080019a2   0x080019a2   0x0000001a   Code   RO         2164    i.ADC_DMAError      stm32g4xx_hal_adc.o
    0x080019bc   0x080019bc   0x0000000a   Code   RO         2165    i.ADC_DMAHalfConvCplt  stm32g4xx_hal_adc.o
    0x080019c6   0x080019c6   0x00000002   PAD
    0x080019c8   0x080019c8   0x00000084   Code   RO         2166    i.ADC_Disable       stm32g4xx_hal_adc.o
    0x08001a4c   0x08001a4c   0x000000e4   Code   RO         2167    i.ADC_Enable        stm32g4xx_hal_adc.o
    0x08001b30   0x08001b30   0x000000cc   Code   RO         7330    i.AdcMeasure_CalibrateCurrentZero  adc_measure.o
    0x08001bfc   0x08001bfc   0x00000060   Code   RO         7331    i.AdcMeasure_ConfigAdc1Channels  adc_measure.o
    0x08001c5c   0x08001c5c   0x0000005c   Code   RO         7332    i.AdcMeasure_ConfigAdc2Channels  adc_measure.o
    0x08001cb8   0x08001cb8   0x0000004c   Code   RO         7333    i.AdcMeasure_CopyAdc1Raw  adc_measure.o
    0x08001d04   0x08001d04   0x00000038   Code   RO         7334    i.AdcMeasure_CopyAdc2Raw  adc_measure.o
    0x08001d3c   0x08001d3c   0x00000012   Code   RO         7335    i.AdcMeasure_CurrentFromVoltage  adc_measure.o
    0x08001d4e   0x08001d4e   0x00000002   PAD
    0x08001d50   0x08001d50   0x00000220   Code   RO         7336    i.AdcMeasure_Process  adc_measure.o
    0x08001f70   0x08001f70   0x00000024   Code   RO         7337    i.AdcMeasure_RawToVoltage  adc_measure.o
    0x08001f94   0x08001f94   0x00000038   Code   RO         7338    i.AdcMeasure_Start  adc_measure.o
    0x08001fcc   0x08001fcc   0x00000048   Code   RO         7339    i.AdcMeasure_StartAdc1  adc_measure.o
    0x08002014   0x08002014   0x00000048   Code   RO         7340    i.AdcMeasure_StartAdc2  adc_measure.o
    0x0800205c   0x0800205c   0x0000001c   Code   RO         7341    i.AdcMeasure_StartTim7  adc_measure.o
    0x08002078   0x08002078   0x00000010   Code   RO         7431    i.AppControl_Abs    app_control.o
    0x08002088   0x08002088   0x000000ac   Code   RO         7432    i.AppControl_ApplyDebugState  app_control.o
    0x08002134   0x08002134   0x000000a4   Code   RO         7433    i.AppControl_CaptureDrvFault  app_control.o
    0x080021d8   0x080021d8   0x00000218   Code   RO         7434    i.AppControl_CaptureDrvPinFaultMoment  app_control.o
    0x080023f0   0x080023f0   0x00000054   Code   RO         7435    i.AppControl_CaptureDrvSleepRegs  app_control.o
    0x08002444   0x08002444   0x000000d0   Code   RO         7436    i.AppControl_CaptureDrvStartupRegs  app_control.o
    0x08002514   0x08002514   0x000000ac   Code   RO         7437    i.AppControl_CapturePeriodicDrvRegs  app_control.o
    0x080025c0   0x080025c0   0x00000010   Code   RO         7438    i.AppControl_CellDrvError  app_control.o
    0x080025d0   0x080025d0   0x0000000c   Code   RO         7439    i.AppControl_CellFirstDrv  app_control.o
    0x080025dc   0x080025dc   0x00000024   Code   RO         7440    i.AppControl_CellHardwareOk  app_control.o
    0x08002600   0x08002600   0x0000009c   Code   RO         7441    i.AppControl_CheckDrvFaults  app_control.o
    0x0800269c   0x0800269c   0x00000002   Code   RO         7442    i.AppControl_CheckVoltageFaults  app_control.o
    0x0800269e   0x0800269e   0x00000020   Code   RO         7443    i.AppControl_Clamp  app_control.o
    0x080026be   0x080026be   0x00000036   Code   RO         7444    i.AppControl_CommitDrvRegsToDebug  app_control.o
    0x080026f4   0x080026f4   0x0000002c   Code   RO         7445    i.AppControl_DrvExpectedReg  app_control.o
    0x08002720   0x08002720   0x00000010   Code   RO         7446    i.AppControl_DrvFaultRequiresStop  app_control.o
    0x08002730   0x08002730   0x00000054   Code   RO         7447    i.AppControl_DrvRegSampleIsInvalid  app_control.o
    0x08002784   0x08002784   0x0000001c   Code   RO         7448    i.AppControl_DrvRegSamplesEqual  app_control.o
    0x080027a0   0x080027a0   0x0000024c   Code   RO         7449    i.AppControl_Init   app_control.o
    0x080029ec   0x080029ec   0x0000001c   Code   RO         7450    i.AppControl_IsTempSensorError  app_control.o
    0x08002a08   0x08002a08   0x00000010   Code   RO         7451    i.AppControl_Lock   app_control.o
    0x08002a18   0x08002a18   0x00000038   Code   RO         7452    i.AppControl_PostCommand  app_control.o
    0x08002a50   0x08002a50   0x000000f4   Code   RO         7453    i.AppControl_PrepareDrv  app_control.o
    0x08002b44   0x08002b44   0x00000040   Code   RO         7454    i.AppControl_ProcessCommands  app_control.o
    0x08002b84   0x08002b84   0x000000c4   Code   RO         7455    i.AppControl_ReadAllDrvRegsRaw  app_control.o
    0x08002c48   0x08002c48   0x00000050   Code   RO         7456    i.AppControl_ReadDrvRegsLocal  app_control.o
    0x08002c98   0x08002c98   0x00000064   Code   RO         7457    i.AppControl_ReadDrvRegsToDebug  app_control.o
    0x08002cfc   0x08002cfc   0x000000e8   Code   RO         7458    i.AppControl_ReadDrvRegsToDebugStableRetry  app_control.o
    0x08002de4   0x08002de4   0x00000030   Code   RO         7459    i.AppControl_RequestTempSensorReset  app_control.o
    0x08002e14   0x08002e14   0x00000228   Code   RO         7460    i.AppControl_RunClosedLoop  app_control.o
    0x0800303c   0x0800303c   0x000000a4   Code   RO         7461    i.AppControl_ServiceErrorDisplayTimeout  app_control.o
    0x080030e0   0x080030e0   0x0000003c   Code   RO         7462    i.AppControl_ServiceTempSensorReset  app_control.o
    0x0800311c   0x0800311c   0x00000050   Code   RO         7463    i.AppControl_SetCellError  app_control.o
    0x0800316c   0x0800316c   0x000000e4   Code   RO         7464    i.AppControl_SetDrvDuty  app_control.o
    0x08003250   0x08003250   0x00000018   Code   RO         7465    i.AppControl_SharedDrvNeeded  app_control.o
    0x08003268   0x08003268   0x00000048   Code   RO         7466    i.AppControl_SleepDrv  app_control.o
    0x080032b0   0x080032b0   0x00000140   Code   RO         7467    i.AppControl_StartCell  app_control.o
    0x080033f0   0x080033f0   0x000000cc   Code   RO         7468    i.AppControl_StopCell  app_control.o
    0x080034bc   0x080034bc   0x000001e8   Code   RO         7469    i.AppControl_Task   app_control.o
    0x080036a4   0x080036a4   0x00000030   Code   RO         7470    i.AppControl_TempInputIsFresh  app_control.o
    0x080036d4   0x080036d4   0x00000024   Code   RO         7471    i.AppControl_TempSensorError  app_control.o
    0x080036f8   0x080036f8   0x0000000c   Code   RO         7472    i.AppControl_Unlock  app_control.o
    0x08003704   0x08003704   0x00000070   Code   RO         7473    i.AppControl_UpdatePanel  app_control.o
    0x08003774   0x08003774   0x00000268   Code   RO         7474    i.AppControl_UpdateTemperatureInputs  app_control.o
    0x080039dc   0x080039dc   0x00000058   Code   RO          389    i.App_StartSynchronizedPwmTimebase  app_freertos.o
    0x08003a34   0x08003a34   0x00000010   Code   RO          390    i.App_TIM_BaseStartIfStopped  app_freertos.o
    0x08003a44   0x08003a44   0x00000002   Code   RO          855    i.BusFault_Handler  stm32g4xx_it.o
    0x08003a46   0x08003a46   0x00000002   PAD
    0x08003a48   0x08003a48   0x0000002c   Code   RO         8383    i.CalibMode_CRC16   calib_mode.o
    0x08003a74   0x08003a74   0x00000024   Code   RO         8384    i.CalibMode_CalcStableAverageCh  calib_mode.o
    0x08003a98   0x08003a98   0x00000124   Code   RO         8385    i.CalibMode_FinishStep  calib_mode.o
    0x08003bbc   0x08003bbc   0x0000003c   Code   RO         8386    i.CalibMode_GetCellTemp  calib_mode.o
    0x08003bf8   0x08003bf8   0x0000007c   Code   RO         8387    i.CalibMode_GetWindowSpan  calib_mode.o
    0x08003c74   0x08003c74   0x00000034   Code   RO         8388    i.CalibMode_InitStep  calib_mode.o
    0x08003ca8   0x08003ca8   0x00000028   Code   RO         8389    i.CalibMode_IsNewTempData  calib_mode.o
    0x08003cd0   0x08003cd0   0x00000018   Code   RO         8390    i.CalibMode_IsWindowFull  calib_mode.o
    0x08003ce8   0x08003ce8   0x00000028   Code   RO         8392    i.CalibMode_PushWindow  calib_mode.o
    0x08003d10   0x08003d10   0x0000005c   Code   RO         8393    i.CalibMode_SetStepDuty  calib_mode.o
    0x08003d6c   0x08003d6c   0x00000048   Code   RO         8394    i.CalibMode_Start   calib_mode.o
    0x08003db4   0x08003db4   0x00000020   Code   RO         8395    i.CalibMode_StepDuty  calib_mode.o
    0x08003dd4   0x08003dd4   0x000001fc   Code   RO         8397    i.CalibMode_Task    calib_mode.o
    0x08003fd0   0x08003fd0   0x0000002c   Code   RO         8398    i.CalibMode_UartSend  calib_mode.o
    0x08003ffc   0x08003ffc   0x00000088   Code   RO         8399    i.CalibMode_WriteToFlash  calib_mode.o
    0x08004084   0x08004084   0x000000a0   Code   RO           13    i.CheckKeyHoldEvents  main.o
    0x08004124   0x08004124   0x00000038   Code   RO         7475    i.Control_SetTargetTemp  app_control.o
    0x0800415c   0x0800415c   0x00000008   Code   RO         7476    i.Control_StartPid  app_control.o
    0x08004164   0x08004164   0x00000008   Code   RO         7477    i.Control_StopPid   app_control.o
    0x0800416c   0x0800416c   0x0000000c   Code   RO          856    i.DMA1_Channel1_IRQHandler  stm32g4xx_it.o
    0x08004178   0x08004178   0x0000000c   Code   RO          857    i.DMA1_Channel2_IRQHandler  stm32g4xx_it.o
    0x08004184   0x08004184   0x0000000c   Code   RO          858    i.DMA1_Channel3_IRQHandler  stm32g4xx_it.o
    0x08004190   0x08004190   0x00000040   Code   RO         3536    i.DMA_CalcDMAMUXChannelBaseAndMask  stm32g4xx_hal_dma.o
    0x080041d0   0x080041d0   0x00000024   Code   RO         3537    i.DMA_CalcDMAMUXRequestGenBaseAndMask  stm32g4xx_hal_dma.o
    0x080041f4   0x080041f4   0x00000042   Code   RO         3538    i.DMA_SetConfig     stm32g4xx_hal_dma.o
    0x08004236   0x08004236   0x00000034   Code   RO         7888    i.DRV8703_BoardApplyDefaultConfig  drv8703_board.o
    0x0800426a   0x0800426a   0x00000002   PAD
    0x0800426c   0x0800426c   0x00000044   Code   RO         7889    i.DRV8703_BoardDeselectAll  drv8703_board.o
    0x080042b0   0x080042b0   0x0000001c   Code   RO         7890    i.DRV8703_BoardGet  drv8703_board.o
    0x080042cc   0x080042cc   0x0000003c   Code   RO         7892    i.DRV8703_BoardInitOne  drv8703_board.o
    0x08004308   0x08004308   0x000000b6   Code   RO         7727    i.DRV8703_CheckFaultPins  drv8703.o
    0x080043be   0x080043be   0x00000028   Code   RO         7728    i.DRV8703_ClearFault  drv8703.o
    0x080043e6   0x080043e6   0x000000a8   Code   RO         7729    i.DRV8703_Configure  drv8703.o
    0x0800448e   0x0800448e   0x0000000a   Code   RO         7730    i.DRV8703_CsHigh    drv8703.o
    0x08004498   0x08004498   0x0000000a   Code   RO         7731    i.DRV8703_CsLow     drv8703.o
    0x080044a2   0x080044a2   0x00000048   Code   RO         7734    i.DRV8703_DefaultDeviceConfig  drv8703.o
    0x080044ea   0x080044ea   0x00000002   PAD
    0x080044ec   0x080044ec   0x00000030   Code   RO         7736    i.DRV8703_DutyToCompare  drv8703.o
    0x0800451c   0x0800451c   0x0000007c   Code   RO         7737    i.DRV8703_Init      drv8703.o
    0x08004598   0x08004598   0x00000084   Code   RO         7738    i.DRV8703_InitSafeState  drv8703.o
    0x0800461c   0x0800461c   0x00000020   Code   RO         7739    i.DRV8703_IsValidDevice  drv8703.o
    0x0800463c   0x0800463c   0x00000020   Code   RO         7740    i.DRV8703_LimitFloat  drv8703.o
    0x0800465c   0x0800465c   0x00000008   Code   RO         7741    i.DRV8703_Lock      drv8703.o
    0x08004664   0x08004664   0x0000004a   Code   RO         7743    i.DRV8703_ReadReg   drv8703.o
    0x080046ae   0x080046ae   0x0000008c   Code   RO         7744    i.DRV8703_SetDuty   drv8703.o
    0x0800473a   0x0800473a   0x00000032   Code   RO         7745    i.DRV8703_SetPwmRaw  drv8703.o
    0x0800476c   0x0800476c   0x0000004a   Code   RO         7746    i.DRV8703_SetVrefMv  drv8703.o
    0x080047b6   0x080047b6   0x00000026   Code   RO         7747    i.DRV8703_Sleep     drv8703.o
    0x080047dc   0x080047dc   0x00000088   Code   RO         7748    i.DRV8703_Transfer16  drv8703.o
    0x08004864   0x08004864   0x00000008   Code   RO         7749    i.DRV8703_Unlock    drv8703.o
    0x0800486c   0x0800486c   0x0000002e   Code   RO         7750    i.DRV8703_Wake      drv8703.o
    0x0800489a   0x0800489a   0x00000034   Code   RO         7751    i.DRV8703_WriteReg  drv8703.o
    0x080048ce   0x080048ce   0x00000002   Code   RO          859    i.DebugMon_Handler  stm32g4xx_it.o
    0x080048d0   0x080048d0   0x00000004   Code   RO           16    i.Error_Handler     main.o
    0x080048d4   0x080048d4   0x0000005c   Code   RO         3225    i.FLASH_FlushCaches  stm32g4xx_hal_flash_ex.o
    0x08004930   0x08004930   0x0000003c   Code   RO         3226    i.FLASH_MassErase   stm32g4xx_hal_flash_ex.o
    0x0800496c   0x0800496c   0x0000004c   Code   RO         3239    i.FLASH_PageErase   stm32g4xx_hal_flash_ex.o
    0x080049b8   0x080049b8   0x0000001c   Code   RO         3116    i.FLASH_Program_DoubleWord  stm32g4xx_hal_flash.o
    0x080049d4   0x080049d4   0x0000002c   Code   RO         3117    i.FLASH_Program_Fast  stm32g4xx_hal_flash.o
    0x08004a00   0x08004a00   0x00000068   Code   RO         3118    i.FLASH_WaitForLastOperation  stm32g4xx_hal_flash.o
    0x08004a68   0x08004a68   0x00000030   Code   RO         8510    i.FlashStorage_DoErasePage  flash_storage.o
    0x08004a98   0x08004a98   0x00000030   Code   RO         8512    i.FlashStorage_ErasePage  flash_storage.o
    0x08004ac8   0x08004ac8   0x00000030   Code   RO         8513    i.FlashStorage_Init  flash_storage.o
    0x08004af8   0x08004af8   0x00000018   Code   RO         8514    i.FlashStorage_IsErased  flash_storage.o
    0x08004b10   0x08004b10   0x00000020   Code   RO         8515    i.FlashStorage_LockAndReturn  flash_storage.o
    0x08004b30   0x08004b30   0x00000006   Code   RO         8516    i.FlashStorage_OffsetToPage  flash_storage.o
    0x08004b36   0x08004b36   0x00000002   PAD
    0x08004b38   0x08004b38   0x0000000c   Code   RO         8517    i.FlashStorage_PageAddr  flash_storage.o
    0x08004b44   0x08004b44   0x00000014   Code   RO         8518    i.FlashStorage_ProgramDoubleWord  flash_storage.o
    0x08004b58   0x08004b58   0x0000015c   Code   RO         8520    i.FlashStorage_Write  flash_storage.o
    0x08004cb4   0x08004cb4   0x0000009c   Code   RO         2405    i.HAL_ADCEx_Calibration_Start  stm32g4xx_hal_adc_ex.o
    0x08004d50   0x08004d50   0x0000016c   Code   RO         2422    i.HAL_ADCEx_MultiModeConfigChannel  stm32g4xx_hal_adc_ex.o
    0x08004ebc   0x08004ebc   0x00000480   Code   RO         2169    i.HAL_ADC_ConfigChannel  stm32g4xx_hal_adc.o
    0x0800533c   0x0800533c   0x00000034   Code   RO         7342    i.HAL_ADC_ConvCpltCallback  adc_measure.o
    0x08005370   0x08005370   0x00000002   Code   RO         2171    i.HAL_ADC_ConvHalfCpltCallback  stm32g4xx_hal_adc.o
    0x08005372   0x08005372   0x00000002   PAD
    0x08005374   0x08005374   0x00000028   Code   RO         7343    i.HAL_ADC_ErrorCallback  adc_measure.o
    0x0800539c   0x0800539c   0x00000244   Code   RO         2178    i.HAL_ADC_Init      stm32g4xx_hal_adc.o
    0x080055e0   0x080055e0   0x000001f8   Code   RO          495    i.HAL_ADC_MspInit   adc.o
    0x080057d8   0x080057d8   0x00000130   Code   RO         2186    i.HAL_ADC_Start_DMA  stm32g4xx_hal_adc.o
    0x08005908   0x08005908   0x0000007e   Code   RO         2190    i.HAL_ADC_Stop_DMA  stm32g4xx_hal_adc.o
    0x08005986   0x08005986   0x00000002   Code   RO         4339    i.HAL_DACEx_DMAUnderrunCallbackCh2  stm32g4xx_hal_dac_ex.o
    0x08005988   0x08005988   0x000001e8   Code   RO         4193    i.HAL_DAC_ConfigChannel  stm32g4xx_hal_dac.o
    0x08005b70   0x08005b70   0x00000002   Code   RO         4196    i.HAL_DAC_DMAUnderrunCallbackCh1  stm32g4xx_hal_dac.o
    0x08005b72   0x08005b72   0x00000068   Code   RO         4202    i.HAL_DAC_IRQHandler  stm32g4xx_hal_dac.o
    0x08005bda   0x08005bda   0x0000002a   Code   RO         4203    i.HAL_DAC_Init      stm32g4xx_hal_dac.o
    0x08005c04   0x08005c04   0x000000b4   Code   RO          544    i.HAL_DAC_MspInit   dac.o
    0x08005cb8   0x08005cb8   0x0000003c   Code   RO         4206    i.HAL_DAC_SetValue  stm32g4xx_hal_dac.o
    0x08005cf4   0x08005cf4   0x00000088   Code   RO         4207    i.HAL_DAC_Start     stm32g4xx_hal_dac.o
    0x08005d7c   0x08005d7c   0x00000068   Code   RO         3539    i.HAL_DMA_Abort     stm32g4xx_hal_dma.o
    0x08005de4   0x08005de4   0x00000076   Code   RO         3540    i.HAL_DMA_Abort_IT  stm32g4xx_hal_dma.o
    0x08005e5a   0x08005e5a   0x00000004   Code   RO         3542    i.HAL_DMA_GetError  stm32g4xx_hal_dma.o
    0x08005e5e   0x08005e5e   0x000000cc   Code   RO         3544    i.HAL_DMA_IRQHandler  stm32g4xx_hal_dma.o
    0x08005f2a   0x08005f2a   0x00000002   PAD
    0x08005f2c   0x08005f2c   0x000000c0   Code   RO         3545    i.HAL_DMA_Init      stm32g4xx_hal_dma.o
    0x08005fec   0x08005fec   0x00000090   Code   RO         3549    i.HAL_DMA_Start_IT  stm32g4xx_hal_dma.o
    0x0800607c   0x0800607c   0x00000024   Code   RO         2626    i.HAL_Delay         stm32g4xx_hal.o
    0x080060a0   0x080060a0   0x000000f8   Code   RO         3243    i.HAL_FLASHEx_Erase  stm32g4xx_hal_flash_ex.o
    0x08006198   0x08006198   0x0000001c   Code   RO         3122    i.HAL_FLASH_Lock    stm32g4xx_hal_flash.o
    0x080061b4   0x080061b4   0x000000b4   Code   RO         3127    i.HAL_FLASH_Program  stm32g4xx_hal_flash.o
    0x08006268   0x08006268   0x00000028   Code   RO         3129    i.HAL_FLASH_Unlock  stm32g4xx_hal_flash.o
    0x08006290   0x08006290   0x000001b0   Code   RO         3401    i.HAL_GPIO_Init     stm32g4xx_hal_gpio.o
    0x08006440   0x08006440   0x0000000e   Code   RO         3403    i.HAL_GPIO_ReadPin  stm32g4xx_hal_gpio.o
    0x0800644e   0x0800644e   0x00000010   Code   RO         3404    i.HAL_GPIO_TogglePin  stm32g4xx_hal_gpio.o
    0x0800645e   0x0800645e   0x0000000c   Code   RO         3405    i.HAL_GPIO_WritePin  stm32g4xx_hal_gpio.o
    0x0800646a   0x0800646a   0x00000002   PAD
    0x0800646c   0x0800646c   0x0000000c   Code   RO         2630    i.HAL_GetTick       stm32g4xx_hal.o
    0x08006478   0x08006478   0x00000010   Code   RO         2636    i.HAL_IncTick       stm32g4xx_hal.o
    0x08006488   0x08006488   0x0000001e   Code   RO         2637    i.HAL_Init          stm32g4xx_hal.o
    0x080064a6   0x080064a6   0x00000002   PAD
    0x080064a8   0x080064a8   0x00000088   Code   RO          967    i.HAL_InitTick      stm32g4xx_hal_timebase_tim.o
    0x08006530   0x08006530   0x0000003c   Code   RO          943    i.HAL_MspInit       stm32g4xx_hal_msp.o
    0x0800656c   0x0800656c   0x0000001a   Code   RO         4050    i.HAL_NVIC_EnableIRQ  stm32g4xx_hal_cortex.o
    0x08006586   0x08006586   0x00000002   PAD
    0x08006588   0x08006588   0x00000040   Code   RO         4056    i.HAL_NVIC_SetPriority  stm32g4xx_hal_cortex.o
    0x080065c8   0x080065c8   0x00000024   Code   RO         4057    i.HAL_NVIC_SetPriorityGrouping  stm32g4xx_hal_cortex.o
    0x080065ec   0x080065ec   0x0000011c   Code   RO         4481    i.HAL_OPAMP_Init    stm32g4xx_hal_opamp.o
    0x08006708   0x08006708   0x0000011c   Code   RO          622    i.HAL_OPAMP_MspInit  opamp.o
    0x08006824   0x08006824   0x00000036   Code   RO         4487    i.HAL_OPAMP_Start   stm32g4xx_hal_opamp.o
    0x0800685a   0x0800685a   0x00000002   PAD
    0x0800685c   0x0800685c   0x000000cc   Code   RO         3804    i.HAL_PWREx_ControlVoltageScaling  stm32g4xx_hal_pwr_ex.o
    0x08006928   0x08006928   0x00000010   Code   RO         3816    i.HAL_PWREx_DisableUCPDDeadBattery  stm32g4xx_hal_pwr_ex.o
    0x08006938   0x08006938   0x00000310   Code   RO         3002    i.HAL_RCCEx_PeriphCLKConfig  stm32g4xx_hal_rcc_ex.o
    0x08006c48   0x08006c48   0x000001c8   Code   RO         2872    i.HAL_RCC_ClockConfig  stm32g4xx_hal_rcc.o
    0x08006e10   0x08006e10   0x0000003c   Code   RO         2877    i.HAL_RCC_GetClockConfig  stm32g4xx_hal_rcc.o
    0x08006e4c   0x08006e4c   0x0000000c   Code   RO         2878    i.HAL_RCC_GetHCLKFreq  stm32g4xx_hal_rcc.o
    0x08006e58   0x08006e58   0x00000024   Code   RO         2880    i.HAL_RCC_GetPCLK1Freq  stm32g4xx_hal_rcc.o
    0x08006e7c   0x08006e7c   0x00000024   Code   RO         2881    i.HAL_RCC_GetPCLK2Freq  stm32g4xx_hal_rcc.o
    0x08006ea0   0x08006ea0   0x00000074   Code   RO         2882    i.HAL_RCC_GetSysClockFreq  stm32g4xx_hal_rcc.o
    0x08006f14   0x08006f14   0x00000450   Code   RO         2885    i.HAL_RCC_OscConfig  stm32g4xx_hal_rcc.o
    0x08007364   0x08007364   0x00000094   Code   RO         5361    i.HAL_RS485Ex_Init  stm32g4xx_hal_uart_ex.o
    0x080073f8   0x080073f8   0x000000ec   Code   RO         4597    i.HAL_SPI_Init      stm32g4xx_hal_spi.o
    0x080074e4   0x080074e4   0x000000c0   Code   RO          688    i.HAL_SPI_MspInit   spi.o
    0x080075a4   0x080075a4   0x0000027c   Code   RO         4606    i.HAL_SPI_TransmitReceive  stm32g4xx_hal_spi.o
    0x08007820   0x08007820   0x00000002   Code   RO         1733    i.HAL_TIMEx_Break2Callback  stm32g4xx_hal_tim_ex.o
    0x08007822   0x08007822   0x00000002   Code   RO         1734    i.HAL_TIMEx_BreakCallback  stm32g4xx_hal_tim_ex.o
    0x08007824   0x08007824   0x00000002   Code   RO         1735    i.HAL_TIMEx_CommutCallback  stm32g4xx_hal_tim_ex.o
    0x08007826   0x08007826   0x00000002   PAD
    0x08007828   0x08007828   0x000000a8   Code   RO         1738    i.HAL_TIMEx_ConfigBreakDeadTime  stm32g4xx_hal_tim_ex.o
    0x080078d0   0x080078d0   0x00000002   Code   RO         1746    i.HAL_TIMEx_DirectionChangeCallback  stm32g4xx_hal_tim_ex.o
    0x080078d2   0x080078d2   0x00000002   Code   RO         1760    i.HAL_TIMEx_EncoderIndexCallback  stm32g4xx_hal_tim_ex.o
    0x080078d4   0x080078d4   0x00000002   Code   RO         1774    i.HAL_TIMEx_IndexErrorCallback  stm32g4xx_hal_tim_ex.o
    0x080078d6   0x080078d6   0x00000002   PAD
    0x080078d8   0x080078d8   0x000000b8   Code   RO         1775    i.HAL_TIMEx_MasterConfigSynchronization  stm32g4xx_hal_tim_ex.o
    0x08007990   0x08007990   0x00000002   Code   RO         1796    i.HAL_TIMEx_TransitionErrorCallback  stm32g4xx_hal_tim_ex.o
    0x08007992   0x08007992   0x0000004e   Code   RO         1008    i.HAL_TIM_Base_Init  stm32g4xx_hal_tim.o
    0x080079e0   0x080079e0   0x00000094   Code   RO          736    i.HAL_TIM_Base_MspInit  tim.o
    0x08007a74   0x08007a74   0x0000008c   Code   RO         1011    i.HAL_TIM_Base_Start  stm32g4xx_hal_tim.o
    0x08007b00   0x08007b00   0x00000094   Code   RO         1013    i.HAL_TIM_Base_Start_IT  stm32g4xx_hal_tim.o
    0x08007b94   0x08007b94   0x000000f8   Code   RO         1017    i.HAL_TIM_ConfigClockSource  stm32g4xx_hal_tim.o
    0x08007c8c   0x08007c8c   0x00000002   Code   RO         1042    i.HAL_TIM_IC_CaptureCallback  stm32g4xx_hal_tim.o
    0x08007c8e   0x08007c8e   0x000001aa   Code   RO         1056    i.HAL_TIM_IRQHandler  stm32g4xx_hal_tim.o
    0x08007e38   0x08007e38   0x0000010c   Code   RO          737    i.HAL_TIM_MspPostInit  tim.o
    0x08007f44   0x08007f44   0x00000002   Code   RO         1059    i.HAL_TIM_OC_DelayElapsedCallback  stm32g4xx_hal_tim.o
    0x08007f46   0x08007f46   0x00000136   Code   RO         1080    i.HAL_TIM_PWM_ConfigChannel  stm32g4xx_hal_tim.o
    0x0800807c   0x0800807c   0x0000004e   Code   RO         1083    i.HAL_TIM_PWM_Init  stm32g4xx_hal_tim.o
    0x080080ca   0x080080ca   0x00000002   Code   RO         1085    i.HAL_TIM_PWM_MspInit  stm32g4xx_hal_tim.o
    0x080080cc   0x080080cc   0x00000002   Code   RO         1086    i.HAL_TIM_PWM_PulseFinishedCallback  stm32g4xx_hal_tim.o
    0x080080ce   0x080080ce   0x00000002   PAD
    0x080080d0   0x080080d0   0x0000012c   Code   RO         1088    i.HAL_TIM_PWM_Start  stm32g4xx_hal_tim.o
    0x080081fc   0x080081fc   0x00000014   Code   RO           17    i.HAL_TIM_PeriodElapsedCallback  main.o
    0x08008210   0x08008210   0x00000050   Code   RO         1097    i.HAL_TIM_SlaveConfigSynchro  stm32g4xx_hal_tim.o
    0x08008260   0x08008260   0x00000002   Code   RO         1099    i.HAL_TIM_TriggerCallback  stm32g4xx_hal_tim.o
    0x08008262   0x08008262   0x0000003e   Code   RO         5362    i.HAL_UARTEx_DisableFifoMode  stm32g4xx_hal_uart_ex.o
    0x080082a0   0x080082a0   0x00000052   Code   RO         5368    i.HAL_UARTEx_ReceiveToIdle_DMA  stm32g4xx_hal_uart_ex.o
    0x080082f2   0x080082f2   0x00000002   PAD
    0x080082f4   0x080082f4   0x0000005c   Code   RO           18    i.HAL_UARTEx_RxEventCallback  main.o
    0x08008350   0x08008350   0x00000002   Code   RO         5370    i.HAL_UARTEx_RxFifoFullCallback  stm32g4xx_hal_uart_ex.o
    0x08008352   0x08008352   0x0000004c   Code   RO         5371    i.HAL_UARTEx_SetRxFifoThreshold  stm32g4xx_hal_uart_ex.o
    0x0800839e   0x0800839e   0x0000004c   Code   RO         5372    i.HAL_UARTEx_SetTxFifoThreshold  stm32g4xx_hal_uart_ex.o
    0x080083ea   0x080083ea   0x00000002   Code   RO         5374    i.HAL_UARTEx_TxFifoEmptyCallback  stm32g4xx_hal_uart_ex.o
    0x080083ec   0x080083ec   0x00000002   Code   RO         5375    i.HAL_UARTEx_WakeupCallback  stm32g4xx_hal_uart_ex.o
    0x080083ee   0x080083ee   0x00000002   PAD
    0x080083f0   0x080083f0   0x000000b0   Code   RO         4949    i.HAL_UART_AbortReceive  stm32g4xx_hal_uart.o
    0x080084a0   0x080084a0   0x00000024   Code   RO           19    i.HAL_UART_ErrorCallback  main.o
    0x080084c4   0x080084c4   0x00000324   Code   RO         4965    i.HAL_UART_IRQHandler  stm32g4xx_hal_uart.o
    0x080087e8   0x080087e8   0x00000070   Code   RO         4966    i.HAL_UART_Init     stm32g4xx_hal_uart.o
    0x08008858   0x08008858   0x00000178   Code   RO          808    i.HAL_UART_MspInit  usart.o
    0x080089d0   0x080089d0   0x00000002   Code   RO         4973    i.HAL_UART_RxCpltCallback  stm32g4xx_hal_uart.o
    0x080089d2   0x080089d2   0x00000002   Code   RO         4974    i.HAL_UART_RxHalfCpltCallback  stm32g4xx_hal_uart.o
    0x080089d4   0x080089d4   0x000000b8   Code   RO         4975    i.HAL_UART_Transmit  stm32g4xx_hal_uart.o
    0x08008a8c   0x08008a8c   0x00000002   Code   RO         4978    i.HAL_UART_TxCpltCallback  stm32g4xx_hal_uart.o
    0x08008a8e   0x08008a8e   0x00000002   PAD
    0x08008a90   0x08008a90   0x00000030   Code   RO         8187    i.HW_DelayUs        tm1638_board.o
    0x08008ac0   0x08008ac0   0x00000018   Code   RO         8188    i.HW_GetDIO         tm1638_board.o
    0x08008ad8   0x08008ad8   0x00000010   Code   RO         8189    i.HW_SetCLK         tm1638_board.o
    0x08008ae8   0x08008ae8   0x00000010   Code   RO         8190    i.HW_SetDIO         tm1638_board.o
    0x08008af8   0x08008af8   0x00000010   Code   RO         8191    i.HW_SetSTB         tm1638_board.o
    0x08008b08   0x08008b08   0x00000002   Code   RO          860    i.HardFault_Handler  stm32g4xx_it.o
    0x08008b0a   0x08008b0a   0x0000000c   Code   RO         2192    i.LL_ADC_GetOffsetChannel  stm32g4xx_hal_adc.o
    0x08008b16   0x08008b16   0x00000008   Code   RO         2193    i.LL_ADC_INJ_IsConversionOngoing  stm32g4xx_hal_adc.o
    0x08008b1e   0x08008b1e   0x00000008   Code   RO         2194    i.LL_ADC_IsEnabled  stm32g4xx_hal_adc.o
    0x08008b26   0x08008b26   0x00000008   Code   RO         2195    i.LL_ADC_REG_IsConversionOngoing  stm32g4xx_hal_adc.o
    0x08008b2e   0x08008b2e   0x00000008   Code   RO         2433    i.LL_ADC_REG_IsConversionOngoing  stm32g4xx_hal_adc_ex.o
    0x08008b36   0x08008b36   0x00000010   Code   RO         2196    i.LL_ADC_REG_IsTriggerSourceSWStart  stm32g4xx_hal_adc.o
    0x08008b46   0x08008b46   0x0000001e   Code   RO         2198    i.LL_ADC_SetChannelSamplingTime  stm32g4xx_hal_adc.o
    0x08008b64   0x08008b64   0x00000010   Code   RO         2199    i.LL_ADC_SetOffsetState  stm32g4xx_hal_adc.o
    0x08008b74   0x08008b74   0x00000190   Code   RO          496    i.MX_ADC1_Init      adc.o
    0x08008d04   0x08008d04   0x000000f0   Code   RO          497    i.MX_ADC2_Init      adc.o
    0x08008df4   0x08008df4   0x00000058   Code   RO          545    i.MX_DAC1_Init      dac.o
    0x08008e4c   0x08008e4c   0x00000068   Code   RO          546    i.MX_DAC3_Init      dac.o
    0x08008eb4   0x08008eb4   0x00000068   Code   RO          547    i.MX_DAC4_Init      dac.o
    0x08008f1c   0x08008f1c   0x0000005c   Code   RO          597    i.MX_DMA_Init       dma.o
    0x08008f78   0x08008f78   0x0000003c   Code   RO          391    i.MX_FREERTOS_Init  app_freertos.o
    0x08008fb4   0x08008fb4   0x0000019c   Code   RO          365    i.MX_GPIO_Init      gpio.o
    0x08009150   0x08009150   0x00000034   Code   RO          623    i.MX_OPAMP1_Init    opamp.o
    0x08009184   0x08009184   0x00000034   Code   RO          624    i.MX_OPAMP2_Init    opamp.o
    0x080091b8   0x080091b8   0x00000034   Code   RO          625    i.MX_OPAMP3_Init    opamp.o
    0x080091ec   0x080091ec   0x00000034   Code   RO          626    i.MX_OPAMP4_Init    opamp.o
    0x08009220   0x08009220   0x00000034   Code   RO          627    i.MX_OPAMP5_Init    opamp.o
    0x08009254   0x08009254   0x00000050   Code   RO          689    i.MX_SPI1_Init      spi.o
    0x080092a4   0x080092a4   0x00000050   Code   RO          690    i.MX_SPI3_Init      spi.o
    0x080092f4   0x080092f4   0x00000120   Code   RO          738    i.MX_TIM1_Init      tim.o
    0x08009414   0x08009414   0x000000b4   Code   RO          739    i.MX_TIM2_Init      tim.o
    0x080094c8   0x080094c8   0x000000a8   Code   RO          740    i.MX_TIM3_Init      tim.o
    0x08009570   0x08009570   0x00000098   Code   RO          741    i.MX_TIM4_Init      tim.o
    0x08009608   0x08009608   0x00000048   Code   RO          742    i.MX_TIM7_Init      tim.o
    0x08009650   0x08009650   0x0000006c   Code   RO          809    i.MX_USART1_UART_Init  usart.o
    0x080096bc   0x080096bc   0x00000068   Code   RO          810    i.MX_USART2_UART_Init  usart.o
    0x08009724   0x08009724   0x00000002   Code   RO          861    i.MemManage_Handler  stm32g4xx_it.o
    0x08009726   0x08009726   0x00000002   Code   RO          862    i.NMI_Handler       stm32g4xx_it.o
    0x08009728   0x08009728   0x00000006   Code   RO           20    i.OnDownKeyPressed  main.o
    0x0800972e   0x0800972e   0x00000006   Code   RO           21    i.OnEnterKeyPressed  main.o
    0x08009734   0x08009734   0x00000006   Code   RO           22    i.OnModeKeyPressed  main.o
    0x0800973a   0x0800973a   0x00000006   Code   RO           23    i.OnStartStopKeyPressed  main.o
    0x08009740   0x08009740   0x00000006   Code   RO           24    i.OnSwitchKeyPressed  main.o
    0x08009746   0x08009746   0x00000002   PAD
    0x08009748   0x08009748   0x00000048   Code   RO           25    i.OnTM1638Key       main.o
    0x08009790   0x08009790   0x00000006   Code   RO           26    i.OnUpKeyPressed    main.o
    0x08009796   0x08009796   0x00000002   PAD
    0x08009798   0x08009798   0x000000b8   Code   RO         8344    i.PID_Compute       pid_controller.o
    0x08009850   0x08009850   0x0000004c   Code   RO         8345    i.PID_Init          pid_controller.o
    0x0800989c   0x0800989c   0x0000001c   Code   RO         8346    i.PID_Reset         pid_controller.o
    0x080098b8   0x080098b8   0x00000016   Code   RO         8347    i.PID_SetLimits     pid_controller.o
    0x080098ce   0x080098ce   0x0000000a   Code   RO         8348    i.PID_SetTarget     pid_controller.o
    0x080098d8   0x080098d8   0x00000020   Code   RO         7970    i.PanelHW_BlinkOnce  temp_panel.o
    0x080098f8   0x080098f8   0x00000090   Code   RO         7971    i.PanelHW_DisplayError  temp_panel.o
    0x08009988   0x08009988   0x00000040   Code   RO         7972    i.PanelHW_DisplayNumber  temp_panel.o
    0x080099c8   0x080099c8   0x0000000c   Code   RO         7973    i.PanelHW_DisplayTemp  temp_panel.o
    0x080099d4   0x080099d4   0x00000018   Code   RO         7974    i.PanelHW_SetLed    temp_panel.o
    0x080099ec   0x080099ec   0x0000002a   Code   RO         7975    i.PanelKey_FromTM1638  temp_panel.o
    0x08009a16   0x08009a16   0x00000002   PAD
    0x08009a18   0x08009a18   0x00000060   Code   RO         7976    i.Panel_Init        temp_panel.o
    0x08009a78   0x08009a78   0x0000001a   Code   RO           27    i.Parse_Temperature_Buffer  main.o
    0x08009a92   0x08009a92   0x00000002   PAD
    0x08009a94   0x08009a94   0x000000d8   Code   RO           28    i.Parse_Temperature_Byte  main.o
    0x08009b6c   0x08009b6c   0x00000050   Code   RO         2886    i.RCC_GetSysClockFreqFromPLLSource  stm32g4xx_hal_rcc.o
    0x08009bbc   0x08009bbc   0x00000064   Code   RO         4635    i.SPI_EndRxTxTransaction  stm32g4xx_hal_spi.o
    0x08009c20   0x08009c20   0x000000e0   Code   RO         4640    i.SPI_WaitFifoStateUntilTimeout  stm32g4xx_hal_spi.o
    0x08009d00   0x08009d00   0x000000bc   Code   RO         4641    i.SPI_WaitFlagStateUntilTimeout  stm32g4xx_hal_spi.o
    0x08009dbc   0x08009dbc   0x00000058   Code   RO          392    i.StartControlTask  app_freertos.o
    0x08009e14   0x08009e14   0x00000198   Code   RO          393    i.StartHMITask      app_freertos.o
    0x08009fac   0x08009fac   0x0000001a   Code   RO         6667    i.SysTick_Handler   cmsis_os2.o
    0x08009fc6   0x08009fc6   0x00000064   Code   RO           29    i.SystemClock_Config  main.o
    0x0800a02a   0x0800a02a   0x00000002   PAD
    0x0800a02c   0x0800a02c   0x00000010   Code   RO         5486    i.SystemInit        system_stm32g4xx.o
    0x0800a03c   0x0800a03c   0x00000024   Code   RO          863    i.TIM6_DAC_IRQHandler  stm32g4xx_it.o
    0x0800a060   0x0800a060   0x000000e4   Code   RO         1101    i.TIM_Base_SetConfig  stm32g4xx_hal_tim.o
    0x0800a144   0x0800a144   0x0000001a   Code   RO         1102    i.TIM_CCxChannelCmd  stm32g4xx_hal_tim.o
    0x0800a15e   0x0800a15e   0x00000014   Code   RO         1112    i.TIM_ETR_SetConfig  stm32g4xx_hal_tim.o
    0x0800a172   0x0800a172   0x00000002   PAD
    0x0800a174   0x0800a174   0x00000014   Code   RO         1113    i.TIM_ITRx_SetConfig  stm32g4xx_hal_tim.o
    0x0800a188   0x0800a188   0x000000b0   Code   RO         1114    i.TIM_OC1_SetConfig  stm32g4xx_hal_tim.o
    0x0800a238   0x0800a238   0x000000a4   Code   RO         1115    i.TIM_OC2_SetConfig  stm32g4xx_hal_tim.o
    0x0800a2dc   0x0800a2dc   0x000000a4   Code   RO         1116    i.TIM_OC3_SetConfig  stm32g4xx_hal_tim.o
    0x0800a380   0x0800a380   0x000000a4   Code   RO         1117    i.TIM_OC4_SetConfig  stm32g4xx_hal_tim.o
    0x0800a424   0x0800a424   0x00000078   Code   RO         1118    i.TIM_OC5_SetConfig  stm32g4xx_hal_tim.o
    0x0800a49c   0x0800a49c   0x0000007c   Code   RO         1119    i.TIM_OC6_SetConfig  stm32g4xx_hal_tim.o
    0x0800a518   0x0800a518   0x000000d4   Code   RO         1120    i.TIM_SlaveTimer_SetConfig  stm32g4xx_hal_tim.o
    0x0800a5ec   0x0800a5ec   0x00000022   Code   RO         1121    i.TIM_TI1_ConfigInputStage  stm32g4xx_hal_tim.o
    0x0800a60e   0x0800a60e   0x00000024   Code   RO         1123    i.TIM_TI2_ConfigInputStage  stm32g4xx_hal_tim.o
    0x0800a632   0x0800a632   0x00000058   Code   RO         8192    i.TM1638_BusRecover  tm1638_board.o
    0x0800a68a   0x0800a68a   0x00000002   PAD
    0x0800a68c   0x0800a68c   0x000000cc   Code   RO         8193    i.TM1638_CharToSeg  tm1638_board.o
    0x0800a758   0x0800a758   0x00000064   Code   RO         8194    i.TM1638_ClearDisplay  tm1638_board.o
    0x0800a7bc   0x0800a7bc   0x00000068   Code   RO         8195    i.TM1638_HW_Init    tm1638_board.o
    0x0800a824   0x0800a824   0x0000006c   Code   RO         8196    i.TM1638_Init       tm1638_board.o
    0x0800a890   0x0800a890   0x00000144   Code   RO         8197    i.TM1638_ProcessKeys  tm1638_board.o
    0x0800a9d4   0x0800a9d4   0x00000054   Code   RO         8198    i.TM1638_ReadByte   tm1638_board.o
    0x0800aa28   0x0800aa28   0x0000001c   Code   RO         8199    i.TM1638_RegisterKeyCallback  tm1638_board.o
    0x0800aa44   0x0800aa44   0x00000046   Code   RO         8200    i.TM1638_SendByte   tm1638_board.o
    0x0800aa8a   0x0800aa8a   0x00000002   PAD
    0x0800aa8c   0x0800aa8c   0x00000028   Code   RO         8201    i.TM1638_SetAllLEDs  tm1638_board.o
    0x0800aab4   0x0800aab4   0x00000008   Code   RO         8202    i.TM1638_SetBrightness  tm1638_board.o
    0x0800aabc   0x0800aabc   0x00000044   Code   RO         8203    i.TM1638_SetLED     tm1638_board.o
    0x0800ab00   0x0800ab00   0x0000002a   Code   RO         8204    i.TM1638_ShowChar   tm1638_board.o
    0x0800ab2a   0x0800ab2a   0x00000002   PAD
    0x0800ab2c   0x0800ab2c   0x00000028   Code   RO         8205    i.TM1638_ShowDigit  tm1638_board.o
    0x0800ab54   0x0800ab54   0x0000010c   Code   RO         8206    i.TM1638_ShowFloat  tm1638_board.o
    0x0800ac60   0x0800ac60   0x00000032   Code   RO         8207    i.TM1638_ShowString  tm1638_board.o
    0x0800ac92   0x0800ac92   0x00000016   Code   RO         8208    i.TM1638_UpdateDisplayCtrl  tm1638_board.o
    0x0800aca8   0x0800aca8   0x0000004e   Code   RO         8209    i.TM1638_WriteCommand  tm1638_board.o
    0x0800acf6   0x0800acf6   0x00000066   Code   RO         8210    i.TM1638_WriteData  tm1638_board.o
    0x0800ad5c   0x0800ad5c   0x00000098   Code   RO         7977    i.TempPanel_Init    temp_panel.o
    0x0800adf4   0x0800adf4   0x00000334   Code   RO         7978    i.TempPanel_KeyEvent  temp_panel.o
    0x0800b128   0x0800b128   0x0000000e   Code   RO         7979    i.TempPanel_SetCellError  temp_panel.o
    0x0800b136   0x0800b136   0x0000010a   Code   RO         7982    i.TempPanel_Task    temp_panel.o
    0x0800b240   0x0800b240   0x0000002a   Code   RO         7983    i.TempPanel_UpdateMeasuredTemp  temp_panel.o
    0x0800b26a   0x0800b26a   0x00000002   PAD
    0x0800b26c   0x0800b26c   0x00000068   Code   RO           30    i.TemperatureUart_RestartReceive  main.o
    0x0800b2d4   0x0800b2d4   0x00000048   Code   RO         5376    i.UARTEx_SetNbDataToProcess  stm32g4xx_hal_uart_ex.o
    0x0800b31c   0x0800b31c   0x000000c8   Code   RO         4980    i.UART_AdvFeatureConfig  stm32g4xx_hal_uart.o
    0x0800b3e4   0x0800b3e4   0x000000aa   Code   RO         4981    i.UART_CheckIdleState  stm32g4xx_hal_uart.o
    0x0800b48e   0x0800b48e   0x00000014   Code   RO         4982    i.UART_DMAAbortOnError  stm32g4xx_hal_uart.o
    0x0800b4a2   0x0800b4a2   0x00000050   Code   RO         4983    i.UART_DMAError     stm32g4xx_hal_uart.o
    0x0800b4f2   0x0800b4f2   0x00000086   Code   RO         4984    i.UART_DMAReceiveCplt  stm32g4xx_hal_uart.o
    0x0800b578   0x0800b578   0x00000020   Code   RO         4986    i.UART_DMARxHalfCplt  stm32g4xx_hal_uart.o
    0x0800b598   0x0800b598   0x00000054   Code   RO         4992    i.UART_EndRxTransfer  stm32g4xx_hal_uart.o
    0x0800b5ec   0x0800b5ec   0x00000024   Code   RO         4993    i.UART_EndTransmit_IT  stm32g4xx_hal_uart.o
    0x0800b610   0x0800b610   0x0000002e   Code   RO         4994    i.UART_EndTxTransfer  stm32g4xx_hal_uart.o
    0x0800b63e   0x0800b63e   0x00000002   PAD
    0x0800b640   0x0800b640   0x00000310   Code   RO         4999    i.UART_SetConfig    stm32g4xx_hal_uart.o
    0x0800b950   0x0800b950   0x000000a4   Code   RO         5000    i.UART_Start_Receive_DMA  stm32g4xx_hal_uart.o
    0x0800b9f4   0x0800b9f4   0x00000098   Code   RO         5006    i.UART_WaitOnFlagUntilTimeout  stm32g4xx_hal_uart.o
    0x0800ba8c   0x0800ba8c   0x0000000c   Code   RO          864    i.USART1_IRQHandler  stm32g4xx_it.o
    0x0800ba98   0x0800ba98   0x00000002   Code   RO          865    i.UsageFault_Handler  stm32g4xx_it.o
    0x0800ba9a   0x0800ba9a   0x00000030   Code   RO         8725    i.__ARM_fpclassify  m_wm.l(fpclassify.o)
    0x0800baca   0x0800baca   0x00000020   Code   RO         4063    i.__NVIC_SetPriority  stm32g4xx_hal_cortex.o
    0x0800baea   0x0800baea   0x0000000e   Code   RO         8613    i._is_digit         c_w.l(__printf_wp.o)
    0x0800baf8   0x0800baf8   0x00000004   Code   RO         7984    i.active            temp_panel.o
    0x0800bafc   0x0800bafc   0x0000000a   Code   RO         7985    i.cell_is_running   temp_panel.o
    0x0800bb06   0x0800bb06   0x0000003c   Code   RO         7986    i.cell_start_jump   temp_panel.o
    0x0800bb42   0x0800bb42   0x00000060   Code   RO         7987    i.cell_start_program  temp_panel.o
    0x0800bba2   0x0800bba2   0x00000026   Code   RO         7988    i.cell_stop         temp_panel.o
    0x0800bbc8   0x0800bbc8   0x00000020   Code   RO         7989    i.clamp_f           temp_panel.o
    0x0800bbe8   0x0800bbe8   0x0000000e   Code   RO         7990    i.cur_cell          temp_panel.o
    0x0800bbf6   0x0800bbf6   0x00000002   PAD
    0x0800bbf8   0x0800bbf8   0x00000028   Code   RO         7991    i.get_param_max     temp_panel.o
    0x0800bc20   0x0800bc20   0x00000030   Code   RO         7992    i.get_param_min     temp_panel.o
    0x0800bc50   0x0800bc50   0x0000001c   Code   RO         7993    i.get_param_step    temp_panel.o
    0x0800bc6c   0x0800bc6c   0x00000050   Code   RO         7994    i.get_param_value   temp_panel.o
    0x0800bcbc   0x0800bcbc   0x00000118   Code   RO           31    i.main              main.o
    0x0800bdd4   0x0800bdd4   0x0000001c   Code   RO         6669    i.osDelay           cmsis_os2.o
    0x0800bdf0   0x0800bdf0   0x00000010   Code   RO         6681    i.osKernelGetTickCount  cmsis_os2.o
    0x0800be00   0x0800be00   0x00000028   Code   RO         6683    i.osKernelInitialize  cmsis_os2.o
    0x0800be28   0x0800be28   0x00000038   Code   RO         6686    i.osKernelStart     cmsis_os2.o
    0x0800be60   0x0800be60   0x0000006c   Code   RO         6698    i.osMessageQueueGet  cmsis_os2.o
    0x0800becc   0x0800becc   0x0000007c   Code   RO         6703    i.osMessageQueueNew  cmsis_os2.o
    0x0800bf48   0x0800bf48   0x00000070   Code   RO         6704    i.osMessageQueuePut  cmsis_os2.o
    0x0800bfb8   0x0800bfb8   0x0000005c   Code   RO         6706    i.osMutexAcquire    cmsis_os2.o
    0x0800c014   0x0800c014   0x00000098   Code   RO         6709    i.osMutexNew        cmsis_os2.o
    0x0800c0ac   0x0800c0ac   0x00000048   Code   RO         6710    i.osMutexRelease    cmsis_os2.o
    0x0800c0f4   0x0800c0f4   0x000000ba   Code   RO         6728    i.osThreadNew       cmsis_os2.o
    0x0800c1ae   0x0800c1ae   0x0000001c   Code   RO         7995    i.panel_error_is_temp_sensor  temp_panel.o
    0x0800c1ca   0x0800c1ca   0x00000002   PAD
    0x0800c1cc   0x0800c1cc   0x00000060   Code   RO         6104    i.prvAddCurrentTaskToDelayedList  tasks.o
    0x0800c22c   0x0800c22c   0x00000088   Code   RO         6105    i.prvAddNewTaskToReadyList  tasks.o
    0x0800c2b4   0x0800c2b4   0x00000058   Code   RO         6480    i.prvCheckForValidListAndQueue  timers.o
    0x0800c30c   0x0800c30c   0x0000003c   Code   RO         6106    i.prvCheckTasksWaitingTermination  tasks.o
    0x0800c348   0x0800c348   0x00000028   Code   RO         5691    i.prvCopyDataFromQueue  queue.o
    0x0800c370   0x0800c370   0x0000006e   Code   RO         5692    i.prvCopyDataToQueue  queue.o
    0x0800c3de   0x0800c3de   0x00000040   Code   RO         6107    i.prvDeleteTCB      tasks.o
    0x0800c41e   0x0800c41e   0x00000014   Code   RO         5693    i.prvGetDisinheritPriorityAfterTimeout  queue.o
    0x0800c432   0x0800c432   0x00000002   PAD
    0x0800c434   0x0800c434   0x00000024   Code   RO         6481    i.prvGetNextExpireTime  timers.o
    0x0800c458   0x0800c458   0x0000004c   Code   RO         7192    i.prvHeapInit       heap_4.o
    0x0800c4a4   0x0800c4a4   0x00000028   Code   RO         6108    i.prvIdleTask       tasks.o
    0x0800c4cc   0x0800c4cc   0x00000018   Code   RO         5694    i.prvInitialiseMutex  queue.o
    0x0800c4e4   0x0800c4e4   0x00000022   Code   RO         5695    i.prvInitialiseNewQueue  queue.o
    0x0800c506   0x0800c506   0x000000a8   Code   RO         6109    i.prvInitialiseNewTask  tasks.o
    0x0800c5ae   0x0800c5ae   0x00000002   PAD
    0x0800c5b0   0x0800c5b0   0x00000058   Code   RO         6110    i.prvInitialiseTaskLists  tasks.o
    0x0800c608   0x0800c608   0x00000054   Code   RO         7193    i.prvInsertBlockIntoFreeList  heap_4.o
    0x0800c65c   0x0800c65c   0x00000040   Code   RO         6483    i.prvInsertTimerInActiveList  timers.o
    0x0800c69c   0x0800c69c   0x0000001a   Code   RO         5696    i.prvIsQueueEmpty   queue.o
    0x0800c6b6   0x0800c6b6   0x0000001e   Code   RO         5697    i.prvIsQueueFull    queue.o
    0x0800c6d4   0x0800c6d4   0x00000068   Code   RO         6484    i.prvProcessExpiredTimer  timers.o
    0x0800c73c   0x0800c73c   0x000000fc   Code   RO         6485    i.prvProcessReceivedCommands  timers.o
    0x0800c838   0x0800c838   0x0000006c   Code   RO         6486    i.prvProcessTimerOrBlockTask  timers.o
    0x0800c8a4   0x0800c8a4   0x00000024   Code   RO         6112    i.prvResetNextTaskUnblockTime  tasks.o
    0x0800c8c8   0x0800c8c8   0x0000002c   Code   RO         6487    i.prvSampleTimeNow  timers.o
    0x0800c8f4   0x0800c8f4   0x00000070   Code   RO         6488    i.prvSwitchTimerLists  timers.o
    0x0800c964   0x0800c964   0x0000002c   Code   RO         7248    i.prvTaskExitError  port.o
    0x0800c990   0x0800c990   0x00000014   Code   RO         6489    i.prvTimerTask      timers.o
    0x0800c9a4   0x0800c9a4   0x0000006a   Code   RO         5698    i.prvUnlockQueue    queue.o
    0x0800ca0e   0x0800ca0e   0x00000002   PAD
    0x0800ca10   0x0800ca10   0x000000dc   Code   RO         7194    i.pvPortMalloc      heap_4.o
    0x0800caec   0x0800caec   0x00000018   Code   RO         6115    i.pvTaskIncrementMutexHeldCount  tasks.o
    0x0800cb04   0x0800cb04   0x00000024   Code   RO         7249    i.pxPortInitialiseStack  port.o
    0x0800cb28   0x0800cb28   0x0000008c   Code   RO         7996    i.ramp_to_target    temp_panel.o
    0x0800cbb4   0x0800cbb4   0x000000dc   Code   RO         7997    i.refresh_display   temp_panel.o
    0x0800cc90   0x0800cc90   0x000000aa   Code   RO         7998    i.refresh_leds      temp_panel.o
    0x0800cd3a   0x0800cd3a   0x00000014   Code   RO         7999    i.set_error_and_stop  temp_panel.o
    0x0800cd4e   0x0800cd4e   0x00000002   PAD
    0x0800cd50   0x0800cd50   0x000000a0   Code   RO         8000    i.set_param_value   temp_panel.o
    0x0800cdf0   0x0800cdf0   0x00000012   Code   RO         8001    i.show_ui_error     temp_panel.o
    0x0800ce02   0x0800ce02   0x00000002   PAD
    0x0800ce04   0x0800ce04   0x00000030   Code   RO         8002    i.update_jump_control  temp_panel.o
    0x0800ce34   0x0800ce34   0x00000128   Code   RO         8003    i.update_program_control_1s  temp_panel.o
    0x0800cf5c   0x0800cf5c   0x00000026   Code   RO         5651    i.uxListRemove      list.o
    0x0800cf82   0x0800cf82   0x00000002   PAD
    0x0800cf84   0x0800cf84   0x00000014   Code   RO         6740    i.vApplicationGetIdleTaskMemory  cmsis_os2.o
    0x0800cf98   0x0800cf98   0x00000018   Code   RO         6741    i.vApplicationGetTimerTaskMemory  cmsis_os2.o
    0x0800cfb0   0x0800cfb0   0x00000016   Code   RO         5652    i.vListInitialise   list.o
    0x0800cfc6   0x0800cfc6   0x00000006   Code   RO         5653    i.vListInitialiseItem  list.o
    0x0800cfcc   0x0800cfcc   0x00000030   Code   RO         5654    i.vListInsert       list.o
    0x0800cffc   0x0800cffc   0x00000018   Code   RO         5655    i.vListInsertEnd    list.o
    0x0800d014   0x0800d014   0x00000040   Code   RO         7251    i.vPortEnterCritical  port.o
    0x0800d054   0x0800d054   0x0000002c   Code   RO         7252    i.vPortExitCritical  port.o
    0x0800d080   0x0800d080   0x00000064   Code   RO         7195    i.vPortFree         heap_4.o
    0x0800d0e4   0x0800d0e4   0x00000024   Code   RO         7253    i.vPortSetupTimerInterrupt  port.o
    0x0800d108   0x0800d108   0x00000054   Code   RO         7254    i.vPortValidateInterruptPriority  port.o
    0x0800d15c   0x0800d15c   0x00000024   Code   RO         5704    i.vQueueAddToRegistry  queue.o
    0x0800d180   0x0800d180   0x00000046   Code   RO         5708    i.vQueueWaitForMessageRestricted  queue.o
    0x0800d1c6   0x0800d1c6   0x00000002   PAD
    0x0800d1c8   0x0800d1c8   0x00000050   Code   RO         6125    i.vTaskDelay        tasks.o
    0x0800d218   0x0800d218   0x00000010   Code   RO         6130    i.vTaskInternalSetTimeOutState  tasks.o
    0x0800d228   0x0800d228   0x0000000c   Code   RO         6131    i.vTaskMissedYield  tasks.o
    0x0800d234   0x0800d234   0x00000034   Code   RO         6133    i.vTaskPlaceOnEventList  tasks.o
    0x0800d268   0x0800d268   0x0000003c   Code   RO         6134    i.vTaskPlaceOnEventListRestricted  tasks.o
    0x0800d2a4   0x0800d2a4   0x00000094   Code   RO         6136    i.vTaskPriorityDisinheritAfterTimeout  tasks.o
    0x0800d338   0x0800d338   0x00000090   Code   RO         6142    i.vTaskStartScheduler  tasks.o
    0x0800d3c8   0x0800d3c8   0x00000010   Code   RO         6144    i.vTaskSuspendAll   tasks.o
    0x0800d3d8   0x0800d3d8   0x00000068   Code   RO         6145    i.vTaskSwitchContext  tasks.o
    0x0800d440   0x0800d440   0x000000f4   Code   RO         7255    i.xPortStartScheduler  port.o
    0x0800d534   0x0800d534   0x0000002c   Code   RO         7256    i.xPortSysTickHandler  port.o
    0x0800d560   0x0800d560   0x00000018   Code   RO         5711    i.xQueueCreateMutex  queue.o
    0x0800d578   0x0800d578   0x0000001c   Code   RO         5712    i.xQueueCreateMutexStatic  queue.o
    0x0800d594   0x0800d594   0x00000044   Code   RO         5713    i.xQueueGenericCreate  queue.o
    0x0800d5d8   0x0800d5d8   0x0000006c   Code   RO         5714    i.xQueueGenericCreateStatic  queue.o
    0x0800d644   0x0800d644   0x0000008c   Code   RO         5715    i.xQueueGenericReset  queue.o
    0x0800d6d0   0x0800d6d0   0x00000164   Code   RO         5716    i.xQueueGenericSend  queue.o
    0x0800d834   0x0800d834   0x000000c0   Code   RO         5717    i.xQueueGenericSendFromISR  queue.o
    0x0800d8f4   0x0800d8f4   0x00000040   Code   RO         5721    i.xQueueGiveMutexRecursive  queue.o
    0x0800d934   0x0800d934   0x0000013c   Code   RO         5726    i.xQueueReceive     queue.o
    0x0800da70   0x0800da70   0x0000009c   Code   RO         5727    i.xQueueReceiveFromISR  queue.o
    0x0800db0c   0x0800db0c   0x0000017c   Code   RO         5728    i.xQueueSemaphoreTake  queue.o
    0x0800dc88   0x0800dc88   0x00000042   Code   RO         5729    i.xQueueTakeMutexRecursive  queue.o
    0x0800dcca   0x0800dcca   0x00000002   PAD
    0x0800dccc   0x0800dccc   0x0000007c   Code   RO         6147    i.xTaskCheckForTimeOut  tasks.o
    0x0800dd48   0x0800dd48   0x00000064   Code   RO         6148    i.xTaskCreate       tasks.o
    0x0800ddac   0x0800ddac   0x0000005c   Code   RO         6149    i.xTaskCreateStatic  tasks.o
    0x0800de08   0x0800de08   0x0000000c   Code   RO         6152    i.xTaskGetCurrentTaskHandle  tasks.o
    0x0800de14   0x0800de14   0x0000001c   Code   RO         6153    i.xTaskGetSchedulerState  tasks.o
    0x0800de30   0x0800de30   0x0000000c   Code   RO         6154    i.xTaskGetTickCount  tasks.o
    0x0800de3c   0x0800de3c   0x00000010   Code   RO         6155    i.xTaskGetTickCountFromISR  tasks.o
    0x0800de4c   0x0800de4c   0x000000cc   Code   RO         6156    i.xTaskIncrementTick  tasks.o
    0x0800df18   0x0800df18   0x0000007c   Code   RO         6159    i.xTaskPriorityDisinherit  tasks.o
    0x0800df94   0x0800df94   0x0000007c   Code   RO         6160    i.xTaskPriorityInherit  tasks.o
    0x0800e010   0x0800e010   0x00000078   Code   RO         6161    i.xTaskRemoveFromEventList  tasks.o
    0x0800e088   0x0800e088   0x000000c8   Code   RO         6162    i.xTaskResumeAll    tasks.o
    0x0800e150   0x0800e150   0x00000068   Code   RO         6498    i.xTimerCreateTimerTask  timers.o
    0x0800e1b8   0x0800e1b8   0x0000006c   Code   RO         6499    i.xTimerGenericCommand  timers.o
    0x0800e224   0x0800e224   0x0000002c   Code   RO         8721    locale$$code        c_w.l(lc_numeric_c.o)
    0x0800e250   0x0800e250   0x0000000c   Code   RO         8662    x$fpl$dretinf       fz_wm.l(dretinf.o)
    0x0800e25c   0x0800e25c   0x00000056   Code   RO         8640    x$fpl$f2d           fz_wm.l(f2d.o)
    0x0800e2b2   0x0800e2b2   0x0000008c   Code   RO         8664    x$fpl$fnaninf       fz_wm.l(fnaninf.o)
    0x0800e33e   0x0800e33e   0x0000000a   Code   RO         8801    x$fpl$fpinit        fz_wm.l(fpinit.o)
    0x0800e348   0x0800e348   0x00000004   Code   RO         8642    x$fpl$printf1       fz_wm.l(printf1.o)
    0x0800e34c   0x0800e34c   0x00000000   Code   RO         8666    x$fpl$usenofp       fz_wm.l(usenofp.o)
    0x0800e34c   0x0800e34c   0x00000058   Data   RO          394    .constdata          app_freertos.o
    0x0800e3a4   0x0800e3a4   0x00000018   Data   RO         5007    .constdata          stm32g4xx_hal_uart.o
    0x0800e3bc   0x0800e3bc   0x00000010   Data   RO         5378    .constdata          stm32g4xx_hal_uart_ex.o
    0x0800e3cc   0x0800e3cc   0x00000010   Data   RO         5487    .constdata          system_stm32g4xx.o
    0x0800e3dc   0x0800e3dc   0x00000008   Data   RO         5488    .constdata          system_stm32g4xx.o
    0x0800e3e4   0x0800e3e4   0x000000b4   Data   RO         7345    .constdata          adc_measure.o
    0x0800e498   0x0800e498   0x0000017c   Data   RO         7894    .constdata          drv8703_board.o
    0x0800e614   0x0800e614   0x00000018   Data   RO         8005    .constdata          temp_panel.o
    0x0800e62c   0x0800e62c   0x00000020   Data   RO         8212    .constdata          tm1638_board.o
    0x0800e64c   0x0800e64c   0x00000200   Data   RO         8401    .constdata          calib_mode.o
    0x0800e84c   0x0800e84c   0x00000011   Data   RO         8621    .constdata          c_w.l(__printf_flags_ss_wp.o)
    0x0800e85d   0x0800e85d   0x00000003   PAD
    0x0800e860   0x0800e860   0x00000094   Data   RO         8696    .constdata          c_w.l(bigflt0.o)
    0x0800e8f4   0x0800e8f4   0x00000022   Data   RO          395    .conststring        app_freertos.o
    0x0800e916   0x0800e916   0x00000002   PAD
    0x0800e918   0x0800e918   0x0000002d   Data   RO         8006    .conststring        temp_panel.o
    0x0800e945   0x0800e945   0x00000003   PAD
    0x0800e948   0x0800e948   0x00000047   Data   RO         8402    .conststring        calib_mode.o
    0x0800e98f   0x0800e98f   0x00000001   PAD
    0x0800e990   0x0800e990   0x00000020   Data   RO         8872    Region$$Table       anon$$obj.o
    0x0800e9b0   0x0800e9b0   0x0000001c   Data   RO         8720    locale$$data        c_w.l(lc_numeric_c.o)


    Execution Region RW_IRAM1 (Exec base: 0x20000000, Load base: 0x0800e9cc, Size: 0x0000e8c8, Max: 0x00020000, ABSOLUTE, COMPRESSED[0x00000060])

    Exec Addr    Load Addr    Size         Type   Attr      Idx    E Section Name        Object

    0x20000000   COMPRESSED   0x00000022   Data   RW           43    .data               main.o
    0x20000022   COMPRESSED   0x00000002   PAD
    0x20000024   COMPRESSED   0x0000001c   Data   RW          403    .data               app_freertos.o
    0x20000040   COMPRESSED   0x00000004   Data   RW          499    .data               adc.o
    0x20000044   COMPRESSED   0x0000000c   Data   RW         2657    .data               stm32g4xx_hal.o
    0x20000050   COMPRESSED   0x00000020   Data   RW         3130    .data               stm32g4xx_hal_flash.o
    0x20000070   COMPRESSED   0x00000004   Data   RW         5489    .data               system_stm32g4xx.o
    0x20000074   COMPRESSED   0x0000003c   Data   RW         6165    .data               tasks.o
    0x200000b0   COMPRESSED   0x00000014   Data   RW         6507    .data               timers.o
    0x200000c4   COMPRESSED   0x00000004   Data   RW         6743    .data               cmsis_os2.o
    0x200000c8   COMPRESSED   0x00000020   Data   RW         7201    .data               heap_4.o
    0x200000e8   COMPRESSED   0x0000000c   Data   RW         7257    .data               port.o
    0x200000f4   COMPRESSED   0x000000fc   Data   RW         7346    .data               adc_measure.o
    0x200001f0   COMPRESSED   0x000001c4   Data   RW         7479    .data               app_control.o
    0x200003b4   COMPRESSED   0x00000014   Data   RW         8214    .data               tm1638_board.o
    0x200003c8   COMPRESSED   0x00000030   Data   RW         8403    .data               calib_mode.o
    0x200003f8   COMPRESSED   0x0000000c   Data   RW         8521    .data               flash_storage.o
    0x20000404        -       0x00000169   Zero   RW           32    .bss                main.o
    0x2000056d   COMPRESSED   0x00000003   PAD
    0x20000570        -       0x0000002c   Zero   RW           33    .bss                main.o
    0x2000059c        -       0x00000198   Zero   RW          498    .bss                adc.o
    0x20000734        -       0x0000003c   Zero   RW          548    .bss                dac.o
    0x20000770        -       0x0000012c   Zero   RW          628    .bss                opamp.o
    0x2000089c        -       0x000000c8   Zero   RW          691    .bss                spi.o
    0x20000964        -       0x0000017c   Zero   RW          743    .bss                tim.o
    0x20000ae0        -       0x00000188   Zero   RW          811    .bss                usart.o
    0x20000c68        -       0x0000004c   Zero   RW          970    .bss                stm32g4xx_hal_timebase_tim.o
    0x20000cb4        -       0x00000040   Zero   RW         5730    .bss                queue.o
    0x20000cf4        -       0x000004c4   Zero   RW         6164    .bss                tasks.o
    0x200011b8        -       0x00000118   Zero   RW         6506    .bss                timers.o
    0x200012d0        -       0x000006b8   Zero   RW         6742    .bss                cmsis_os2.o
    0x20001988        -       0x00002000   Zero   RW         7200    .bss                heap_4.o
    0x20003988        -       0x000000b4   Zero   RW         7344    .bss                adc_measure.o
    0x20003a3c        -       0x000002dc   Zero   RW         7478    .bss                app_control.o
    0x20003d18        -       0x000001b8   Zero   RW         7893    .bss                drv8703_board.o
    0x20003ed0        -       0x0000009c   Zero   RW         8004    .bss                temp_panel.o
    0x20003f6c        -       0x0000003c   Zero   RW         8211    .bss                tm1638_board.o
    0x20003fa8        -       0x000008c0   Zero   RW         8400    .bss                calib_mode.o
    0x20004868        -       0x00000060   Zero   RW         8728    .bss                c_w.l(libspace.o)
    0x200048c8        -       0x00002000   Zero   RW            2    HEAP                startup_stm32g474xx.o
    0x200068c8        -       0x00008000   Zero   RW            1    STACK               startup_stm32g474xx.o


==============================================================================

Image component sizes


      Code (inc. data)   RO Data    RW Data    ZI Data      Debug   Object Name

      1144        104          0          4        408       3338   adc.o
      1442        128        180        252        180      14441   adc_measure.o
      6572        398          0        452        732      53455   app_control.o
       660         90        122         28          0      19936   app_freertos.o
      1596        228        583         48       2240      14318   calib_mode.o
      1056         32          0          4       1720      72581   cmsis_os2.o
       476         46          0          0         60       3067   dac.o
        92          4          0          0          0        818   dma.o
      1476          8          0          0          0      14617   drv8703.o
       208         22        380          0        440       3470   drv8703_board.o
         0          0          0          0          0      19428   event_groups.o
       586         46          0         12          0       8135   flash_storage.o
       412         26          0          0          0       1155   gpio.o
       480         26          0         32       8192       4971   heap_4.o
       138          0          0          0          0       3538   list.o
      1146        120          0         34        405     970640   main.o
       544         58          0          0        300       4259   opamp.o
       320         30          0          0          0       3569   pid_controller.o
       786         84          0         12          0      11549   port.o
      2394         24          0          0         64      26451   queue.o
       352         38          0          0        200       2410   spi.o
        64         26        472          0      40960        840   startup_stm32g474xx.o
        94         14          0         12          0       3622   stm32g4xx_hal.o
      3028        184          0          0          0      84192   stm32g4xx_hal_adc.o
       528         32          0          0          0      70325   stm32g4xx_hal_adc_ex.o
       158         14          0          0          0      33378   stm32g4xx_hal_cortex.o
       832         18          0          0          0       5856   stm32g4xx_hal_dac.o
         2          0          0          0          0       1023   stm32g4xx_hal_dac_ex.o
       932         28          0          0          0       7137   stm32g4xx_hal_dma.o
       424         48          0         32          0      23982   stm32g4xx_hal_flash.o
       476         28          0          0          0       3302   stm32g4xx_hal_flash_ex.o
       474         32          0          0          0       3576   stm32g4xx_hal_gpio.o
        60          6          0          0          0        862   stm32g4xx_hal_msp.o
       338          8          0          0          0       2455   stm32g4xx_hal_opamp.o
       220         18          0          0          0       1465   stm32g4xx_hal_pwr_ex.o
      1900        104          0          0          0       8765   stm32g4xx_hal_rcc.o
       784          8          0          0          0       2048   stm32g4xx_hal_rcc_ex.o
      1384         10          0          0          0       6245   stm32g4xx_hal_spi.o
      3306        348          0          0          0      21642   stm32g4xx_hal_tim.o
       366         46          0          0          0       6524   stm32g4xx_hal_tim_ex.o
       136         20          0          0         76       1443   stm32g4xx_hal_timebase_tim.o
      3184        108         24          0          0      36163   stm32g4xx_hal_uart.o
       522         12         16          0          0       7344   stm32g4xx_hal_uart_ex.o
        96         36          0          0          0       5188   stm32g4xx_it.o
         0          0          0          0          0        384   stream_buffer.o
        16          4         24          4          0       1115   system_stm32g4xx.o
      2500        218          0         60       1220      31826   tasks.o
      3258        204         69          0        156      25357   temp_panel.o
      1276         86          0          0        380       5748   tim.o
      1040         88          0         20        280      33071   timers.o
      1948         90         32         20         60      18015   tm1638_board.o
       588         48          0          0        392       2766   usart.o

    ----------------------------------------------------------------------
     51894       3398       1940       1028      58468    1711805   Object Totals
         0          0         32          0          0          0   (incl. Generated)
        80          0          6          2          3          0   (incl. Padding)

    ----------------------------------------------------------------------

      Code (inc. data)   RO Data    RW Data    ZI Data      Debug   Library Member Name

        56          6          0          0          0         88   __2snprintf.o
        90          0          0          0          0          0   __dczerorl2.o
         8          0          0          0          0         68   __main.o
       392          4         17          0          0         92   __printf_flags_ss_wp.o
        14          0          0          0          0         68   __printf_wp.o
         0          0          0          0          0          0   __rtentry.o
        12          0          0          0          0          0   __rtentry2.o
         6          0          0          0          0          0   __rtentry4.o
        52          8          0          0          0          0   __scatter.o
        28          0          0          0          0          0   __scatter_zi.o
        48          6          0          0          0         96   _printf_char_common.o
       120         16          0          0          0         92   _printf_dec.o
         6          0          0          0          0          0   _printf_f.o
      1054          0          0          0          0        216   _printf_fp_dec.o
       128         16          0          0          0         84   _printf_fp_infnan.o
       178          0          0          0          0         88   _printf_intcommon.o
         0          0          0          0          0          0   _printf_percent.o
         4          0          0          0          0          0   _printf_percent_end.o
         6          0          0          0          0          0   _printf_u.o
        16          0          0          0          0         68   _snputc.o
        10          0          0          0          0         68   _sputc.o
        16          0          0          0          0         68   aeabi_memset.o
       228          4        148          0          0         96   bigflt0.o
      1936        128          0          0          0        672   btod.o
        18          0          0          0          0         80   exit.o
         6          0          0          0          0        152   heapauxi.o
         0          0          0          0          0          0   indicate_semi.o
        44         10         28          0          0         76   lc_numeric_c.o
         2          0          0          0          0          0   libinit.o
        22          0          0          0          0          0   libinit2.o
         2          0          0          0          0          0   libshutdown.o
         2          0          0          0          0          0   libshutdown2.o
         8          4          0          0         96         68   libspace.o
       138          0          0          0          0         80   lludiv10.o
       238          0          0          0          0        100   lludivv7m.o
         8          4          0          0          0         68   rt_locale_intlibspace.o
        68          0          0          0          0         68   rt_memclr.o
        78          0          0          0          0         80   rt_memclr_w.o
       138          0          0          0          0         68   rt_memcpy_v6.o
       100          0          0          0          0         80   rt_memcpy_w.o
         2          0          0          0          0          0   rtexit.o
        10          0          0          0          0          0   rtexit2.o
       128          0          0          0          0         68   strcmpv7m.o
        12          4          0          0          0         68   sys_exit.o
        74          0          0          0          0         80   sys_stackheap_outer.o
         2          0          0          0          0         68   use_no_semi.o
        12          0          0          0          0        116   dretinf.o
        86          4          0          0          0        132   f2d.o
       140          4          0          0          0        132   fnaninf.o
        10          0          0          0          0        116   fpinit.o
         4          0          0          0          0        116   printf1.o
         0          0          0          0          0          0   usenofp.o
        48          0          0          0          0        124   fpclassify.o

    ----------------------------------------------------------------------
      5822        218        196          0         96       3804   Library Totals
        14          0          3          0          0          0   (incl. Padding)

    ----------------------------------------------------------------------

      Code (inc. data)   RO Data    RW Data    ZI Data      Debug   Library Name

      5508        210        193          0         96       3068   c_w.l
       252          8          0          0          0        612   fz_wm.l
        48          0          0          0          0        124   m_wm.l

    ----------------------------------------------------------------------
      5822        218        196          0         96       3804   Library Totals

    ----------------------------------------------------------------------

==============================================================================


      Code (inc. data)   RO Data    RW Data    ZI Data      Debug   

     57716       3616       2136       1028      58564    1667293   Grand Totals
     57716       3616       2136         96      58564    1667293   ELF Image Totals (compressed)
     57716       3616       2136         96          0          0   ROM Totals

==============================================================================

    Total RO  Size (Code + RO Data)                59852 (  58.45kB)
    Total RW  Size (RW Data + ZI Data)             59592 (  58.20kB)
    Total ROM Size (Code + RO Data + RW Data)      59948 (  58.54kB)

==============================================================================

