<html>
<body>
<pre>
<h1>µVision Build Log</h1>
<h2>Tool Versions:</h2>
IDE-Version: ¶ÃVision V5.37.0.0
Copyright (C) 2022 ARM Ltd and ARM Germany GmbH. All rights reserved.
License Information: 1 ’≈Œƒ≤®, HP Inc., LIC=R4HV2-9BK62-YDWK5-GZ7IG-Q66J5-2PQTI
 
Tool Versions:
Toolchain:       MDK-ARM Professional  Version: 5.37.0.0
Toolchain Path:  E:\MDK\ARM\ARMCC\Bin
C Compiler:      Armcc.exe V5.06 update 6 (build 750)
Assembler:       Armasm.exe V5.06 update 6 (build 750)
Linker/Locator:  ArmLink.exe V5.06 update 6 (build 750)
Library Manager: ArmAr.exe V5.06 update 6 (build 750)
Hex Converter:   FromElf.exe V5.06 update 6 (build 750)
CPU DLL:         SARMCM3.DLL V5.37.0.0
Dialog DLL:      DCM.DLL V1.17.5.0
Target DLL:      STLink\ST-LINKIII-KEIL_SWO.dll V3.0.9.0
Dialog DLL:      TCM.DLL V1.56.1.0
 
<h2>Project:</h2>
E:\jianzhi\bisemin\new_control_v2\MDK-ARM\bisemin.uvprojx
Project File Date:  07/11/2026

<h2>Output:</h2>
*** Using Compiler 'V5.06 update 6 (build 750)', folder: 'E:\MDK\ARM\ARMCC\Bin'
Build target 'bisemin'
compiling opamp.c...
compiling tim.c...
compiling stm32g4xx_it.c...
compiling spi.c...
compiling dac.c...
compiling usart.c...
compiling dma.c...
compiling adc.c...
compiling gpio.c...
compiling stm32g4xx_ll_adc.c...
compiling main.c...
compiling app_freertos.c...
../My/app_control.h(144): warning:  #1-D: last line of file ends without a newline
  #endif
../My/flash_storage.h(151): warning:  #1-D: last line of file ends without a newline
  #endif /* __FLASH_STORAGE_H */
../My/calib_mode.h(241): warning:  #1-D: last line of file ends without a newline
  #endif /* __CALIB_MODE_H */
../Core/Src/app_freertos.c: 3 warnings, 0 errors
compiling stm32g4xx_hal_msp.c...
compiling stm32g4xx_hal_timebase_tim.c...
compiling stm32g4xx_hal_flash.c...
compiling stm32g4xx_hal.c...
compiling stm32g4xx_hal_tim_ex.c...
compiling stm32g4xx_hal_adc_ex.c...
compiling stm32g4xx_hal_rcc.c...
compiling stm32g4xx_hal_flash_ex.c...
compiling stm32g4xx_hal_tim.c...
compiling stm32g4xx_hal_rcc_ex.c...
compiling stm32g4xx_hal_adc.c...
compiling stm32g4xx_hal_gpio.c...
compiling stm32g4xx_hal_flash_ramfunc.c...
compiling stm32g4xx_hal_opamp.c...
compiling stm32g4xx_hal_pwr_ex.c...
compiling stm32g4xx_hal_cortex.c...
compiling stm32g4xx_hal_exti.c...
compiling stm32g4xx_hal_dma.c...
compiling stm32g4xx_hal_dac_ex.c...
compiling stm32g4xx_hal_pwr.c...
compiling croutine.c...
compiling event_groups.c...
compiling list.c...
compiling queue.c...
compiling timers.c...
compiling stream_buffer.c...
compiling tasks.c...
compiling stm32g4xx_hal_dma_ex.c...
compiling stm32g4xx_hal_dac.c...
compiling bridge1_test.c...
compiling heap_4.c...
compiling port.c...
compiling stm32g4xx_hal_opamp_ex.c...
compiling stm32g4xx_hal_spi.c...
compiling sys_state.c...
compiling temp_panel.c...
compiling stm32g4xx_hal_spi_ex.c...
compiling stm32g4xx_hal_uart_ex.c...
compiling system_stm32g4xx.c...
compiling pid_controller.c...
..\My\pid_controller.c(97): warning:  #1-D: last line of file ends without a newline
  }
..\My\pid_controller.c: 1 warning, 0 errors
compiling drv8703.c...
compiling drv8703_board.c...
compiling stm32g4xx_hal_uart.c...
compiling adc_measure.c...
compiling app_control.c...
..\My\app_control.h(144): warning:  #1-D: last line of file ends without a newline
  #endif
..\My\flash_storage.h(151): warning:  #1-D: last line of file ends without a newline
  #endif /* __FLASH_STORAGE_H */
..\My\calib_mode.h(241): warning:  #1-D: last line of file ends without a newline
  #endif /* __CALIB_MODE_H */
..\My\app_control.c(2084): warning:  #1-D: last line of file ends without a newline
  }
..\My\app_control.c(225): warning:  #177-D: variable "s_pid_freq_last_count"  was declared but never referenced
  static uint32_t s_pid_freq_last_count[APP_CONTROL_CLOSED_LOOP_COUNT] = {0U, 0U, 0U, 0U};
..\My\app_control.c(347): warning:  #177-D: function "AppControl_CellVoltageError"  was declared but never referenced
  static PanelError_t AppControl_CellVoltageError(uint8_t cell)
..\My\app_control.c: 6 warnings, 0 errors
compiling cmsis_os2.c...
compiling tm1638_board.c...
compiling flash_storage.c...
..\My\flash_storage.h(151): warning:  #1-D: last line of file ends without a newline
  #endif /* __FLASH_STORAGE_H */
..\My\flash_storage.c(409): warning:  #1081-D: conversion from integer to smaller pointer
                  write_buf[i] = *((uint8_t *)(FLASH_STORAGE_START_ADDR + buf_offset));
..\My\flash_storage.c(422): warning:  #1081-D: conversion from integer to smaller pointer
                      write_buf[i] = *((uint8_t *)(FLASH_STORAGE_START_ADDR + buf_offset));
..\My\flash_storage.c(502): warning:  #1-D: last line of file ends without a newline
  }
..\My\flash_storage.c: 4 warnings, 0 errors
compiling calib_mode.c...
..\My\flash_storage.h(151): warning:  #1-D: last line of file ends without a newline
  #endif /* __FLASH_STORAGE_H */
..\My\calib_mode.h(241): warning:  #1-D: last line of file ends without a newline
  #endif /* __CALIB_MODE_H */
..\My\app_control.h(144): warning:  #1-D: last line of file ends without a newline
  #endif
..\My\calib_mode.c(49): warning:  #177-D: variable "s_calib_display_switch_ms"  was declared but never referenced
  static uint32_t s_calib_display_switch_ms = 0U; /* Êï∞Á†ÅÁÆ°ÊòæÁ§∫ÂàáÊç? tick */
..\My\calib_mode.c: 4 warnings, 0 errors
linking...
Program Size: Code=71772 RO-data=2400 RW-data=1088 ZI-data=58272  
FromELF: creating hex file...
"bisemin\bisemin.axf" - 0 Error(s), 18 Warning(s).

<h2>Software Packages used:</h2>

Package Vendor: ARM
                http://www.keil.com/pack/ARM.CMSIS.5.9.0.pack
                ARM.CMSIS.5.9.0
                CMSIS (Common Microcontroller Software Interface Standard)
   * Component: CORE Version: 5.6.0

Package Vendor: Keil
                https://www.keil.com/pack/Keil.STM32G4xx_DFP.1.5.0.pack
                Keil.STM32G4xx_DFP.1.5.0
                STMicroelectronics STM32G4 Series Device Support, Drivers and Examples

<h2>Collection of Component include folders:</h2>
  ./RTE/_bisemin
  E:/MDK/ARM/CMSIS/5.9.0/CMSIS/Core/Include
  E:/MDK/Keil/STM32G4xx_DFP/1.5.0/Drivers/CMSIS/Device/ST/STM32G4xx/Include

<h2>Collection of Component Files used:</h2>

   * Component: ARM::CMSIS:CORE:5.6.0
      Include file:  CMSIS/Core/Include/tz_context.h
Build Time Elapsed:  00:01:13
</pre>
</body>
</html>
