Component: ARM Compiler 5.06 update 7 (build 960) Tool: armlink [4d3601]

==============================================================================

Section Cross References

    startup_stm32g474xx.o(STACK) refers (Special) to heapauxi.o(.text) for __use_two_region_memory
    startup_stm32g474xx.o(HEAP) refers (Special) to heapauxi.o(.text) for __use_two_region_memory
    startup_stm32g474xx.o(RESET) refers (Special) to heapauxi.o(.text) for __use_two_region_memory
    startup_stm32g474xx.o(RESET) refers to startup_stm32g474xx.o(STACK) for __initial_sp
    startup_stm32g474xx.o(RESET) refers to startup_stm32g474xx.o(.text) for Reset_Handler
    startup_stm32g474xx.o(RESET) refers to stm32g4xx_it.o(i.NMI_Handler) for NMI_Handler
    startup_stm32g474xx.o(RESET) refers to stm32g4xx_it.o(i.HardFault_Handler) for HardFault_Handler
    startup_stm32g474xx.o(RESET) refers to stm32g4xx_it.o(i.MemManage_Handler) for MemManage_Handler
    startup_stm32g474xx.o(RESET) refers to stm32g4xx_it.o(i.BusFault_Handler) for BusFault_Handler
    startup_stm32g474xx.o(RESET) refers to stm32g4xx_it.o(i.UsageFault_Handler) for UsageFault_Handler
    startup_stm32g474xx.o(RESET) refers to port.o(.emb_text) for SVC_Handler
    startup_stm32g474xx.o(RESET) refers to stm32g4xx_it.o(i.DebugMon_Handler) for DebugMon_Handler
    startup_stm32g474xx.o(RESET) refers to cmsis_os2.o(i.SysTick_Handler) for SysTick_Handler
    startup_stm32g474xx.o(RESET) refers to stm32g4xx_it.o(i.DMA1_Channel1_IRQHandler) for DMA1_Channel1_IRQHandler
    startup_stm32g474xx.o(RESET) refers to stm32g4xx_it.o(i.DMA1_Channel2_IRQHandler) for DMA1_Channel2_IRQHandler
    startup_stm32g474xx.o(RESET) refers to stm32g4xx_it.o(i.DMA1_Channel3_IRQHandler) for DMA1_Channel3_IRQHandler
    startup_stm32g474xx.o(RESET) refers to stm32g4xx_it.o(i.USART1_IRQHandler) for USART1_IRQHandler
    startup_stm32g474xx.o(RESET) refers to stm32g4xx_it.o(i.TIM6_DAC_IRQHandler) for TIM6_DAC_IRQHandler
    startup_stm32g474xx.o(.text) refers (Special) to heapauxi.o(.text) for __use_two_region_memory
    startup_stm32g474xx.o(.text) refers to system_stm32g4xx.o(i.SystemInit) for SystemInit
    startup_stm32g474xx.o(.text) refers to __main.o(!!!main) for __main
    startup_stm32g474xx.o(.text) refers to startup_stm32g474xx.o(HEAP) for Heap_Mem
    startup_stm32g474xx.o(.text) refers to startup_stm32g474xx.o(STACK) for Stack_Mem
    main.o(i.CheckKeyHoldEvents) refers to cmsis_os2.o(i.osKernelGetTickCount) for osKernelGetTickCount
    main.o(i.CheckKeyHoldEvents) refers to temp_panel.o(i.PanelKey_FromTM1638) for PanelKey_FromTM1638
    main.o(i.CheckKeyHoldEvents) refers to temp_panel.o(i.TempPanel_KeyEvent) for TempPanel_KeyEvent
    main.o(i.CheckKeyHoldEvents) refers to main.o(.bss) for .bss
    main.o(i.CheckKeyHoldEvents) refers to main.o(.data) for .data
    main.o(i.CheckKeyHoldEvents) refers to tm1638_board.o(.bss) for htm1638
    main.o(i.CheckKeyHoldEvents) refers to temp_panel.o(.bss) for g_panel
    main.o(i.DRV8703_ReadReg1) refers to stm32g4xx_hal_gpio.o(i.HAL_GPIO_WritePin) for HAL_GPIO_WritePin
    main.o(i.DRV8703_ReadReg1) refers to stm32g4xx_hal_spi.o(i.HAL_SPI_TransmitReceive) for HAL_SPI_TransmitReceive
    main.o(i.DRV8703_ReadReg1) refers to spi.o(.bss) for hspi1
    main.o(i.DRV8703_WriteReg1) refers to stm32g4xx_hal_gpio.o(i.HAL_GPIO_WritePin) for HAL_GPIO_WritePin
    main.o(i.DRV8703_WriteReg1) refers to stm32g4xx_hal_spi.o(i.HAL_SPI_TransmitReceive) for HAL_SPI_TransmitReceive
    main.o(i.DRV8703_WriteReg1) refers to spi.o(.bss) for hspi1
    main.o(i.HAL_TIM_PeriodElapsedCallback) refers to stm32g4xx_hal.o(i.HAL_IncTick) for HAL_IncTick
    main.o(i.HAL_UARTEx_RxEventCallback) refers to main.o(i.Parse_Temperature_Buffer) for Parse_Temperature_Buffer
    main.o(i.HAL_UARTEx_RxEventCallback) refers to stm32g4xx_hal_uart_ex.o(i.HAL_UARTEx_ReceiveToIdle_DMA) for HAL_UARTEx_ReceiveToIdle_DMA
    main.o(i.HAL_UARTEx_RxEventCallback) refers to main.o(.data) for .data
    main.o(i.HAL_UARTEx_RxEventCallback) refers to main.o(.bss) for .bss
    main.o(i.HAL_UARTEx_RxEventCallback) refers to usart.o(.bss) for huart1
    main.o(i.HAL_UART_ErrorCallback) refers to main.o(.data) for .data
    main.o(i.OnDownKeyPressed) refers to main.o(i.OnTM1638Key) for OnTM1638Key
    main.o(i.OnEnterKeyPressed) refers to main.o(i.OnTM1638Key) for OnTM1638Key
    main.o(i.OnModeKeyPressed) refers to main.o(i.OnTM1638Key) for OnTM1638Key
    main.o(i.OnStartStopKeyPressed) refers to main.o(i.OnTM1638Key) for OnTM1638Key
    main.o(i.OnSwitchKeyPressed) refers to main.o(i.OnTM1638Key) for OnTM1638Key
    main.o(i.OnTM1638Key) refers to temp_panel.o(i.PanelKey_FromTM1638) for PanelKey_FromTM1638
    main.o(i.OnTM1638Key) refers to cmsis_os2.o(i.osKernelGetTickCount) for osKernelGetTickCount
    main.o(i.OnTM1638Key) refers to temp_panel.o(i.TempPanel_KeyEvent) for TempPanel_KeyEvent
    main.o(i.OnTM1638Key) refers to main.o(.bss) for .bss
[...]
    g_adc_il5_a                              0x200001cc   Data           4  adc_measure.o(.data)
    g_adc_measure_i_zero_v                   0x200001d0   Data          20  adc_measure.o(.data)
    g_adc_measure_il_zero_v                  0x200001e4   Data          20  adc_measure.o(.data)
    g_app_control_simulate_drv8703           0x200001f8   Data           1  app_control.o(.data)
    g_app_control_init_result                0x200001f9   Data           1  app_control.o(.data)
    g_app_control_last_drv_fault             0x200001fa   Data           1  app_control.o(.data)
    g_app_control_last_drv_status            0x200001fb   Data           1  app_control.o(.data)
    g_app_control_drv_pin_fault_last         0x200001fc   Data           1  app_control.o(.data)
    g_app_control_temp_reset_active          0x200001fd   Data           1  app_control.o(.data)
    g_app_control_test_active                0x200001fe   Data           1  app_control.o(.data)
    g_app_control_test_phase                 0x200001ff   Data           1  app_control.o(.data)
    g_app_control_cell_running               0x20000201   Data           2  app_control.o(.data)
    g_app_control_temp_reset_count           0x20000203   Data           2  app_control.o(.data)
    g_app_control_temp_fault_sensor          0x20000205   Data           2  app_control.o(.data)
    g_app_control_loop_count                 0x20000208   Data           4  app_control.o(.data)
    g_app_control_cmd_drop_count             0x2000020c   Data           4  app_control.o(.data)
    g_app_control_cell_error                 0x20000210   Data           4  app_control.o(.data)
    g_app_control_pid_update_pending         0x20000214   Data           4  app_control.o(.data)
    g_app_control_periodic_reg_snapshot_count 0x20000218   Data           4  app_control.o(.data)
    g_app_control_drv_raw_poll_count         0x2000021c   Data           4  app_control.o(.data)
    s_temp_stale_cycles                      0x20000238   Data           4  app_control.o(.data)
    g_app_control_drv_init_attempts          0x20000240   Data           5  app_control.o(.data)
    g_app_control_drv_ready                  0x20000245   Data           5  app_control.o(.data)
    g_app_control_drv_awake                  0x2000024a   Data           5  app_control.o(.data)
    g_app_control_drv_fault                  0x2000024f   Data           5  app_control.o(.data)
    g_app_control_drv_startup_dump_valid     0x20000254   Data           5  app_control.o(.data)
    g_app_control_drv_startup_dump_status    0x20000259   Data           5  app_control.o(.data)
    g_app_control_drv_fault_snapshot_valid   0x2000025e   Data           5  app_control.o(.data)
    g_app_control_drv_fault_read_status      0x20000263   Data           5  app_control.o(.data)
    g_app_control_drv_dump_status            0x20000268   Data           5  app_control.o(.data)
    g_app_control_drv_fault_status           0x2000026d   Data           5  app_control.o(.data)
    g_app_control_drv_vds_gdf_status         0x20000272   Data           5  app_control.o(.data)
    g_app_control_drv_reg_read_ok_mask       0x20000277   Data           5  app_control.o(.data)
    g_app_control_drv_pin_fault_status       0x2000027c   Data           5  app_control.o(.data)
    g_app_control_drv_pin_fault_read_status  0x20000281   Data           5  app_control.o(.data)
    g_app_control_drv_pin_fault_dump_status  0x20000286   Data           5  app_control.o(.data)
    g_app_control_drv_pin_fault_fault_status 0x2000028b   Data           5  app_control.o(.data)
    g_app_control_drv_pin_fault_vds_gdf_status 0x20000290   Data           5  app_control.o(.data)
    g_app_control_drv_pin_fault_stop_bits    0x20000295   Data           5  app_control.o(.data)
    g_app_control_drv_pin_fault_reg_read_ok_mask 0x2000029a   Data           5  app_control.o(.data)
    g_app_control_drv_pin_fault_all_ff       0x2000029f   Data           5  app_control.o(.data)
    g_app_control_drv_pin_fault_stable_count 0x200002a4   Data           5  app_control.o(.data)
    g_app_control_test_drv_ok                0x200002a9   Data           5  app_control.o(.data)
    g_app_control_drv_raw_mask               0x200002ae   Data           5  app_control.o(.data)
    g_app_control_drv_raw_status             0x200002b3   Data           5  app_control.o(.data)
    g_app_control_drv_startup_expected       0x200002bd   Data           6  app_control.o(.data)
    g_app_control_cell_temp                  0x200002c4   Data           8  app_control.o(.data)
    g_app_control_cell_target                0x200002cc   Data           8  app_control.o(.data)
    g_app_control_cell_duty                  0x200002d4   Data           8  app_control.o(.data)
    g_app_control_pid_temp                   0x200002dc   Data          16  app_control.o(.data)
    g_app_control_drv_startup_reg_dump       0x200002ec   Data          30  app_control.o(.data)
    g_app_control_drv_reg_dump               0x2000030a   Data          30  app_control.o(.data)
    g_app_control_drv_pin_fault_reg_dump     0x20000328   Data          30  app_control.o(.data)
    g_app_control_sleep_reg_snapshot         0x20000346   Data          35  app_control.o(.data)
    g_app_control_periodic_reg_snapshot      0x20000369   Data          35  app_control.o(.data)
    g_app_control_drv_raw_dump               0x2000038c   Data          30  app_control.o(.data)
    g_tm1638_raw_mask                        0x200003bc   Data           1  tm1638_board.o(.data)
    g_tm1638_state_mask                      0x200003bd   Data           1  tm1638_board.o(.data)
    g_tm1638_last_key                        0x200003be   Data           1  tm1638_board.o(.data)
    g_tm1638_registered_mask                 0x200003bf   Data           1  tm1638_board.o(.data)
    g_tm1638_scan_count                      0x200003c4   Data           4  tm1638_board.o(.data)
    g_tm1638_callback_count                  0x200003c8   Data           4  tm1638_board.o(.data)
    g_tm1638_key_bytes                       0x200003cc   Data           4  tm1638_board.o(.data)
    g_calib_mode_active                      0x200003d0   Data           1  calib_mode.o(.data)
    g_calib_state                            0x200003d1   Data           1  calib_mode.o(.data)
    g_calib_step_idx                         0x200003d2   Data           1  calib_mode.o(.data)
    g_calib_cell                             0x200003d3   Data           1  calib_mode.o(.data)
    g_calib_show_duty                        0x200003d4   Data           1  calib_mode.o(.data)
    g_calib_running                          0x200003d5   Data           1  calib_mode.o(.data)
    g_calib_error                            0x200003dc   Data           4  calib_mode.o(.data)
    g_calib_temp_ch0                         0x200003e0   Data           4  calib_mode.o(.data)
    g_calib_temp_ch1                         0x200003e4   Data           4  calib_mode.o(.data)
    g_flash_storage_last_error               0x20000404   Data           1  flash_storage.o(.data)
    g_flash_storage_erase_count              0x20000408   Data           4  flash_storage.o(.data)
    g_flash_storage_write_count              0x2000040c   Data           4  flash_storage.o(.data)
    Sys_Temperatures                         0x20000410   Data          16  main.o(.bss)
    Sys_TempUpdateCount                      0x20000420   Data          16  main.o(.bss)
    Sys_TempUpdateTick                       0x20000430   Data          16  main.o(.bss)
    rx_buffer                                0x20000479   Data         256  main.o(.bss)
    temp_pid                                 0x2000057c   Data          44  main.o(.bss)
    hadc1                                    0x200005a8   Data         108  adc.o(.bss)
    hadc2                                    0x20000614   Data         108  adc.o(.bss)
    hdma_adc1                                0x20000680   Data          96  adc.o(.bss)
    hdma_adc2                                0x200006e0   Data          96  adc.o(.bss)
    hdac1                                    0x20000740   Data          20  dac.o(.bss)
    hdac3                                    0x20000754   Data          20  dac.o(.bss)
    hdac4                                    0x20000768   Data          20  dac.o(.bss)
    hopamp1                                  0x2000077c   Data          60  opamp.o(.bss)
    hopamp2                                  0x200007b8   Data          60  opamp.o(.bss)
    hopamp3                                  0x200007f4   Data          60  opamp.o(.bss)
    hopamp4                                  0x20000830   Data          60  opamp.o(.bss)
    hopamp5                                  0x2000086c   Data          60  opamp.o(.bss)
    hspi1                                    0x200008a8   Data         100  spi.o(.bss)
    hspi3                                    0x2000090c   Data         100  spi.o(.bss)
    htim1                                    0x20000970   Data          76  tim.o(.bss)
    htim2                                    0x200009bc   Data          76  tim.o(.bss)
    htim3                                    0x20000a08   Data          76  tim.o(.bss)
    htim4                                    0x20000a54   Data          76  tim.o(.bss)
    htim7                                    0x20000aa0   Data          76  tim.o(.bss)
    huart1                                   0x20000aec   Data         148  usart.o(.bss)
    huart2                                   0x20000b80   Data         148  usart.o(.bss)
    hdma_usart1_rx                           0x20000c14   Data          96  usart.o(.bss)
    htim6                                    0x20000c74   Data          76  stm32g4xx_hal_timebase_tim.o(.bss)
    xQueueRegistry                           0x20000cc0   Data          64  queue.o(.bss)
    g_adc_measure_adc1_raw                   0x200039b2   Data          20  adc_measure.o(.bss)
    g_adc_measure_adc2_raw                   0x200039c6   Data          10  adc_measure.o(.bss)
    g_adc_measure_v_adc_v                    0x200039d0   Data          20  adc_measure.o(.bss)
    g_adc_measure_v_input_v                  0x200039e4   Data          20  adc_measure.o(.bss)
    g_adc_measure_i_adc_v                    0x200039f8   Data          20  adc_measure.o(.bss)
    g_adc_measure_i_a                        0x20003a0c   Data          20  adc_measure.o(.bss)
    g_adc_measure_il_adc_v                   0x20003a20   Data          20  adc_measure.o(.bss)
    g_adc_measure_il_a                       0x20003a34   Data          20  adc_measure.o(.bss)
    g_app_control_pid_duty                   0x20003a48   Data          16  app_control.o(.bss)
    g_app_control_drv_startup_reg_status     0x20003a58   Data          30  app_control.o(.bss)
    g_app_control_drv_startup_tx             0x20003a76   Data          60  app_control.o(.bss)
    g_app_control_drv_startup_rx             0x20003ab2   Data          60  app_control.o(.bss)
    g_app_control_drv_fault_capture_count    0x20003af0   Data          20  app_control.o(.bss)
    g_app_control_drv_reg_read_status        0x20003b04   Data          30  app_control.o(.bss)
    g_app_control_drv_pin_fault_count        0x20003b24   Data          20  app_control.o(.bss)
    g_app_control_drv_pin_fault_reg_read_status 0x20003b38   Data          30  app_control.o(.bss)
    g_app_control_drv_pin_fault_all_ff_count 0x20003b58   Data          20  app_control.o(.bss)
    g_app_control_temp_last_update_tick      0x20003b6c   Data          16  app_control.o(.bss)
    g_app_control_temp_update_count          0x20003b7c   Data          16  app_control.o(.bss)
    g_app_control_temp_freq_hz               0x20003b8c   Data          16  app_control.o(.bss)
    g_app_control_pid_freq_hz                0x20003b9c   Data          16  app_control.o(.bss)
    g_app_control_test_duty                  0x20003bac   Data          20  app_control.o(.bss)
    g_drv8703_board                          0x20003d24   Data         440  drv8703_board.o(.bss)
    g_panel                                  0x20003edc   Data         156  temp_panel.o(.bss)
    htm1638                                  0x20003f78   Data          60  tm1638_board.o(.bss)
    g_calib_result                           0x20003fb4   Data         240  calib_mode.o(.bss)
    __libspace_start                         0x200043c4   Data          96  libspace.o(.bss)
    __temporary_stack_top$libspace           0x20004424   Data           0  libspace.o(.bss)



==============================================================================

Memory Map of the image

  Image Entry point : 0x080001d9

  Load Region LR_IROM1 (Base: 0x08000000, Size: 0x0000f2e8, Max: 0x00040000, ABSOLUTE, COMPRESSED[0x0000ef38])

    Execution Region ER_IROM1 (Exec base: 0x08000000, Load base: 0x08000000, Size: 0x0000eed8, Max: 0x00040000, ABSOLUTE)

    Exec Addr    Load Addr    Size         Type   Attr      Idx    E Section Name        Object

    0x08000000   0x08000000   0x000001d8   Data   RO            3    RESET               startup_stm32g474xx.o
    0x080001d8   0x080001d8   0x00000008   Code   RO         8653  * !!!main             c_w.l(__main.o)
    0x080001e0   0x080001e0   0x00000034   Code   RO         8891    !!!scatter          c_w.l(__scatter.o)
    0x08000214   0x08000214   0x0000005a   Code   RO         8889    !!dczerorl2         c_w.l(__dczerorl2.o)
    0x0800026e   0x0800026e   0x00000002   PAD
    0x08000270   0x08000270   0x0000001c   Code   RO         8893    !!handler_zi        c_w.l(__scatter_zi.o)
    0x0800028c   0x0800028c   0x00000000   Code   RO         8640    .ARM.Collect$$_printf_percent$$00000000  c_w.l(_printf_percent.o)
    0x0800028c   0x0800028c   0x00000006   Code   RO         8639    .ARM.Collect$$_printf_percent$$00000003  c_w.l(_printf_f.o)
    0x08000292   0x08000292   0x00000006   Code   RO         8638    .ARM.Collect$$_printf_percent$$0000000A  c_w.l(_printf_u.o)
    0x08000298   0x08000298   0x00000004   Code   RO         8674    .ARM.Collect$$_printf_percent$$00000017  c_w.l(_printf_percent_end.o)
    0x0800029c   0x0800029c   0x00000002   Code   RO         8760    .ARM.Collect$$libinit$$00000000  c_w.l(libinit.o)
    0x0800029e   0x0800029e   0x00000004   Code   RO         8761    .ARM.Collect$$libinit$$00000001  c_w.l(libinit2.o)
    0x080002a2   0x080002a2   0x00000000   Code   RO         8764    .ARM.Collect$$libinit$$00000004  c_w.l(libinit2.o)
    0x080002a2   0x080002a2   0x00000000   Code   RO         8767    .ARM.Collect$$libinit$$0000000A  c_w.l(libinit2.o)
    0x080002a2   0x080002a2   0x00000000   Code   RO         8769    .ARM.Collect$$libinit$$0000000C  c_w.l(libinit2.o)
    0x080002a2   0x080002a2   0x00000000   Code   RO         8771    .ARM.Collect$$libinit$$0000000E  c_w.l(libinit2.o)
    0x080002a2   0x080002a2   0x00000006   Code   RO         8772    .ARM.Collect$$libinit$$0000000F  c_w.l(libinit2.o)
    0x080002a8   0x080002a8   0x00000000   Code   RO         8774    .ARM.Collect$$libinit$$00000011  c_w.l(libinit2.o)
    0x080002a8   0x080002a8   0x00000000   Code   RO         8776    .ARM.Collect$$libinit$$00000013  c_w.l(libinit2.o)
    0x080002a8   0x080002a8   0x00000000   Code   RO         8778    .ARM.Collect$$libinit$$00000015  c_w.l(libinit2.o)
    0x080002a8   0x080002a8   0x0000000a   Code   RO         8779    .ARM.Collect$$libinit$$00000016  c_w.l(libinit2.o)
    0x080002b2   0x080002b2   0x00000000   Code   RO         8780    .ARM.Collect$$libinit$$00000017  c_w.l(libinit2.o)
    0x080002b2   0x080002b2   0x00000000   Code   RO         8782    .ARM.Collect$$libinit$$00000019  c_w.l(libinit2.o)
    0x080002b2   0x080002b2   0x00000000   Code   RO         8784    .ARM.Collect$$libinit$$0000001B  c_w.l(libinit2.o)
    0x080002b2   0x080002b2   0x00000000   Code   RO         8786    .ARM.Collect$$libinit$$0000001D  c_w.l(libinit2.o)
    0x080002b2   0x080002b2   0x00000000   Code   RO         8788    .ARM.Collect$$libinit$$0000001F  c_w.l(libinit2.o)
    0x080002b2   0x080002b2   0x00000000   Code   RO         8790    .ARM.Collect$$libinit$$00000021  c_w.l(libinit2.o)
    0x080002b2   0x080002b2   0x00000000   Code   RO         8792    .ARM.Collect$$libinit$$00000023  c_w.l(libinit2.o)
    0x080002b2   0x080002b2   0x00000000   Code   RO         8794    .ARM.Collect$$libinit$$00000025  c_w.l(libinit2.o)
    0x080002b2   0x080002b2   0x00000000   Code   RO         8798    .ARM.Collect$$libinit$$0000002C  c_w.l(libinit2.o)
    0x080002b2   0x080002b2   0x00000000   Code   RO         8800    .ARM.Collect$$libinit$$0000002E  c_w.l(libinit2.o)
    0x080002b2   0x080002b2   0x00000000   Code   RO         8802    .ARM.Collect$$libinit$$00000030  c_w.l(libinit2.o)
    0x080002b2   0x080002b2   0x00000000   Code   RO         8804    .ARM.Collect$$libinit$$00000032  c_w.l(libinit2.o)
    0x080002b2   0x080002b2   0x00000002   Code   RO         8805    .ARM.Collect$$libinit$$00000033  c_w.l(libinit2.o)
    0x080002b4   0x080002b4   0x00000002   Code   RO         8852    .ARM.Collect$$libshutdown$$00000000  c_w.l(libshutdown.o)
    0x080002b6   0x080002b6   0x00000000   Code   RO         8870    .ARM.Collect$$libshutdown$$00000002  c_w.l(libshutdown2.o)
    0x080002b6   0x080002b6   0x00000000   Code   RO         8872    .ARM.Collect$$libshutdown$$00000004  c_w.l(libshutdown2.o)
    0x080002b6   0x080002b6   0x00000000   Code   RO         8874    .ARM.Collect$$libshutdown$$00000006  c_w.l(libshutdown2.o)
    0x080002b6   0x080002b6   0x00000000   Code   RO         8877    .ARM.Collect$$libshutdown$$00000009  c_w.l(libshutdown2.o)
    0x080002b6   0x080002b6   0x00000000   Code   RO         8880    .ARM.Collect$$libshutdown$$0000000C  c_w.l(libshutdown2.o)
    0x080002b6   0x080002b6   0x00000000   Code   RO         8882    .ARM.Collect$$libshutdown$$0000000E  c_w.l(libshutdown2.o)
    0x080002b6   0x080002b6   0x00000000   Code   RO         8885    .ARM.Collect$$libshutdown$$00000011  c_w.l(libshutdown2.o)
    0x080002b6   0x080002b6   0x00000002   Code   RO         8886    .ARM.Collect$$libshutdown$$00000012  c_w.l(libshutdown2.o)
    0x080002b8   0x080002b8   0x00000000   Code   RO         8659    .ARM.Collect$$rtentry$$00000000  c_w.l(__rtentry.o)
    0x080002b8   0x080002b8   0x00000000   Code   RO         8683    .ARM.Collect$$rtentry$$00000002  c_w.l(__rtentry2.o)
    0x080002b8   0x080002b8   0x00000006   Code   RO         8695    .ARM.Collect$$rtentry$$00000004  c_w.l(__rtentry4.o)
    0x080002be   0x080002be   0x00000000   Code   RO         8685    .ARM.Collect$$rtentry$$00000009  c_w.l(__rtentry2.o)
    0x080002be   0x080002be   0x00000004   Code   RO         8686    .ARM.Collect$$rtentry$$0000000A  c_w.l(__rtentry2.o)
    0x080002c2   0x080002c2   0x00000000   Code   RO         8688    .ARM.Collect$$rtentry$$0000000C  c_w.l(__rtentry2.o)
    0x080002c2   0x080002c2   0x00000008   Code   RO         8689    .ARM.Collect$$rtentry$$0000000D  c_w.l(__rtentry2.o)
    0x080002ca   0x080002ca   0x00000002   Code   RO         8806    .ARM.Collect$$rtexit$$00000000  c_w.l(rtexit.o)
    0x080002cc   0x080002cc   0x00000000   Code   RO         8821    .ARM.Collect$$rtexit$$00000002  c_w.l(rtexit2.o)
    0x080002cc   0x080002cc   0x00000004   Code   RO         8822    .ARM.Collect$$rtexit$$00000003  c_w.l(rtexit2.o)
    0x080002d0   0x080002d0   0x00000006   Code   RO         8823    .ARM.Collect$$rtexit$$00000004  c_w.l(rtexit2.o)
    0x080002d6   0x080002d6   0x00000002   PAD
    0x080002d8   0x080002d8   0x000000be   Code   RO         7257    .emb_text           port.o
    0x08000396   0x08000396   0x00000002   PAD
    0x08000398   0x08000398   0x00000040   Code   RO            4    .text               startup_stm32g474xx.o
    0x080003d8   0x080003d8   0x000000ee   Code   RO         8608    .text               c_w.l(lludivv7m.o)
    0x080004c6   0x080004c6   0x00000002   PAD
    0x080004c8   0x080004c8   0x00000038   Code   RO         8610    .text               c_w.l(__2snprintf.o)
    0x08000500   0x08000500   0x00000078   Code   RO         8616    .text               c_w.l(_printf_dec.o)
    0x08000578   0x08000578   0x00000188   Code   RO         8635    .text               c_w.l(__printf_flags_ss_wp.o)
    0x08000700   0x08000700   0x0000008a   Code   RO         8641    .text               c_w.l(rt_memcpy_v6.o)
    0x0800078a   0x0800078a   0x00000064   Code   RO         8643    .text               c_w.l(rt_memcpy_w.o)
    0x080007ee   0x080007ee   0x00000010   Code   RO         8647    .text               c_w.l(aeabi_memset.o)
    0x080007fe   0x080007fe   0x0000004e   Code   RO         8649    .text               c_w.l(rt_memclr_w.o)
    0x0800084c   0x0800084c   0x00000006   Code   RO         8651    .text               c_w.l(heapauxi.o)
    0x08000852   0x08000852   0x000000b2   Code   RO         8664    .text               c_w.l(_printf_intcommon.o)
    0x08000904   0x08000904   0x0000041e   Code   RO         8666    .text               c_w.l(_printf_fp_dec.o)
    0x08000d22   0x08000d22   0x00000002   PAD
    0x08000d24   0x08000d24   0x00000030   Code   RO         8668    .text               c_w.l(_printf_char_common.o)
    0x08000d54   0x08000d54   0x0000000a   Code   RO         8670    .text               c_w.l(_sputc.o)
    0x08000d5e   0x08000d5e   0x00000010   Code   RO         8672    .text               c_w.l(_snputc.o)
    0x08000d6e   0x08000d6e   0x00000044   Code   RO         8675    .text               c_w.l(rt_memclr.o)
    0x08000db2   0x08000db2   0x00000002   PAD
    0x08000db4   0x08000db4   0x00000008   Code   RO         8702    .text               c_w.l(rt_locale_intlibspace.o)
    0x08000dbc   0x08000dbc   0x0000008a   Code   RO         8704    .text               c_w.l(lludiv10.o)
    0x08000e46   0x08000e46   0x00000002   PAD
    0x08000e48   0x08000e48   0x00000080   Code   RO         8706    .text               c_w.l(_printf_fp_infnan.o)
    0x08000ec8   0x08000ec8   0x000000e4   Code   RO         8710    .text               c_w.l(bigflt0.o)
    0x08000fac   0x08000fac   0x00000008   Code   RO         8742    .text               c_w.l(libspace.o)
    0x08000fb4   0x08000fb4   0x0000004a   Code   RO         8745    .text               c_w.l(sys_stackheap_outer.o)
    0x08000ffe   0x08000ffe   0x00000012   Code   RO         8747    .text               c_w.l(exit.o)
    0x08001010   0x08001010   0x00000080   Code   RO         8753    .text               c_w.l(strcmpv7m.o)
    0x08001090   0x08001090   0x0000000c   Code   RO         8818    .text               c_w.l(sys_exit.o)
    0x0800109c   0x0800109c   0x00000002   Code   RO         8839    .text               c_w.l(use_no_semi.o)
    0x0800109e   0x0800109e   0x00000000   Code   RO         8841    .text               c_w.l(indicate_semi.o)
    0x0800109e   0x0800109e   0x0000003e   Code   RO         8713    CL$$btod_d2e        c_w.l(btod.o)
    0x080010dc   0x080010dc   0x00000046   Code   RO         8715    CL$$btod_d2e_denorm_low  c_w.l(btod.o)
    0x08001122   0x08001122   0x00000060   Code   RO         8714    CL$$btod_d2e_norm_op1  c_w.l(btod.o)
    0x08001182   0x08001182   0x00000338   Code   RO         8723    CL$$btod_div_common  c_w.l(btod.o)
    0x080014ba   0x080014ba   0x000000dc   Code   RO         8720    CL$$btod_e2e        c_w.l(btod.o)
    0x08001596   0x08001596   0x0000002a   Code   RO         8717    CL$$btod_ediv       c_w.l(btod.o)
    0x080015c0   0x080015c0   0x0000002a   Code   RO         8716    CL$$btod_emul       c_w.l(btod.o)
    0x080015ea   0x080015ea   0x00000244   Code   RO         8722    CL$$btod_mult_common  c_w.l(btod.o)
    0x0800182e   0x0800182e   0x00000002   PAD
    0x08001830   0x08001830   0x000000f4   Code   RO         2172    i.ADC_ConversionStop  stm32g4xx_hal_adc.o
    0x08001924   0x08001924   0x0000007e   Code   RO         2173    i.ADC_DMAConvCplt   stm32g4xx_hal_adc.o
    0x080019a2   0x080019a2   0x0000001a   Code   RO         2174    i.ADC_DMAError      stm32g4xx_hal_adc.o
    0x080019bc   0x080019bc   0x0000000a   Code   RO         2175    i.ADC_DMAHalfConvCplt  stm32g4xx_hal_adc.o
    0x080019c6   0x080019c6   0x00000002   PAD
    0x080019c8   0x080019c8   0x00000084   Code   RO         2176    i.ADC_Disable       stm32g4xx_hal_adc.o
    0x08001a4c   0x08001a4c   0x000000e4   Code   RO         2177    i.ADC_Enable        stm32g4xx_hal_adc.o
    0x08001b30   0x08001b30   0x000000cc   Code   RO         7340    i.AdcMeasure_CalibrateCurrentZero  adc_measure.o
    0x08001bfc   0x08001bfc   0x00000060   Code   RO         7341    i.AdcMeasure_ConfigAdc1Channels  adc_measure.o
    0x08001c5c   0x08001c5c   0x0000005c   Code   RO         7342    i.AdcMeasure_ConfigAdc2Channels  adc_measure.o
    0x08001cb8   0x08001cb8   0x0000004c   Code   RO         7343    i.AdcMeasure_CopyAdc1Raw  adc_measure.o
    0x08001d04   0x08001d04   0x00000038   Code   RO         7344    i.AdcMeasure_CopyAdc2Raw  adc_measure.o
    0x08001d3c   0x08001d3c   0x00000012   Code   RO         7345    i.AdcMeasure_CurrentFromVoltage  adc_measure.o
    0x08001d4e   0x08001d4e   0x00000002   PAD
    0x08001d50   0x08001d50   0x00000220   Code   RO         7346    i.AdcMeasure_Process  adc_measure.o
    0x08001f70   0x08001f70   0x00000024   Code   RO         7347    i.AdcMeasure_RawToVoltage  adc_measure.o
    0x08001f94   0x08001f94   0x00000038   Code   RO         7348    i.AdcMeasure_Start  adc_measure.o
    0x08001fcc   0x08001fcc   0x00000048   Code   RO         7349    i.AdcMeasure_StartAdc1  adc_measure.o
    0x08002014   0x08002014   0x00000048   Code   RO         7350    i.AdcMeasure_StartAdc2  adc_measure.o
    0x0800205c   0x0800205c   0x0000001c   Code   RO         7351    i.AdcMeasure_StartTim7  adc_measure.o
    0x08002078   0x08002078   0x00000010   Code   RO         7441    i.AppControl_Abs    app_control.o
    0x08002088   0x08002088   0x000000ac   Code   RO         7442    i.AppControl_ApplyDebugState  app_control.o
    0x08002134   0x08002134   0x000000a4   Code   RO         7443    i.AppControl_CaptureDrvFault  app_control.o
    0x080021d8   0x080021d8   0x00000218   Code   RO         7444    i.AppControl_CaptureDrvPinFaultMoment  app_control.o
    0x080023f0   0x080023f0   0x00000054   Code   RO         7445    i.AppControl_CaptureDrvSleepRegs  app_control.o
    0x08002444   0x08002444   0x000000d0   Code   RO         7446    i.AppControl_CaptureDrvStartupRegs  app_control.o
    0x08002514   0x08002514   0x000000ac   Code   RO         7447    i.AppControl_CapturePeriodicDrvRegs  app_control.o
    0x080025c0   0x080025c0   0x00000010   Code   RO         7448    i.AppControl_CellDrvError  app_control.o
    0x080025d0   0x080025d0   0x0000000c   Code   RO         7449    i.AppControl_CellFirstDrv  app_control.o
    0x080025dc   0x080025dc   0x00000024   Code   RO         7450    i.AppControl_CellHardwareOk  app_control.o
    0x08002600   0x08002600   0x0000009c   Code   RO         7451    i.AppControl_CheckDrvFaults  app_control.o
    0x0800269c   0x0800269c   0x00000002   Code   RO         7452    i.AppControl_CheckVoltageFaults  app_control.o
    0x0800269e   0x0800269e   0x00000020   Code   RO         7453    i.AppControl_Clamp  app_control.o
    0x080026be   0x080026be   0x00000036   Code   RO         7454    i.AppControl_CommitDrvRegsToDebug  app_control.o
    0x080026f4   0x080026f4   0x0000002c   Code   RO         7455    i.AppControl_DrvExpectedReg  app_control.o
    0x08002720   0x08002720   0x00000010   Code   RO         7456    i.AppControl_DrvFaultRequiresStop  app_control.o
    0x08002730   0x08002730   0x00000054   Code   RO         7457    i.AppControl_DrvRegSampleIsInvalid  app_control.o
    0x08002784   0x08002784   0x0000001c   Code   RO         7458    i.AppControl_DrvRegSamplesEqual  app_control.o
    0x080027a0   0x080027a0   0x0000024c   Code   RO         7459    i.AppControl_Init   app_control.o
    0x080029ec   0x080029ec   0x0000001c   Code   RO         7460    i.AppControl_IsTempSensorError  app_control.o
    0x08002a08   0x08002a08   0x00000010   Code   RO         7461    i.AppControl_Lock   app_control.o
    0x08002a18   0x08002a18   0x00000038   Code   RO         7462    i.AppControl_PostCommand  app_control.o
    0x08002a50   0x08002a50   0x000000f4   Code   RO         7463    i.AppControl_PrepareDrv  app_control.o
    0x08002b44   0x08002b44   0x00000040   Code   RO         7464    i.AppControl_ProcessCommands  app_control.o
    0x08002b84   0x08002b84   0x000000c4   Code   RO         7465    i.AppControl_ReadAllDrvRegsRaw  app_control.o
    0x08002c48   0x08002c48   0x00000050   Code   RO         7466    i.AppControl_ReadDrvRegsLocal  app_control.o
    0x08002c98   0x08002c98   0x00000064   Code   RO         7467    i.AppControl_ReadDrvRegsToDebug  app_control.o
    0x08002cfc   0x08002cfc   0x000000e8   Code   RO         7468    i.AppControl_ReadDrvRegsToDebugStableRetry  app_control.o
    0x08002de4   0x08002de4   0x00000030   Code   RO         7469    i.AppControl_RequestTempSensorReset  app_control.o
    0x08002e14   0x08002e14   0x00000228   Code   RO         7470    i.AppControl_RunClosedLoop  app_control.o
    0x0800303c   0x0800303c   0x000000a4   Code   RO         7471    i.AppControl_ServiceErrorDisplayTimeout  app_control.o
    0x080030e0   0x080030e0   0x0000003c   Code   RO         7472    i.AppControl_ServiceTempSensorReset  app_control.o
    0x0800311c   0x0800311c   0x00000050   Code   RO         7473    i.AppControl_SetCellError  app_control.o
    0x0800316c   0x0800316c   0x000000e4   Code   RO         7474    i.AppControl_SetDrvDuty  app_control.o
    0x08003250   0x08003250   0x00000018   Code   RO         7475    i.AppControl_SharedDrvNeeded  app_control.o
    0x08003268   0x08003268   0x00000048   Code   RO         7476    i.AppControl_SleepDrv  app_control.o
    0x080032b0   0x080032b0   0x00000140   Code   RO         7477    i.AppControl_StartCell  app_control.o
    0x080033f0   0x080033f0   0x000000cc   Code   RO         7478    i.AppControl_StopCell  app_control.o
    0x080034bc   0x080034bc   0x000001e8   Code   RO         7479    i.AppControl_Task   app_control.o
    0x080036a4   0x080036a4   0x00000030   Code   RO         7480    i.AppControl_TempInputIsFresh  app_control.o
    0x080036d4   0x080036d4   0x00000024   Code   RO         7481    i.AppControl_TempSensorError  app_control.o
    0x080036f8   0x080036f8   0x0000000c   Code   RO         7482    i.AppControl_Unlock  app_control.o
    0x08003704   0x08003704   0x00000070   Code   RO         7483    i.AppControl_UpdatePanel  app_control.o
    0x08003774   0x08003774   0x00000268   Code   RO         7484    i.AppControl_UpdateTemperatureInputs  app_control.o
    0x080039dc   0x080039dc   0x00000124   Code   RO          389    i.AppDebug_LogNormal  app_freertos.o
    0x08003b00   0x08003b00   0x00000030   Code   RO          390    i.AppDebug_UartSend  app_freertos.o
    0x08003b30   0x08003b30   0x00000058   Code   RO          391    i.App_StartSynchronizedPwmTimebase  app_freertos.o
    0x08003b88   0x08003b88   0x00000010   Code   RO          392    i.App_TIM_BaseStartIfStopped  app_freertos.o
    0x08003b98   0x08003b98   0x00000002   Code   RO          865    i.BusFault_Handler  stm32g4xx_it.o
    0x08003b9a   0x08003b9a   0x00000002   PAD
    0x08003b9c   0x08003b9c   0x0000002c   Code   RO         8393    i.CalibMode_CRC16   calib_mode.o
    0x08003bc8   0x08003bc8   0x00000024   Code   RO         8394    i.CalibMode_CalcStableAverageCh  calib_mode.o
    0x08003bec   0x08003bec   0x00000124   Code   RO         8395    i.CalibMode_FinishStep  calib_mode.o
    0x08003d10   0x08003d10   0x0000003c   Code   RO         8396    i.CalibMode_GetCellTemp  calib_mode.o
    0x08003d4c   0x08003d4c   0x00000078   Code   RO         8397    i.CalibMode_GetWindowSpan  calib_mode.o
    0x08003dc4   0x08003dc4   0x00000034   Code   RO         8398    i.CalibMode_InitStep  calib_mode.o
    0x08003df8   0x08003df8   0x00000028   Code   RO         8399    i.CalibMode_IsNewTempData  calib_mode.o
    0x08003e20   0x08003e20   0x00000014   Code   RO         8400    i.CalibMode_IsWindowFull  calib_mode.o
    0x08003e34   0x08003e34   0x000000f4   Code   RO         8402    i.CalibMode_LogPeriodic  calib_mode.o
    0x08003f28   0x08003f28   0x00000028   Code   RO         8403    i.CalibMode_PushWindow  calib_mode.o
    0x08003f50   0x08003f50   0x0000005c   Code   RO         8404    i.CalibMode_SetStepDuty  calib_mode.o
    0x08003fac   0x08003fac   0x000000d8   Code   RO         8405    i.CalibMode_Start   calib_mode.o
    0x08004084   0x08004084   0x00000020   Code   RO         8406    i.CalibMode_StepDuty  calib_mode.o
    0x080040a4   0x080040a4   0x0000028c   Code   RO         8408    i.CalibMode_Task    calib_mode.o
    0x08004330   0x08004330   0x0000002c   Code   RO         8409    i.CalibMode_UartSend  calib_mode.o
    0x0800435c   0x0800435c   0x00000088   Code   RO         8410    i.CalibMode_WriteToFlash  calib_mode.o
    0x080043e4   0x080043e4   0x000000a0   Code   RO           13    i.CheckKeyHoldEvents  main.o
    0x08004484   0x08004484   0x00000038   Code   RO         7485    i.Control_SetTargetTemp  app_control.o
    0x080044bc   0x080044bc   0x00000008   Code   RO         7486    i.Control_StartPid  app_control.o
    0x080044c4   0x080044c4   0x00000008   Code   RO         7487    i.Control_StopPid   app_control.o
    0x080044cc   0x080044cc   0x0000000c   Code   RO          866    i.DMA1_Channel1_IRQHandler  stm32g4xx_it.o
    0x080044d8   0x080044d8   0x0000000c   Code   RO          867    i.DMA1_Channel2_IRQHandler  stm32g4xx_it.o
    0x080044e4   0x080044e4   0x0000000c   Code   RO          868    i.DMA1_Channel3_IRQHandler  stm32g4xx_it.o
    0x080044f0   0x080044f0   0x00000040   Code   RO         3546    i.DMA_CalcDMAMUXChannelBaseAndMask  stm32g4xx_hal_dma.o
    0x08004530   0x08004530   0x00000024   Code   RO         3547    i.DMA_CalcDMAMUXRequestGenBaseAndMask  stm32g4xx_hal_dma.o
    0x08004554   0x08004554   0x00000042   Code   RO         3548    i.DMA_SetConfig     stm32g4xx_hal_dma.o
    0x08004596   0x08004596   0x00000034   Code   RO         7898    i.DRV8703_BoardApplyDefaultConfig  drv8703_board.o
    0x080045ca   0x080045ca   0x00000002   PAD
    0x080045cc   0x080045cc   0x00000044   Code   RO         7899    i.DRV8703_BoardDeselectAll  drv8703_board.o
    0x08004610   0x08004610   0x0000001c   Code   RO         7900    i.DRV8703_BoardGet  drv8703_board.o
    0x0800462c   0x0800462c   0x0000003c   Code   RO         7902    i.DRV8703_BoardInitOne  drv8703_board.o
    0x08004668   0x08004668   0x000000b6   Code   RO         7737    i.DRV8703_CheckFaultPins  drv8703.o
    0x0800471e   0x0800471e   0x00000028   Code   RO         7738    i.DRV8703_ClearFault  drv8703.o
    0x08004746   0x08004746   0x000000a8   Code   RO         7739    i.DRV8703_Configure  drv8703.o
    0x080047ee   0x080047ee   0x0000000a   Code   RO         7740    i.DRV8703_CsHigh    drv8703.o
    0x080047f8   0x080047f8   0x0000000a   Code   RO         7741    i.DRV8703_CsLow     drv8703.o
    0x08004802   0x08004802   0x00000048   Code   RO         7744    i.DRV8703_DefaultDeviceConfig  drv8703.o
    0x0800484a   0x0800484a   0x00000002   PAD
    0x0800484c   0x0800484c   0x00000030   Code   RO         7746    i.DRV8703_DutyToCompare  drv8703.o
    0x0800487c   0x0800487c   0x0000007c   Code   RO         7747    i.DRV8703_Init      drv8703.o
    0x080048f8   0x080048f8   0x00000084   Code   RO         7748    i.DRV8703_InitSafeState  drv8703.o
    0x0800497c   0x0800497c   0x00000020   Code   RO         7749    i.DRV8703_IsValidDevice  drv8703.o
    0x0800499c   0x0800499c   0x00000020   Code   RO         7750    i.DRV8703_LimitFloat  drv8703.o
    0x080049bc   0x080049bc   0x00000008   Code   RO         7751    i.DRV8703_Lock      drv8703.o
    0x080049c4   0x080049c4   0x0000004a   Code   RO         7753    i.DRV8703_ReadReg   drv8703.o
    0x08004a0e   0x08004a0e   0x0000008c   Code   RO         7754    i.DRV8703_SetDuty   drv8703.o
    0x08004a9a   0x08004a9a   0x00000032   Code   RO         7755    i.DRV8703_SetPwmRaw  drv8703.o
    0x08004acc   0x08004acc   0x0000004a   Code   RO         7756    i.DRV8703_SetVrefMv  drv8703.o
    0x08004b16   0x08004b16   0x00000026   Code   RO         7757    i.DRV8703_Sleep     drv8703.o
    0x08004b3c   0x08004b3c   0x00000088   Code   RO         7758    i.DRV8703_Transfer16  drv8703.o
    0x08004bc4   0x08004bc4   0x00000008   Code   RO         7759    i.DRV8703_Unlock    drv8703.o
    0x08004bcc   0x08004bcc   0x0000002e   Code   RO         7760    i.DRV8703_Wake      drv8703.o
    0x08004bfa   0x08004bfa   0x00000034   Code   RO         7761    i.DRV8703_WriteReg  drv8703.o
    0x08004c2e   0x08004c2e   0x00000002   Code   RO          869    i.DebugMon_Handler  stm32g4xx_it.o
    0x08004c30   0x08004c30   0x00000004   Code   RO           16    i.Error_Handler     main.o
    0x08004c34   0x08004c34   0x0000005c   Code   RO         3235    i.FLASH_FlushCaches  stm32g4xx_hal_flash_ex.o
    0x08004c90   0x08004c90   0x0000003c   Code   RO         3236    i.FLASH_MassErase   stm32g4xx_hal_flash_ex.o
    0x08004ccc   0x08004ccc   0x0000004c   Code   RO         3249    i.FLASH_PageErase   stm32g4xx_hal_flash_ex.o
    0x08004d18   0x08004d18   0x0000001c   Code   RO         3126    i.FLASH_Program_DoubleWord  stm32g4xx_hal_flash.o
    0x08004d34   0x08004d34   0x0000002c   Code   RO         3127    i.FLASH_Program_Fast  stm32g4xx_hal_flash.o
    0x08004d60   0x08004d60   0x00000068   Code   RO         3128    i.FLASH_WaitForLastOperation  stm32g4xx_hal_flash.o
    0x08004dc8   0x08004dc8   0x00000030   Code   RO         8525    i.FlashStorage_DoErasePage  flash_storage.o
    0x08004df8   0x08004df8   0x00000030   Code   RO         8527    i.FlashStorage_ErasePage  flash_storage.o
    0x08004e28   0x08004e28   0x00000030   Code   RO         8528    i.FlashStorage_Init  flash_storage.o
    0x08004e58   0x08004e58   0x00000018   Code   RO         8529    i.FlashStorage_IsErased  flash_storage.o
    0x08004e70   0x08004e70   0x00000020   Code   RO         8530    i.FlashStorage_LockAndReturn  flash_storage.o
    0x08004e90   0x08004e90   0x00000006   Code   RO         8531    i.FlashStorage_OffsetToPage  flash_storage.o
    0x08004e96   0x08004e96   0x00000002   PAD
    0x08004e98   0x08004e98   0x0000000c   Code   RO         8532    i.FlashStorage_PageAddr  flash_storage.o
    0x08004ea4   0x08004ea4   0x00000014   Code   RO         8533    i.FlashStorage_ProgramDoubleWord  flash_storage.o
    0x08004eb8   0x08004eb8   0x0000015c   Code   RO         8535    i.FlashStorage_Write  flash_storage.o
    0x08005014   0x08005014   0x0000009c   Code   RO         2415    i.HAL_ADCEx_Calibration_Start  stm32g4xx_hal_adc_ex.o
    0x080050b0   0x080050b0   0x0000016c   Code   RO         2432    i.HAL_ADCEx_MultiModeConfigChannel  stm32g4xx_hal_adc_ex.o
    0x0800521c   0x0800521c   0x00000480   Code   RO         2179    i.HAL_ADC_ConfigChannel  stm32g4xx_hal_adc.o
    0x0800569c   0x0800569c   0x00000034   Code   RO         7352    i.HAL_ADC_ConvCpltCallback  adc_measure.o
    0x080056d0   0x080056d0   0x00000002   Code   RO         2181    i.HAL_ADC_ConvHalfCpltCallback  stm32g4xx_hal_adc.o
    0x080056d2   0x080056d2   0x00000002   PAD
    0x080056d4   0x080056d4   0x00000028   Code   RO         7353    i.HAL_ADC_ErrorCallback  adc_measure.o
    0x080056fc   0x080056fc   0x00000244   Code   RO         2188    i.HAL_ADC_Init      stm32g4xx_hal_adc.o
    0x08005940   0x08005940   0x000001f8   Code   RO          505    i.HAL_ADC_MspInit   adc.o
    0x08005b38   0x08005b38   0x00000130   Code   RO         2196    i.HAL_ADC_Start_DMA  stm32g4xx_hal_adc.o
    0x08005c68   0x08005c68   0x0000007e   Code   RO         2200    i.HAL_ADC_Stop_DMA  stm32g4xx_hal_adc.o
    0x08005ce6   0x08005ce6   0x00000002   Code   RO         4349    i.HAL_DACEx_DMAUnderrunCallbackCh2  stm32g4xx_hal_dac_ex.o
    0x08005ce8   0x08005ce8   0x000001e8   Code   RO         4203    i.HAL_DAC_ConfigChannel  stm32g4xx_hal_dac.o
    0x08005ed0   0x08005ed0   0x00000002   Code   RO         4206    i.HAL_DAC_DMAUnderrunCallbackCh1  stm32g4xx_hal_dac.o
    0x08005ed2   0x08005ed2   0x00000068   Code   RO         4212    i.HAL_DAC_IRQHandler  stm32g4xx_hal_dac.o
    0x08005f3a   0x08005f3a   0x0000002a   Code   RO         4213    i.HAL_DAC_Init      stm32g4xx_hal_dac.o
    0x08005f64   0x08005f64   0x000000b4   Code   RO          554    i.HAL_DAC_MspInit   dac.o
    0x08006018   0x08006018   0x0000003c   Code   RO         4216    i.HAL_DAC_SetValue  stm32g4xx_hal_dac.o
    0x08006054   0x08006054   0x00000088   Code   RO         4217    i.HAL_DAC_Start     stm32g4xx_hal_dac.o
    0x080060dc   0x080060dc   0x00000068   Code   RO         3549    i.HAL_DMA_Abort     stm32g4xx_hal_dma.o
    0x08006144   0x08006144   0x00000076   Code   RO         3550    i.HAL_DMA_Abort_IT  stm32g4xx_hal_dma.o
    0x080061ba   0x080061ba   0x00000004   Code   RO         3552    i.HAL_DMA_GetError  stm32g4xx_hal_dma.o
    0x080061be   0x080061be   0x000000cc   Code   RO         3554    i.HAL_DMA_IRQHandler  stm32g4xx_hal_dma.o
    0x0800628a   0x0800628a   0x00000002   PAD
    0x0800628c   0x0800628c   0x000000c0   Code   RO         3555    i.HAL_DMA_Init      stm32g4xx_hal_dma.o
    0x0800634c   0x0800634c   0x00000090   Code   RO         3559    i.HAL_DMA_Start_IT  stm32g4xx_hal_dma.o
    0x080063dc   0x080063dc   0x00000024   Code   RO         2636    i.HAL_Delay         stm32g4xx_hal.o
    0x08006400   0x08006400   0x000000f8   Code   RO         3253    i.HAL_FLASHEx_Erase  stm32g4xx_hal_flash_ex.o
    0x080064f8   0x080064f8   0x0000001c   Code   RO         3132    i.HAL_FLASH_Lock    stm32g4xx_hal_flash.o
    0x08006514   0x08006514   0x000000b4   Code   RO         3137    i.HAL_FLASH_Program  stm32g4xx_hal_flash.o
    0x080065c8   0x080065c8   0x00000028   Code   RO         3139    i.HAL_FLASH_Unlock  stm32g4xx_hal_flash.o
    0x080065f0   0x080065f0   0x000001b0   Code   RO         3411    i.HAL_GPIO_Init     stm32g4xx_hal_gpio.o
    0x080067a0   0x080067a0   0x0000000e   Code   RO         3413    i.HAL_GPIO_ReadPin  stm32g4xx_hal_gpio.o
    0x080067ae   0x080067ae   0x00000010   Code   RO         3414    i.HAL_GPIO_TogglePin  stm32g4xx_hal_gpio.o
    0x080067be   0x080067be   0x0000000c   Code   RO         3415    i.HAL_GPIO_WritePin  stm32g4xx_hal_gpio.o
    0x080067ca   0x080067ca   0x00000002   PAD
    0x080067cc   0x080067cc   0x0000000c   Code   RO         2640    i.HAL_GetTick       stm32g4xx_hal.o
    0x080067d8   0x080067d8   0x00000010   Code   RO         2646    i.HAL_IncTick       stm32g4xx_hal.o
    0x080067e8   0x080067e8   0x0000001e   Code   RO         2647    i.HAL_Init          stm32g4xx_hal.o
    0x08006806   0x08006806   0x00000002   PAD
    0x08006808   0x08006808   0x00000088   Code   RO          977    i.HAL_InitTick      stm32g4xx_hal_timebase_tim.o
    0x08006890   0x08006890   0x0000003c   Code   RO          953    i.HAL_MspInit       stm32g4xx_hal_msp.o
    0x080068cc   0x080068cc   0x0000001a   Code   RO         4060    i.HAL_NVIC_EnableIRQ  stm32g4xx_hal_cortex.o
    0x080068e6   0x080068e6   0x00000002   PAD
    0x080068e8   0x080068e8   0x00000040   Code   RO         4066    i.HAL_NVIC_SetPriority  stm32g4xx_hal_cortex.o
    0x08006928   0x08006928   0x00000024   Code   RO         4067    i.HAL_NVIC_SetPriorityGrouping  stm32g4xx_hal_cortex.o
    0x0800694c   0x0800694c   0x0000011c   Code   RO         4491    i.HAL_OPAMP_Init    stm32g4xx_hal_opamp.o
    0x08006a68   0x08006a68   0x0000011c   Code   RO          632    i.HAL_OPAMP_MspInit  opamp.o
    0x08006b84   0x08006b84   0x00000036   Code   RO         4497    i.HAL_OPAMP_Start   stm32g4xx_hal_opamp.o
    0x08006bba   0x08006bba   0x00000002   PAD
    0x08006bbc   0x08006bbc   0x000000cc   Code   RO         3814    i.HAL_PWREx_ControlVoltageScaling  stm32g4xx_hal_pwr_ex.o
    0x08006c88   0x08006c88   0x00000010   Code   RO         3826    i.HAL_PWREx_DisableUCPDDeadBattery  stm32g4xx_hal_pwr_ex.o
    0x08006c98   0x08006c98   0x00000310   Code   RO         3012    i.HAL_RCCEx_PeriphCLKConfig  stm32g4xx_hal_rcc_ex.o
    0x08006fa8   0x08006fa8   0x000001c8   Code   RO         2882    i.HAL_RCC_ClockConfig  stm32g4xx_hal_rcc.o
    0x08007170   0x08007170   0x0000003c   Code   RO         2887    i.HAL_RCC_GetClockConfig  stm32g4xx_hal_rcc.o
    0x080071ac   0x080071ac   0x0000000c   Code   RO         2888    i.HAL_RCC_GetHCLKFreq  stm32g4xx_hal_rcc.o
    0x080071b8   0x080071b8   0x00000024   Code   RO         2890    i.HAL_RCC_GetPCLK1Freq  stm32g4xx_hal_rcc.o
    0x080071dc   0x080071dc   0x00000024   Code   RO         2891    i.HAL_RCC_GetPCLK2Freq  stm32g4xx_hal_rcc.o
    0x08007200   0x08007200   0x00000074   Code   RO         2892    i.HAL_RCC_GetSysClockFreq  stm32g4xx_hal_rcc.o
    0x08007274   0x08007274   0x00000450   Code   RO         2895    i.HAL_RCC_OscConfig  stm32g4xx_hal_rcc.o
    0x080076c4   0x080076c4   0x00000094   Code   RO         5371    i.HAL_RS485Ex_Init  stm32g4xx_hal_uart_ex.o
    0x08007758   0x08007758   0x000000ec   Code   RO         4607    i.HAL_SPI_Init      stm32g4xx_hal_spi.o
    0x08007844   0x08007844   0x000000c0   Code   RO          698    i.HAL_SPI_MspInit   spi.o
    0x08007904   0x08007904   0x0000027c   Code   RO         4616    i.HAL_SPI_TransmitReceive  stm32g4xx_hal_spi.o
    0x08007b80   0x08007b80   0x00000002   Code   RO         1743    i.HAL_TIMEx_Break2Callback  stm32g4xx_hal_tim_ex.o
    0x08007b82   0x08007b82   0x00000002   Code   RO         1744    i.HAL_TIMEx_BreakCallback  stm32g4xx_hal_tim_ex.o
    0x08007b84   0x08007b84   0x00000002   Code   RO         1745    i.HAL_TIMEx_CommutCallback  stm32g4xx_hal_tim_ex.o
    0x08007b86   0x08007b86   0x00000002   PAD
    0x08007b88   0x08007b88   0x000000a8   Code   RO         1748    i.HAL_TIMEx_ConfigBreakDeadTime  stm32g4xx_hal_tim_ex.o
    0x08007c30   0x08007c30   0x00000002   Code   RO         1756    i.HAL_TIMEx_DirectionChangeCallback  stm32g4xx_hal_tim_ex.o
    0x08007c32   0x08007c32   0x00000002   Code   RO         1770    i.HAL_TIMEx_EncoderIndexCallback  stm32g4xx_hal_tim_ex.o
    0x08007c34   0x08007c34   0x00000002   Code   RO         1784    i.HAL_TIMEx_IndexErrorCallback  stm32g4xx_hal_tim_ex.o
    0x08007c36   0x08007c36   0x00000002   PAD
    0x08007c38   0x08007c38   0x000000b8   Code   RO         1785    i.HAL_TIMEx_MasterConfigSynchronization  stm32g4xx_hal_tim_ex.o
    0x08007cf0   0x08007cf0   0x00000002   Code   RO         1806    i.HAL_TIMEx_TransitionErrorCallback  stm32g4xx_hal_tim_ex.o
    0x08007cf2   0x08007cf2   0x0000004e   Code   RO         1018    i.HAL_TIM_Base_Init  stm32g4xx_hal_tim.o
    0x08007d40   0x08007d40   0x00000094   Code   RO          746    i.HAL_TIM_Base_MspInit  tim.o
    0x08007dd4   0x08007dd4   0x0000008c   Code   RO         1021    i.HAL_TIM_Base_Start  stm32g4xx_hal_tim.o
    0x08007e60   0x08007e60   0x00000094   Code   RO         1023    i.HAL_TIM_Base_Start_IT  stm32g4xx_hal_tim.o
    0x08007ef4   0x08007ef4   0x000000f8   Code   RO         1027    i.HAL_TIM_ConfigClockSource  stm32g4xx_hal_tim.o
    0x08007fec   0x08007fec   0x00000002   Code   RO         1052    i.HAL_TIM_IC_CaptureCallback  stm32g4xx_hal_tim.o
    0x08007fee   0x08007fee   0x000001aa   Code   RO         1066    i.HAL_TIM_IRQHandler  stm32g4xx_hal_tim.o
    0x08008198   0x08008198   0x0000010c   Code   RO          747    i.HAL_TIM_MspPostInit  tim.o
    0x080082a4   0x080082a4   0x00000002   Code   RO         1069    i.HAL_TIM_OC_DelayElapsedCallback  stm32g4xx_hal_tim.o
    0x080082a6   0x080082a6   0x00000136   Code   RO         1090    i.HAL_TIM_PWM_ConfigChannel  stm32g4xx_hal_tim.o
    0x080083dc   0x080083dc   0x0000004e   Code   RO         1093    i.HAL_TIM_PWM_Init  stm32g4xx_hal_tim.o
    0x0800842a   0x0800842a   0x00000002   Code   RO         1095    i.HAL_TIM_PWM_MspInit  stm32g4xx_hal_tim.o
    0x0800842c   0x0800842c   0x00000002   Code   RO         1096    i.HAL_TIM_PWM_PulseFinishedCallback  stm32g4xx_hal_tim.o
    0x0800842e   0x0800842e   0x00000002   PAD
    0x08008430   0x08008430   0x0000012c   Code   RO         1098    i.HAL_TIM_PWM_Start  stm32g4xx_hal_tim.o
    0x0800855c   0x0800855c   0x00000014   Code   RO           17    i.HAL_TIM_PeriodElapsedCallback  main.o
    0x08008570   0x08008570   0x00000050   Code   RO         1107    i.HAL_TIM_SlaveConfigSynchro  stm32g4xx_hal_tim.o
    0x080085c0   0x080085c0   0x00000002   Code   RO         1109    i.HAL_TIM_TriggerCallback  stm32g4xx_hal_tim.o
    0x080085c2   0x080085c2   0x0000003e   Code   RO         5372    i.HAL_UARTEx_DisableFifoMode  stm32g4xx_hal_uart_ex.o
    0x08008600   0x08008600   0x00000052   Code   RO         5378    i.HAL_UARTEx_ReceiveToIdle_DMA  stm32g4xx_hal_uart_ex.o
    0x08008652   0x08008652   0x00000002   PAD
    0x08008654   0x08008654   0x0000005c   Code   RO           18    i.HAL_UARTEx_RxEventCallback  main.o
    0x080086b0   0x080086b0   0x00000002   Code   RO         5380    i.HAL_UARTEx_RxFifoFullCallback  stm32g4xx_hal_uart_ex.o
    0x080086b2   0x080086b2   0x0000004c   Code   RO         5381    i.HAL_UARTEx_SetRxFifoThreshold  stm32g4xx_hal_uart_ex.o
    0x080086fe   0x080086fe   0x0000004c   Code   RO         5382    i.HAL_UARTEx_SetTxFifoThreshold  stm32g4xx_hal_uart_ex.o
    0x0800874a   0x0800874a   0x00000002   Code   RO         5384    i.HAL_UARTEx_TxFifoEmptyCallback  stm32g4xx_hal_uart_ex.o
    0x0800874c   0x0800874c   0x00000002   Code   RO         5385    i.HAL_UARTEx_WakeupCallback  stm32g4xx_hal_uart_ex.o
    0x0800874e   0x0800874e   0x00000002   PAD
    0x08008750   0x08008750   0x000000b0   Code   RO         4959    i.HAL_UART_AbortReceive  stm32g4xx_hal_uart.o
    0x08008800   0x08008800   0x00000024   Code   RO           19    i.HAL_UART_ErrorCallback  main.o
    0x08008824   0x08008824   0x00000324   Code   RO         4975    i.HAL_UART_IRQHandler  stm32g4xx_hal_uart.o
    0x08008b48   0x08008b48   0x00000070   Code   RO         4976    i.HAL_UART_Init     stm32g4xx_hal_uart.o
    0x08008bb8   0x08008bb8   0x00000178   Code   RO          818    i.HAL_UART_MspInit  usart.o
    0x08008d30   0x08008d30   0x00000002   Code   RO         4983    i.HAL_UART_RxCpltCallback  stm32g4xx_hal_uart.o
    0x08008d32   0x08008d32   0x00000002   Code   RO         4984    i.HAL_UART_RxHalfCpltCallback  stm32g4xx_hal_uart.o
    0x08008d34   0x08008d34   0x000000b8   Code   RO         4985    i.HAL_UART_Transmit  stm32g4xx_hal_uart.o
    0x08008dec   0x08008dec   0x00000002   Code   RO         4988    i.HAL_UART_TxCpltCallback  stm32g4xx_hal_uart.o
    0x08008dee   0x08008dee   0x00000002   PAD
    0x08008df0   0x08008df0   0x00000030   Code   RO         8197    i.HW_DelayUs        tm1638_board.o
    0x08008e20   0x08008e20   0x00000018   Code   RO         8198    i.HW_GetDIO         tm1638_board.o
    0x08008e38   0x08008e38   0x00000010   Code   RO         8199    i.HW_SetCLK         tm1638_board.o
    0x08008e48   0x08008e48   0x00000010   Code   RO         8200    i.HW_SetDIO         tm1638_board.o
    0x08008e58   0x08008e58   0x00000010   Code   RO         8201    i.HW_SetSTB         tm1638_board.o
    0x08008e68   0x08008e68   0x00000002   Code   RO          870    i.HardFault_Handler  stm32g4xx_it.o
    0x08008e6a   0x08008e6a   0x0000000c   Code   RO         2202    i.LL_ADC_GetOffsetChannel  stm32g4xx_hal_adc.o
    0x08008e76   0x08008e76   0x00000008   Code   RO         2203    i.LL_ADC_INJ_IsConversionOngoing  stm32g4xx_hal_adc.o
    0x08008e7e   0x08008e7e   0x00000008   Code   RO         2204    i.LL_ADC_IsEnabled  stm32g4xx_hal_adc.o
    0x08008e86   0x08008e86   0x00000008   Code   RO         2205    i.LL_ADC_REG_IsConversionOngoing  stm32g4xx_hal_adc.o
    0x08008e8e   0x08008e8e   0x00000008   Code   RO         2443    i.LL_ADC_REG_IsConversionOngoing  stm32g4xx_hal_adc_ex.o
    0x08008e96   0x08008e96   0x00000010   Code   RO         2206    i.LL_ADC_REG_IsTriggerSourceSWStart  stm32g4xx_hal_adc.o
    0x08008ea6   0x08008ea6   0x0000001e   Code   RO         2208    i.LL_ADC_SetChannelSamplingTime  stm32g4xx_hal_adc.o
    0x08008ec4   0x08008ec4   0x00000010   Code   RO         2209    i.LL_ADC_SetOffsetState  stm32g4xx_hal_adc.o
    0x08008ed4   0x08008ed4   0x00000190   Code   RO          506    i.MX_ADC1_Init      adc.o
    0x08009064   0x08009064   0x000000f0   Code   RO          507    i.MX_ADC2_Init      adc.o
    0x08009154   0x08009154   0x00000058   Code   RO          555    i.MX_DAC1_Init      dac.o
    0x080091ac   0x080091ac   0x00000068   Code   RO          556    i.MX_DAC3_Init      dac.o
    0x08009214   0x08009214   0x00000068   Code   RO          557    i.MX_DAC4_Init      dac.o
    0x0800927c   0x0800927c   0x0000005c   Code   RO          607    i.MX_DMA_Init       dma.o
    0x080092d8   0x080092d8   0x0000003c   Code   RO          393    i.MX_FREERTOS_Init  app_freertos.o
    0x08009314   0x08009314   0x0000019c   Code   RO          365    i.MX_GPIO_Init      gpio.o
    0x080094b0   0x080094b0   0x00000034   Code   RO          633    i.MX_OPAMP1_Init    opamp.o
    0x080094e4   0x080094e4   0x00000034   Code   RO          634    i.MX_OPAMP2_Init    opamp.o
    0x08009518   0x08009518   0x00000034   Code   RO          635    i.MX_OPAMP3_Init    opamp.o
    0x0800954c   0x0800954c   0x00000034   Code   RO          636    i.MX_OPAMP4_Init    opamp.o
    0x08009580   0x08009580   0x00000034   Code   RO          637    i.MX_OPAMP5_Init    opamp.o
    0x080095b4   0x080095b4   0x00000050   Code   RO          699    i.MX_SPI1_Init      spi.o
    0x08009604   0x08009604   0x00000050   Code   RO          700    i.MX_SPI3_Init      spi.o
    0x08009654   0x08009654   0x00000120   Code   RO          748    i.MX_TIM1_Init      tim.o
    0x08009774   0x08009774   0x000000b4   Code   RO          749    i.MX_TIM2_Init      tim.o
    0x08009828   0x08009828   0x000000a8   Code   RO          750    i.MX_TIM3_Init      tim.o
    0x080098d0   0x080098d0   0x00000098   Code   RO          751    i.MX_TIM4_Init      tim.o
    0x08009968   0x08009968   0x00000048   Code   RO          752    i.MX_TIM7_Init      tim.o
    0x080099b0   0x080099b0   0x0000006c   Code   RO          819    i.MX_USART1_UART_Init  usart.o
    0x08009a1c   0x08009a1c   0x00000068   Code   RO          820    i.MX_USART2_UART_Init  usart.o
    0x08009a84   0x08009a84   0x00000002   Code   RO          871    i.MemManage_Handler  stm32g4xx_it.o
    0x08009a86   0x08009a86   0x00000002   Code   RO          872    i.NMI_Handler       stm32g4xx_it.o
    0x08009a88   0x08009a88   0x00000006   Code   RO           20    i.OnDownKeyPressed  main.o
    0x08009a8e   0x08009a8e   0x00000006   Code   RO           21    i.OnEnterKeyPressed  main.o
    0x08009a94   0x08009a94   0x00000006   Code   RO           22    i.OnModeKeyPressed  main.o
    0x08009a9a   0x08009a9a   0x00000006   Code   RO           23    i.OnStartStopKeyPressed  main.o
    0x08009aa0   0x08009aa0   0x00000006   Code   RO           24    i.OnSwitchKeyPressed  main.o
    0x08009aa6   0x08009aa6   0x00000002   PAD
    0x08009aa8   0x08009aa8   0x00000048   Code   RO           25    i.OnTM1638Key       main.o
    0x08009af0   0x08009af0   0x00000006   Code   RO           26    i.OnUpKeyPressed    main.o
    0x08009af6   0x08009af6   0x00000002   PAD
    0x08009af8   0x08009af8   0x000000b8   Code   RO         8354    i.PID_Compute       pid_controller.o
    0x08009bb0   0x08009bb0   0x0000004c   Code   RO         8355    i.PID_Init          pid_controller.o
    0x08009bfc   0x08009bfc   0x0000001c   Code   RO         8356    i.PID_Reset         pid_controller.o
    0x08009c18   0x08009c18   0x00000016   Code   RO         8357    i.PID_SetLimits     pid_controller.o
    0x08009c2e   0x08009c2e   0x0000000a   Code   RO         8358    i.PID_SetTarget     pid_controller.o
    0x08009c38   0x08009c38   0x00000020   Code   RO         7980    i.PanelHW_BlinkOnce  temp_panel.o
    0x08009c58   0x08009c58   0x00000090   Code   RO         7981    i.PanelHW_DisplayError  temp_panel.o
    0x08009ce8   0x08009ce8   0x00000040   Code   RO         7982    i.PanelHW_DisplayNumber  temp_panel.o
    0x08009d28   0x08009d28   0x0000000c   Code   RO         7983    i.PanelHW_DisplayTemp  temp_panel.o
    0x08009d34   0x08009d34   0x00000018   Code   RO         7984    i.PanelHW_SetLed    temp_panel.o
    0x08009d4c   0x08009d4c   0x0000002a   Code   RO         7985    i.PanelKey_FromTM1638  temp_panel.o
    0x08009d76   0x08009d76   0x00000002   PAD
    0x08009d78   0x08009d78   0x00000060   Code   RO         7986    i.Panel_Init        temp_panel.o
    0x08009dd8   0x08009dd8   0x0000001a   Code   RO           27    i.Parse_Temperature_Buffer  main.o
    0x08009df2   0x08009df2   0x00000002   PAD
    0x08009df4   0x08009df4   0x000000d8   Code   RO           28    i.Parse_Temperature_Byte  main.o
    0x08009ecc   0x08009ecc   0x00000050   Code   RO         2896    i.RCC_GetSysClockFreqFromPLLSource  stm32g4xx_hal_rcc.o
    0x08009f1c   0x08009f1c   0x00000064   Code   RO         4645    i.SPI_EndRxTxTransaction  stm32g4xx_hal_spi.o
    0x08009f80   0x08009f80   0x000000e0   Code   RO         4650    i.SPI_WaitFifoStateUntilTimeout  stm32g4xx_hal_spi.o
    0x0800a060   0x0800a060   0x000000bc   Code   RO         4651    i.SPI_WaitFlagStateUntilTimeout  stm32g4xx_hal_spi.o
    0x0800a11c   0x0800a11c   0x0000013c   Code   RO          394    i.StartControlTask  app_freertos.o
    0x0800a258   0x0800a258   0x00000198   Code   RO          395    i.StartHMITask      app_freertos.o
    0x0800a3f0   0x0800a3f0   0x0000001a   Code   RO         6677    i.SysTick_Handler   cmsis_os2.o
    0x0800a40a   0x0800a40a   0x00000064   Code   RO           29    i.SystemClock_Config  main.o
    0x0800a46e   0x0800a46e   0x00000002   PAD
    0x0800a470   0x0800a470   0x00000010   Code   RO         5496    i.SystemInit        system_stm32g4xx.o
    0x0800a480   0x0800a480   0x00000024   Code   RO          873    i.TIM6_DAC_IRQHandler  stm32g4xx_it.o
    0x0800a4a4   0x0800a4a4   0x000000e4   Code   RO         1111    i.TIM_Base_SetConfig  stm32g4xx_hal_tim.o
    0x0800a588   0x0800a588   0x0000001a   Code   RO         1112    i.TIM_CCxChannelCmd  stm32g4xx_hal_tim.o
    0x0800a5a2   0x0800a5a2   0x00000014   Code   RO         1122    i.TIM_ETR_SetConfig  stm32g4xx_hal_tim.o
    0x0800a5b6   0x0800a5b6   0x00000002   PAD
    0x0800a5b8   0x0800a5b8   0x00000014   Code   RO         1123    i.TIM_ITRx_SetConfig  stm32g4xx_hal_tim.o
    0x0800a5cc   0x0800a5cc   0x000000b0   Code   RO         1124    i.TIM_OC1_SetConfig  stm32g4xx_hal_tim.o
    0x0800a67c   0x0800a67c   0x000000a4   Code   RO         1125    i.TIM_OC2_SetConfig  stm32g4xx_hal_tim.o
    0x0800a720   0x0800a720   0x000000a4   Code   RO         1126    i.TIM_OC3_SetConfig  stm32g4xx_hal_tim.o
    0x0800a7c4   0x0800a7c4   0x000000a4   Code   RO         1127    i.TIM_OC4_SetConfig  stm32g4xx_hal_tim.o
    0x0800a868   0x0800a868   0x00000078   Code   RO         1128    i.TIM_OC5_SetConfig  stm32g4xx_hal_tim.o
    0x0800a8e0   0x0800a8e0   0x0000007c   Code   RO         1129    i.TIM_OC6_SetConfig  stm32g4xx_hal_tim.o
    0x0800a95c   0x0800a95c   0x000000d4   Code   RO         1130    i.TIM_SlaveTimer_SetConfig  stm32g4xx_hal_tim.o
    0x0800aa30   0x0800aa30   0x00000022   Code   RO         1131    i.TIM_TI1_ConfigInputStage  stm32g4xx_hal_tim.o
    0x0800aa52   0x0800aa52   0x00000024   Code   RO         1133    i.TIM_TI2_ConfigInputStage  stm32g4xx_hal_tim.o
    0x0800aa76   0x0800aa76   0x00000058   Code   RO         8202    i.TM1638_BusRecover  tm1638_board.o
    0x0800aace   0x0800aace   0x00000002   PAD
    0x0800aad0   0x0800aad0   0x000000cc   Code   RO         8203    i.TM1638_CharToSeg  tm1638_board.o
    0x0800ab9c   0x0800ab9c   0x00000064   Code   RO         8204    i.TM1638_ClearDisplay  tm1638_board.o
    0x0800ac00   0x0800ac00   0x00000068   Code   RO         8205    i.TM1638_HW_Init    tm1638_board.o
    0x0800ac68   0x0800ac68   0x0000006c   Code   RO         8206    i.TM1638_Init       tm1638_board.o
    0x0800acd4   0x0800acd4   0x00000144   Code   RO         8207    i.TM1638_ProcessKeys  tm1638_board.o
    0x0800ae18   0x0800ae18   0x00000054   Code   RO         8208    i.TM1638_ReadByte   tm1638_board.o
    0x0800ae6c   0x0800ae6c   0x0000001c   Code   RO         8209    i.TM1638_RegisterKeyCallback  tm1638_board.o
    0x0800ae88   0x0800ae88   0x00000046   Code   RO         8210    i.TM1638_SendByte   tm1638_board.o
    0x0800aece   0x0800aece   0x00000002   PAD
    0x0800aed0   0x0800aed0   0x00000028   Code   RO         8211    i.TM1638_SetAllLEDs  tm1638_board.o
    0x0800aef8   0x0800aef8   0x00000008   Code   RO         8212    i.TM1638_SetBrightness  tm1638_board.o
    0x0800af00   0x0800af00   0x00000044   Code   RO         8213    i.TM1638_SetLED     tm1638_board.o
    0x0800af44   0x0800af44   0x0000002a   Code   RO         8214    i.TM1638_ShowChar   tm1638_board.o
    0x0800af6e   0x0800af6e   0x00000002   PAD
    0x0800af70   0x0800af70   0x00000028   Code   RO         8215    i.TM1638_ShowDigit  tm1638_board.o
    0x0800af98   0x0800af98   0x0000010c   Code   RO         8216    i.TM1638_ShowFloat  tm1638_board.o
    0x0800b0a4   0x0800b0a4   0x00000032   Code   RO         8217    i.TM1638_ShowString  tm1638_board.o
    0x0800b0d6   0x0800b0d6   0x00000016   Code   RO         8218    i.TM1638_UpdateDisplayCtrl  tm1638_board.o
    0x0800b0ec   0x0800b0ec   0x0000004e   Code   RO         8219    i.TM1638_WriteCommand  tm1638_board.o
    0x0800b13a   0x0800b13a   0x00000066   Code   RO         8220    i.TM1638_WriteData  tm1638_board.o
    0x0800b1a0   0x0800b1a0   0x00000098   Code   RO         7987    i.TempPanel_Init    temp_panel.o
    0x0800b238   0x0800b238   0x00000334   Code   RO         7988    i.TempPanel_KeyEvent  temp_panel.o
    0x0800b56c   0x0800b56c   0x0000000e   Code   RO         7989    i.TempPanel_SetCellError  temp_panel.o
    0x0800b57a   0x0800b57a   0x0000010a   Code   RO         7992    i.TempPanel_Task    temp_panel.o
    0x0800b684   0x0800b684   0x0000002a   Code   RO         7993    i.TempPanel_UpdateMeasuredTemp  temp_panel.o
    0x0800b6ae   0x0800b6ae   0x00000002   PAD
    0x0800b6b0   0x0800b6b0   0x00000068   Code   RO           30    i.TemperatureUart_RestartReceive  main.o
    0x0800b718   0x0800b718   0x00000048   Code   RO         5386    i.UARTEx_SetNbDataToProcess  stm32g4xx_hal_uart_ex.o
    0x0800b760   0x0800b760   0x000000c8   Code   RO         4990    i.UART_AdvFeatureConfig  stm32g4xx_hal_uart.o
    0x0800b828   0x0800b828   0x000000aa   Code   RO         4991    i.UART_CheckIdleState  stm32g4xx_hal_uart.o
    0x0800b8d2   0x0800b8d2   0x00000014   Code   RO         4992    i.UART_DMAAbortOnError  stm32g4xx_hal_uart.o
    0x0800b8e6   0x0800b8e6   0x00000050   Code   RO         4993    i.UART_DMAError     stm32g4xx_hal_uart.o
    0x0800b936   0x0800b936   0x00000086   Code   RO         4994    i.UART_DMAReceiveCplt  stm32g4xx_hal_uart.o
    0x0800b9bc   0x0800b9bc   0x00000020   Code   RO         4996    i.UART_DMARxHalfCplt  stm32g4xx_hal_uart.o
    0x0800b9dc   0x0800b9dc   0x00000054   Code   RO         5002    i.UART_EndRxTransfer  stm32g4xx_hal_uart.o
    0x0800ba30   0x0800ba30   0x00000024   Code   RO         5003    i.UART_EndTransmit_IT  stm32g4xx_hal_uart.o
    0x0800ba54   0x0800ba54   0x0000002e   Code   RO         5004    i.UART_EndTxTransfer  stm32g4xx_hal_uart.o
    0x0800ba82   0x0800ba82   0x00000002   PAD
    0x0800ba84   0x0800ba84   0x00000310   Code   RO         5009    i.UART_SetConfig    stm32g4xx_hal_uart.o
    0x0800bd94   0x0800bd94   0x000000a4   Code   RO         5010    i.UART_Start_Receive_DMA  stm32g4xx_hal_uart.o
    0x0800be38   0x0800be38   0x00000098   Code   RO         5016    i.UART_WaitOnFlagUntilTimeout  stm32g4xx_hal_uart.o
    0x0800bed0   0x0800bed0   0x0000000c   Code   RO          874    i.USART1_IRQHandler  stm32g4xx_it.o
    0x0800bedc   0x0800bedc   0x00000002   Code   RO          875    i.UsageFault_Handler  stm32g4xx_it.o
    0x0800bede   0x0800bede   0x00000030   Code   RO         8740    i.__ARM_fpclassify  m_wm.l(fpclassify.o)
    0x0800bf0e   0x0800bf0e   0x00000020   Code   RO         4073    i.__NVIC_SetPriority  stm32g4xx_hal_cortex.o
    0x0800bf2e   0x0800bf2e   0x0000000e   Code   RO         8628    i._is_digit         c_w.l(__printf_wp.o)
    0x0800bf3c   0x0800bf3c   0x00000004   Code   RO         7994    i.active            temp_panel.o
    0x0800bf40   0x0800bf40   0x0000000a   Code   RO         7995    i.cell_is_running   temp_panel.o
    0x0800bf4a   0x0800bf4a   0x0000003c   Code   RO         7996    i.cell_start_jump   temp_panel.o
    0x0800bf86   0x0800bf86   0x00000060   Code   RO         7997    i.cell_start_program  temp_panel.o
    0x0800bfe6   0x0800bfe6   0x00000026   Code   RO         7998    i.cell_stop         temp_panel.o
    0x0800c00c   0x0800c00c   0x00000020   Code   RO         7999    i.clamp_f           temp_panel.o
    0x0800c02c   0x0800c02c   0x0000000e   Code   RO         8000    i.cur_cell          temp_panel.o
    0x0800c03a   0x0800c03a   0x00000002   PAD
    0x0800c03c   0x0800c03c   0x00000028   Code   RO         8001    i.get_param_max     temp_panel.o
    0x0800c064   0x0800c064   0x00000030   Code   RO         8002    i.get_param_min     temp_panel.o
    0x0800c094   0x0800c094   0x0000001c   Code   RO         8003    i.get_param_step    temp_panel.o
    0x0800c0b0   0x0800c0b0   0x00000050   Code   RO         8004    i.get_param_value   temp_panel.o
    0x0800c100   0x0800c100   0x00000118   Code   RO           31    i.main              main.o
    0x0800c218   0x0800c218   0x0000001c   Code   RO         6679    i.osDelay           cmsis_os2.o
    0x0800c234   0x0800c234   0x00000010   Code   RO         6691    i.osKernelGetTickCount  cmsis_os2.o
    0x0800c244   0x0800c244   0x00000028   Code   RO         6693    i.osKernelInitialize  cmsis_os2.o
    0x0800c26c   0x0800c26c   0x00000038   Code   RO         6696    i.osKernelStart     cmsis_os2.o
    0x0800c2a4   0x0800c2a4   0x0000006c   Code   RO         6708    i.osMessageQueueGet  cmsis_os2.o
    0x0800c310   0x0800c310   0x0000007c   Code   RO         6713    i.osMessageQueueNew  cmsis_os2.o
    0x0800c38c   0x0800c38c   0x00000070   Code   RO         6714    i.osMessageQueuePut  cmsis_os2.o
    0x0800c3fc   0x0800c3fc   0x0000005c   Code   RO         6716    i.osMutexAcquire    cmsis_os2.o
    0x0800c458   0x0800c458   0x00000098   Code   RO         6719    i.osMutexNew        cmsis_os2.o
    0x0800c4f0   0x0800c4f0   0x00000048   Code   RO         6720    i.osMutexRelease    cmsis_os2.o
    0x0800c538   0x0800c538   0x000000ba   Code   RO         6738    i.osThreadNew       cmsis_os2.o
    0x0800c5f2   0x0800c5f2   0x0000001c   Code   RO         8005    i.panel_error_is_temp_sensor  temp_panel.o
    0x0800c60e   0x0800c60e   0x00000002   PAD
    0x0800c610   0x0800c610   0x00000060   Code   RO         6114    i.prvAddCurrentTaskToDelayedList  tasks.o
    0x0800c670   0x0800c670   0x00000088   Code   RO         6115    i.prvAddNewTaskToReadyList  tasks.o
    0x0800c6f8   0x0800c6f8   0x00000058   Code   RO         6490    i.prvCheckForValidListAndQueue  timers.o
    0x0800c750   0x0800c750   0x0000003c   Code   RO         6116    i.prvCheckTasksWaitingTermination  tasks.o
    0x0800c78c   0x0800c78c   0x00000028   Code   RO         5701    i.prvCopyDataFromQueue  queue.o
    0x0800c7b4   0x0800c7b4   0x0000006e   Code   RO         5702    i.prvCopyDataToQueue  queue.o
    0x0800c822   0x0800c822   0x00000040   Code   RO         6117    i.prvDeleteTCB      tasks.o
    0x0800c862   0x0800c862   0x00000014   Code   RO         5703    i.prvGetDisinheritPriorityAfterTimeout  queue.o
    0x0800c876   0x0800c876   0x00000002   PAD
    0x0800c878   0x0800c878   0x00000024   Code   RO         6491    i.prvGetNextExpireTime  timers.o
    0x0800c89c   0x0800c89c   0x0000004c   Code   RO         7202    i.prvHeapInit       heap_4.o
    0x0800c8e8   0x0800c8e8   0x00000028   Code   RO         6118    i.prvIdleTask       tasks.o
    0x0800c910   0x0800c910   0x00000018   Code   RO         5704    i.prvInitialiseMutex  queue.o
    0x0800c928   0x0800c928   0x00000022   Code   RO         5705    i.prvInitialiseNewQueue  queue.o
    0x0800c94a   0x0800c94a   0x000000a8   Code   RO         6119    i.prvInitialiseNewTask  tasks.o
    0x0800c9f2   0x0800c9f2   0x00000002   PAD
    0x0800c9f4   0x0800c9f4   0x00000058   Code   RO         6120    i.prvInitialiseTaskLists  tasks.o
    0x0800ca4c   0x0800ca4c   0x00000054   Code   RO         7203    i.prvInsertBlockIntoFreeList  heap_4.o
    0x0800caa0   0x0800caa0   0x00000040   Code   RO         6493    i.prvInsertTimerInActiveList  timers.o
    0x0800cae0   0x0800cae0   0x0000001a   Code   RO         5706    i.prvIsQueueEmpty   queue.o
    0x0800cafa   0x0800cafa   0x0000001e   Code   RO         5707    i.prvIsQueueFull    queue.o
    0x0800cb18   0x0800cb18   0x00000068   Code   RO         6494    i.prvProcessExpiredTimer  timers.o
    0x0800cb80   0x0800cb80   0x000000fc   Code   RO         6495    i.prvProcessReceivedCommands  timers.o
    0x0800cc7c   0x0800cc7c   0x0000006c   Code   RO         6496    i.prvProcessTimerOrBlockTask  timers.o
    0x0800cce8   0x0800cce8   0x00000024   Code   RO         6122    i.prvResetNextTaskUnblockTime  tasks.o
    0x0800cd0c   0x0800cd0c   0x0000002c   Code   RO         6497    i.prvSampleTimeNow  timers.o
    0x0800cd38   0x0800cd38   0x00000070   Code   RO         6498    i.prvSwitchTimerLists  timers.o
    0x0800cda8   0x0800cda8   0x0000002c   Code   RO         7258    i.prvTaskExitError  port.o
    0x0800cdd4   0x0800cdd4   0x00000014   Code   RO         6499    i.prvTimerTask      timers.o
    0x0800cde8   0x0800cde8   0x0000006a   Code   RO         5708    i.prvUnlockQueue    queue.o
    0x0800ce52   0x0800ce52   0x00000002   PAD
    0x0800ce54   0x0800ce54   0x000000dc   Code   RO         7204    i.pvPortMalloc      heap_4.o
    0x0800cf30   0x0800cf30   0x00000018   Code   RO         6125    i.pvTaskIncrementMutexHeldCount  tasks.o
    0x0800cf48   0x0800cf48   0x00000024   Code   RO         7259    i.pxPortInitialiseStack  port.o
    0x0800cf6c   0x0800cf6c   0x0000008c   Code   RO         8006    i.ramp_to_target    temp_panel.o
    0x0800cff8   0x0800cff8   0x000000dc   Code   RO         8007    i.refresh_display   temp_panel.o
    0x0800d0d4   0x0800d0d4   0x000000aa   Code   RO         8008    i.refresh_leds      temp_panel.o
    0x0800d17e   0x0800d17e   0x00000014   Code   RO         8009    i.set_error_and_stop  temp_panel.o
    0x0800d192   0x0800d192   0x00000002   PAD
    0x0800d194   0x0800d194   0x000000a0   Code   RO         8010    i.set_param_value   temp_panel.o
    0x0800d234   0x0800d234   0x00000012   Code   RO         8011    i.show_ui_error     temp_panel.o
    0x0800d246   0x0800d246   0x00000002   PAD
    0x0800d248   0x0800d248   0x00000030   Code   RO         8012    i.update_jump_control  temp_panel.o
    0x0800d278   0x0800d278   0x00000128   Code   RO         8013    i.update_program_control_1s  temp_panel.o
    0x0800d3a0   0x0800d3a0   0x00000026   Code   RO         5661    i.uxListRemove      list.o
    0x0800d3c6   0x0800d3c6   0x00000002   PAD
    0x0800d3c8   0x0800d3c8   0x00000014   Code   RO         6750    i.vApplicationGetIdleTaskMemory  cmsis_os2.o
    0x0800d3dc   0x0800d3dc   0x00000018   Code   RO         6751    i.vApplicationGetTimerTaskMemory  cmsis_os2.o
    0x0800d3f4   0x0800d3f4   0x00000016   Code   RO         5662    i.vListInitialise   list.o
    0x0800d40a   0x0800d40a   0x00000006   Code   RO         5663    i.vListInitialiseItem  list.o
    0x0800d410   0x0800d410   0x00000030   Code   RO         5664    i.vListInsert       list.o
    0x0800d440   0x0800d440   0x00000018   Code   RO         5665    i.vListInsertEnd    list.o
    0x0800d458   0x0800d458   0x00000040   Code   RO         7261    i.vPortEnterCritical  port.o
    0x0800d498   0x0800d498   0x0000002c   Code   RO         7262    i.vPortExitCritical  port.o
    0x0800d4c4   0x0800d4c4   0x00000064   Code   RO         7205    i.vPortFree         heap_4.o
    0x0800d528   0x0800d528   0x00000024   Code   RO         7263    i.vPortSetupTimerInterrupt  port.o
    0x0800d54c   0x0800d54c   0x00000054   Code   RO         7264    i.vPortValidateInterruptPriority  port.o
    0x0800d5a0   0x0800d5a0   0x00000024   Code   RO         5714    i.vQueueAddToRegistry  queue.o
    0x0800d5c4   0x0800d5c4   0x00000046   Code   RO         5718    i.vQueueWaitForMessageRestricted  queue.o
    0x0800d60a   0x0800d60a   0x00000002   PAD
    0x0800d60c   0x0800d60c   0x00000050   Code   RO         6135    i.vTaskDelay        tasks.o
    0x0800d65c   0x0800d65c   0x00000010   Code   RO         6140    i.vTaskInternalSetTimeOutState  tasks.o
    0x0800d66c   0x0800d66c   0x0000000c   Code   RO         6141    i.vTaskMissedYield  tasks.o
    0x0800d678   0x0800d678   0x00000034   Code   RO         6143    i.vTaskPlaceOnEventList  tasks.o
    0x0800d6ac   0x0800d6ac   0x0000003c   Code   RO         6144    i.vTaskPlaceOnEventListRestricted  tasks.o
    0x0800d6e8   0x0800d6e8   0x00000094   Code   RO         6146    i.vTaskPriorityDisinheritAfterTimeout  tasks.o
    0x0800d77c   0x0800d77c   0x00000090   Code   RO         6152    i.vTaskStartScheduler  tasks.o
    0x0800d80c   0x0800d80c   0x00000010   Code   RO         6154    i.vTaskSuspendAll   tasks.o
    0x0800d81c   0x0800d81c   0x00000068   Code   RO         6155    i.vTaskSwitchContext  tasks.o
    0x0800d884   0x0800d884   0x000000f4   Code   RO         7265    i.xPortStartScheduler  port.o
    0x0800d978   0x0800d978   0x0000002c   Code   RO         7266    i.xPortSysTickHandler  port.o
    0x0800d9a4   0x0800d9a4   0x00000018   Code   RO         5721    i.xQueueCreateMutex  queue.o
    0x0800d9bc   0x0800d9bc   0x0000001c   Code   RO         5722    i.xQueueCreateMutexStatic  queue.o
    0x0800d9d8   0x0800d9d8   0x00000044   Code   RO         5723    i.xQueueGenericCreate  queue.o
    0x0800da1c   0x0800da1c   0x0000006c   Code   RO         5724    i.xQueueGenericCreateStatic  queue.o
    0x0800da88   0x0800da88   0x0000008c   Code   RO         5725    i.xQueueGenericReset  queue.o
    0x0800db14   0x0800db14   0x00000164   Code   RO         5726    i.xQueueGenericSend  queue.o
    0x0800dc78   0x0800dc78   0x000000c0   Code   RO         5727    i.xQueueGenericSendFromISR  queue.o
    0x0800dd38   0x0800dd38   0x00000040   Code   RO         5731    i.xQueueGiveMutexRecursive  queue.o
    0x0800dd78   0x0800dd78   0x0000013c   Code   RO         5736    i.xQueueReceive     queue.o
    0x0800deb4   0x0800deb4   0x0000009c   Code   RO         5737    i.xQueueReceiveFromISR  queue.o
    0x0800df50   0x0800df50   0x0000017c   Code   RO         5738    i.xQueueSemaphoreTake  queue.o
    0x0800e0cc   0x0800e0cc   0x00000042   Code   RO         5739    i.xQueueTakeMutexRecursive  queue.o
    0x0800e10e   0x0800e10e   0x00000002   PAD
    0x0800e110   0x0800e110   0x0000007c   Code   RO         6157    i.xTaskCheckForTimeOut  tasks.o
    0x0800e18c   0x0800e18c   0x00000064   Code   RO         6158    i.xTaskCreate       tasks.o
    0x0800e1f0   0x0800e1f0   0x0000005c   Code   RO         6159    i.xTaskCreateStatic  tasks.o
    0x0800e24c   0x0800e24c   0x0000000c   Code   RO         6162    i.xTaskGetCurrentTaskHandle  tasks.o
    0x0800e258   0x0800e258   0x0000001c   Code   RO         6163    i.xTaskGetSchedulerState  tasks.o
    0x0800e274   0x0800e274   0x0000000c   Code   RO         6164    i.xTaskGetTickCount  tasks.o
    0x0800e280   0x0800e280   0x00000010   Code   RO         6165    i.xTaskGetTickCountFromISR  tasks.o
    0x0800e290   0x0800e290   0x000000cc   Code   RO         6166    i.xTaskIncrementTick  tasks.o
    0x0800e35c   0x0800e35c   0x0000007c   Code   RO         6169    i.xTaskPriorityDisinherit  tasks.o
    0x0800e3d8   0x0800e3d8   0x0000007c   Code   RO         6170    i.xTaskPriorityInherit  tasks.o
    0x0800e454   0x0800e454   0x00000078   Code   RO         6171    i.xTaskRemoveFromEventList  tasks.o
    0x0800e4cc   0x0800e4cc   0x000000c8   Code   RO         6172    i.xTaskResumeAll    tasks.o
    0x0800e594   0x0800e594   0x00000068   Code   RO         6508    i.xTimerCreateTimerTask  timers.o
    0x0800e5fc   0x0800e5fc   0x0000006c   Code   RO         6509    i.xTimerGenericCommand  timers.o
    0x0800e668   0x0800e668   0x0000002c   Code   RO         8736    locale$$code        c_w.l(lc_numeric_c.o)
    0x0800e694   0x0800e694   0x0000000c   Code   RO         8677    x$fpl$dretinf       fz_wm.l(dretinf.o)
    0x0800e6a0   0x0800e6a0   0x00000056   Code   RO         8655    x$fpl$f2d           fz_wm.l(f2d.o)
    0x0800e6f6   0x0800e6f6   0x0000008c   Code   RO         8679    x$fpl$fnaninf       fz_wm.l(fnaninf.o)
    0x0800e782   0x0800e782   0x0000000a   Code   RO         8816    x$fpl$fpinit        fz_wm.l(fpinit.o)
    0x0800e78c   0x0800e78c   0x00000004   Code   RO         8657    x$fpl$printf1       fz_wm.l(printf1.o)
    0x0800e790   0x0800e790   0x00000000   Code   RO         8681    x$fpl$usenofp       fz_wm.l(usenofp.o)
    0x0800e790   0x0800e790   0x00000058   Data   RO          396    .constdata          app_freertos.o
    0x0800e7e8   0x0800e7e8   0x00000018   Data   RO         5017    .constdata          stm32g4xx_hal_uart.o
    0x0800e800   0x0800e800   0x00000010   Data   RO         5388    .constdata          stm32g4xx_hal_uart_ex.o
    0x0800e810   0x0800e810   0x00000010   Data   RO         5497    .constdata          system_stm32g4xx.o
    0x0800e820   0x0800e820   0x00000008   Data   RO         5498    .constdata          system_stm32g4xx.o
    0x0800e828   0x0800e828   0x000000b4   Data   RO         7355    .constdata          adc_measure.o
    0x0800e8dc   0x0800e8dc   0x0000017c   Data   RO         7904    .constdata          drv8703_board.o
    0x0800ea58   0x0800ea58   0x00000018   Data   RO         8015    .constdata          temp_panel.o
    0x0800ea70   0x0800ea70   0x00000020   Data   RO         8222    .constdata          tm1638_board.o
    0x0800ea90   0x0800ea90   0x00000200   Data   RO         8412    .constdata          calib_mode.o
    0x0800ec90   0x0800ec90   0x00000011   Data   RO         8636    .constdata          c_w.l(__printf_flags_ss_wp.o)
    0x0800eca1   0x0800eca1   0x00000003   PAD
    0x0800eca4   0x0800eca4   0x00000094   Data   RO         8711    .constdata          c_w.l(bigflt0.o)
    0x0800ed38   0x0800ed38   0x0000008a   Data   RO          397    .conststring        app_freertos.o
    0x0800edc2   0x0800edc2   0x00000002   PAD
    0x0800edc4   0x0800edc4   0x0000002d   Data   RO         8016    .conststring        temp_panel.o
    0x0800edf1   0x0800edf1   0x00000003   PAD
    0x0800edf4   0x0800edf4   0x000000a5   Data   RO         8413    .conststring        calib_mode.o
    0x0800ee99   0x0800ee99   0x00000003   PAD
    0x0800ee9c   0x0800ee9c   0x00000020   Data   RO         8887    Region$$Table       anon$$obj.o
    0x0800eebc   0x0800eebc   0x0000001c   Data   RO         8735    locale$$data        c_w.l(lc_numeric_c.o)


    Execution Region RW_IRAM1 (Exec base: 0x20000000, Load base: 0x0800eed8, Size: 0x0000e428, Max: 0x00020000, ABSOLUTE, COMPRESSED[0x00000060])

    Exec Addr    Load Addr    Size         Type   Attr      Idx    E Section Name        Object

    0x20000000   COMPRESSED   0x00000022   Data   RW           43    .data               main.o
    0x20000022   COMPRESSED   0x00000002   PAD
    0x20000024   COMPRESSED   0x00000024   Data   RW          405    .data               app_freertos.o
    0x20000048   COMPRESSED   0x00000004   Data   RW          509    .data               adc.o
    0x2000004c   COMPRESSED   0x0000000c   Data   RW         2667    .data               stm32g4xx_hal.o
    0x20000058   COMPRESSED   0x00000020   Data   RW         3140    .data               stm32g4xx_hal_flash.o
    0x20000078   COMPRESSED   0x00000004   Data   RW         5499    .data               system_stm32g4xx.o
    0x2000007c   COMPRESSED   0x0000003c   Data   RW         6175    .data               tasks.o
    0x200000b8   COMPRESSED   0x00000014   Data   RW         6517    .data               timers.o
    0x200000cc   COMPRESSED   0x00000004   Data   RW         6753    .data               cmsis_os2.o
    0x200000d0   COMPRESSED   0x00000020   Data   RW         7211    .data               heap_4.o
    0x200000f0   COMPRESSED   0x0000000c   Data   RW         7267    .data               port.o
    0x200000fc   COMPRESSED   0x000000fc   Data   RW         7356    .data               adc_measure.o
    0x200001f8   COMPRESSED   0x000001c4   Data   RW         7489    .data               app_control.o
    0x200003bc   COMPRESSED   0x00000014   Data   RW         8224    .data               tm1638_board.o
    0x200003d0   COMPRESSED   0x00000034   Data   RW         8414    .data               calib_mode.o
    0x20000404   COMPRESSED   0x0000000c   Data   RW         8536    .data               flash_storage.o
    0x20000410        -       0x00000169   Zero   RW           32    .bss                main.o
    0x20000579   COMPRESSED   0x00000003   PAD
    0x2000057c        -       0x0000002c   Zero   RW           33    .bss                main.o
    0x200005a8        -       0x00000198   Zero   RW          508    .bss                adc.o
    0x20000740        -       0x0000003c   Zero   RW          558    .bss                dac.o
    0x2000077c        -       0x0000012c   Zero   RW          638    .bss                opamp.o
    0x200008a8        -       0x000000c8   Zero   RW          701    .bss                spi.o
    0x20000970        -       0x0000017c   Zero   RW          753    .bss                tim.o
    0x20000aec        -       0x00000188   Zero   RW          821    .bss                usart.o
    0x20000c74        -       0x0000004c   Zero   RW          980    .bss                stm32g4xx_hal_timebase_tim.o
    0x20000cc0        -       0x00000040   Zero   RW         5740    .bss                queue.o
    0x20000d00        -       0x000004c4   Zero   RW         6174    .bss                tasks.o
    0x200011c4        -       0x00000118   Zero   RW         6516    .bss                timers.o
    0x200012dc        -       0x000006b8   Zero   RW         6752    .bss                cmsis_os2.o
    0x20001994        -       0x00002000   Zero   RW         7210    .bss                heap_4.o
    0x20003994        -       0x000000b4   Zero   RW         7354    .bss                adc_measure.o
    0x20003a48        -       0x000002dc   Zero   RW         7488    .bss                app_control.o
    0x20003d24        -       0x000001b8   Zero   RW         7903    .bss                drv8703_board.o
    0x20003edc        -       0x0000009c   Zero   RW         8014    .bss                temp_panel.o
    0x20003f78        -       0x0000003c   Zero   RW         8221    .bss                tm1638_board.o
    0x20003fb4        -       0x00000410   Zero   RW         8411    .bss                calib_mode.o
    0x200043c4        -       0x00000060   Zero   RW         8743    .bss                c_w.l(libspace.o)
    0x20004424   COMPRESSED   0x00000004   PAD
    0x20004428        -       0x00002000   Zero   RW            2    HEAP                startup_stm32g474xx.o
    0x20006428        -       0x00008000   Zero   RW            1    STACK               startup_stm32g474xx.o


==============================================================================

Image component sizes


      Code (inc. data)   RO Data    RW Data    ZI Data      Debug   Object Name

      1144        104          0          4        408       3338   adc.o
      1442        128        180        252        180      14441   adc_measure.o
      6572        398          0        452        732      53455   app_control.o
      1228        292        226         36          0      21532   app_freertos.o
      2120        398        677         52       1040      15730   calib_mode.o
      1056         32          0          4       1720      72581   cmsis_os2.o
       476         46          0          0         60       3067   dac.o
        92          4          0          0          0        818   dma.o
      1476          8          0          0          0      14617   drv8703.o
       208         22        380          0        440       3470   drv8703_board.o
         0          0          0          0          0      19428   event_groups.o
       586         46          0         12          0       8135   flash_storage.o
       412         26          0          0          0       1155   gpio.o
       480         26          0         32       8192       4971   heap_4.o
       138          0          0          0          0       3538   list.o
      1146        120          0         34        405     970640   main.o
       544         58          0          0        300       4259   opamp.o
       320         30          0          0          0       3569   pid_controller.o
       786         84          0         12          0      11549   port.o
      2394         24          0          0         64      26451   queue.o
       352         38          0          0        200       2410   spi.o
        64         26        472          0      40960        840   startup_stm32g474xx.o
        94         14          0         12          0       3622   stm32g4xx_hal.o
      3028        184          0          0          0      84192   stm32g4xx_hal_adc.o
       528         32          0          0          0      70325   stm32g4xx_hal_adc_ex.o
       158         14          0          0          0      33378   stm32g4xx_hal_cortex.o
       832         18          0          0          0       5856   stm32g4xx_hal_dac.o
         2          0          0          0          0       1023   stm32g4xx_hal_dac_ex.o
       932         28          0          0          0       7137   stm32g4xx_hal_dma.o
       424         48          0         32          0      23982   stm32g4xx_hal_flash.o
       476         28          0          0          0       3302   stm32g4xx_hal_flash_ex.o
       474         32          0          0          0       3576   stm32g4xx_hal_gpio.o
        60          6          0          0          0        862   stm32g4xx_hal_msp.o
       338          8          0          0          0       2455   stm32g4xx_hal_opamp.o
       220         18          0          0          0       1465   stm32g4xx_hal_pwr_ex.o
      1900        104          0          0          0       8765   stm32g4xx_hal_rcc.o
       784          8          0          0          0       2048   stm32g4xx_hal_rcc_ex.o
      1384         10          0          0          0       6245   stm32g4xx_hal_spi.o
      3306        348          0          0          0      21642   stm32g4xx_hal_tim.o
       366         46          0          0          0       6524   stm32g4xx_hal_tim_ex.o
       136         20          0          0         76       1443   stm32g4xx_hal_timebase_tim.o
      3184        108         24          0          0      36163   stm32g4xx_hal_uart.o
       522         12         16          0          0       7344   stm32g4xx_hal_uart_ex.o
        96         36          0          0          0       5188   stm32g4xx_it.o
         0          0          0          0          0        384   stream_buffer.o
        16          4         24          4          0       1115   system_stm32g4xx.o
      2500        218          0         60       1220      31826   tasks.o
      3258        204         69          0        156      25357   temp_panel.o
      1276         86          0          0        380       5748   tim.o
      1040         88          0         20        280      33071   timers.o
      1948         90         32         20         60      18015   tm1638_board.o
       588         48          0          0        392       2766   usart.o

    ----------------------------------------------------------------------
     52986       3770       2140       1040      57268    1714813   Object Totals
         0          0         32          0          0          0   (incl. Generated)
        80          0          8          2          3          0   (incl. Padding)

    ----------------------------------------------------------------------

      Code (inc. data)   RO Data    RW Data    ZI Data      Debug   Library Member Name

        56          6          0          0          0         88   __2snprintf.o
        90          0          0          0          0          0   __dczerorl2.o
         8          0          0          0          0         68   __main.o
       392          4         17          0          0         92   __printf_flags_ss_wp.o
        14          0          0          0          0         68   __printf_wp.o
         0          0          0          0          0          0   __rtentry.o
        12          0          0          0          0          0   __rtentry2.o
         6          0          0          0          0          0   __rtentry4.o
        52          8          0          0          0          0   __scatter.o
        28          0          0          0          0          0   __scatter_zi.o
        48          6          0          0          0         96   _printf_char_common.o
       120         16          0          0          0         92   _printf_dec.o
         6          0          0          0          0          0   _printf_f.o
      1054          0          0          0          0        216   _printf_fp_dec.o
       128         16          0          0          0         84   _printf_fp_infnan.o
       178          0          0          0          0         88   _printf_intcommon.o
         0          0          0          0          0          0   _printf_percent.o
         4          0          0          0          0          0   _printf_percent_end.o
         6          0          0          0          0          0   _printf_u.o
        16          0          0          0          0         68   _snputc.o
        10          0          0          0          0         68   _sputc.o
        16          0          0          0          0         68   aeabi_memset.o
       228          4        148          0          0         96   bigflt0.o
      1936        128          0          0          0        672   btod.o
        18          0          0          0          0         80   exit.o
         6          0          0          0          0        152   heapauxi.o
         0          0          0          0          0          0   indicate_semi.o
        44         10         28          0          0         76   lc_numeric_c.o
         2          0          0          0          0          0   libinit.o
        22          0          0          0          0          0   libinit2.o
         2          0          0          0          0          0   libshutdown.o
         2          0          0          0          0          0   libshutdown2.o
         8          4          0          0         96         68   libspace.o
       138          0          0          0          0         80   lludiv10.o
       238          0          0          0          0        100   lludivv7m.o
         8          4          0          0          0         68   rt_locale_intlibspace.o
        68          0          0          0          0         68   rt_memclr.o
        78          0          0          0          0         80   rt_memclr_w.o
       138          0          0          0          0         68   rt_memcpy_v6.o
       100          0          0          0          0         80   rt_memcpy_w.o
         2          0          0          0          0          0   rtexit.o
        10          0          0          0          0          0   rtexit2.o
       128          0          0          0          0         68   strcmpv7m.o
        12          4          0          0          0         68   sys_exit.o
        74          0          0          0          0         80   sys_stackheap_outer.o
         2          0          0          0          0         68   use_no_semi.o
        12          0          0          0          0        116   dretinf.o
        86          4          0          0          0        132   f2d.o
       140          4          0          0          0        132   fnaninf.o
        10          0          0          0          0        116   fpinit.o
         4          0          0          0          0        116   printf1.o
         0          0          0          0          0          0   usenofp.o
        48          0          0          0          0        124   fpclassify.o

    ----------------------------------------------------------------------
      5822        218        196          0        100       3804   Library Totals
        14          0          3          0          4          0   (incl. Padding)

    ----------------------------------------------------------------------

      Code (inc. data)   RO Data    RW Data    ZI Data      Debug   Library Name

      5508        210        193          0         96       3068   c_w.l
       252          8          0          0          0        612   fz_wm.l
        48          0          0          0          0        124   m_wm.l

    ----------------------------------------------------------------------
      5822        218        196          0        100       3804   Library Totals

    ----------------------------------------------------------------------

==============================================================================


      Code (inc. data)   RO Data    RW Data    ZI Data      Debug   

     58808       3988       2336       1040      57368    1670001   Grand Totals
     58808       3988       2336         96      57368    1670001   ELF Image Totals (compressed)
     58808       3988       2336         96          0          0   ROM Totals

==============================================================================

    Total RO  Size (Code + RO Data)                61144 (  59.71kB)
    Total RW  Size (RW Data + ZI Data)             58408 (  57.04kB)
    Total ROM Size (Code + RO Data + RW Data)      61240 (  59.80kB)

==============================================================================

