Component: ARM Compiler 5.06 update 6 (build 750) Tool: armlink [4d35ed]

==============================================================================

Section Cross References

    startup_stm32g474xx.o(STACK) refers (Special) to heapauxi.o(.text) for __use_two_region_memory
    startup_stm32g474xx.o(HEAP) refers (Special) to heapauxi.o(.text) for __use_two_region_memory
    startup_stm32g474xx.o(RESET) refers (Special) to heapauxi.o(.text) for __use_two_region_memory
    startup_stm32g474xx.o(RESET) refers to startup_stm32g474xx.o(STACK) for __initial_sp
    startup_stm32g474xx.o(RESET) refers to startup_stm32g474xx.o(.text) for Reset_Handler
    startup_stm32g474xx.o(RESET) refers to stm32g4xx_it.o(i.NMI_Handler) for NMI_Handler
    startup_stm32g474xx.o(RESET) refers to stm32g4xx_it.o(i.HardFault_Handler) for HardFault_Handler
    startup_stm32g474xx.o(RESET) refers to stm32g4xx_it.o(i.MemManage_Handler) for MemManage_Handler
    startup_stm32g474xx.o(RESET) refers to stm32g4xx_it.o(i.BusFault_Handler) for BusFault_Handler
    startup_stm32g474xx.o(RESET) refers to stm32g4xx_it.o(i.UsageFault_Handler) for UsageFault_Handler
    startup_stm32g474xx.o(RESET) refers to port.o(.emb_text) for SVC_Handler
    startup_stm32g474xx.o(RESET) refers to stm32g4xx_it.o(i.DebugMon_Handler) for DebugMon_Handler
    startup_stm32g474xx.o(RESET) refers to cmsis_os2.o(i.SysTick_Handler) for SysTick_Handler
    startup_stm32g474xx.o(RESET) refers to stm32g4xx_it.o(i.DMA1_Channel1_IRQHandler) for DMA1_Channel1_IRQHandler
    startup_stm32g474xx.o(RESET) refers to stm32g4xx_it.o(i.DMA1_Channel2_IRQHandler) for DMA1_Channel2_IRQHandler
    startup_stm32g474xx.o(RESET) refers to stm32g4xx_it.o(i.TIM6_DAC_IRQHandler) for TIM6_DAC_IRQHandler
    startup_stm32g474xx.o(.text) refers (Special) to heapauxi.o(.text) for __use_two_region_memory
    startup_stm32g474xx.o(.text) refers to system_stm32g4xx.o(i.SystemInit) for SystemInit
    startup_stm32g474xx.o(.text) refers to __main.o(!!!main) for __main
    startup_stm32g474xx.o(.text) refers to startup_stm32g474xx.o(HEAP) for Heap_Mem
    startup_stm32g474xx.o(.text) refers to startup_stm32g474xx.o(STACK) for Stack_Mem
    main.o(i.CheckKeyHoldEvents) refers to cmsis_os2.o(i.osKernelGetTickCount) for osKernelGetTickCount
    main.o(i.CheckKeyHoldEvents) refers to temp_panel.o(i.PanelKey_FromTM1638) for PanelKey_FromTM1638
    main.o(i.CheckKeyHoldEvents) refers to temp_panel.o(i.TempPanel_KeyEvent) for TempPanel_KeyEvent
    main.o(i.CheckKeyHoldEvents) refers to tm1638_board.o(.bss) for htm1638
    main.o(i.CheckKeyHoldEvents) refers to main.o(.bss) for key_hold_start
    main.o(i.CheckKeyHoldEvents) refers to main.o(.data) for key_long_sent
    main.o(i.CheckKeyHoldEvents) refers to temp_panel.o(.bss) for g_panel
    main.o(i.DRV8703_ReadReg1) refers to stm32g4xx_hal_gpio.o(i.HAL_GPIO_WritePin) for HAL_GPIO_WritePin
    main.o(i.DRV8703_ReadReg1) refers to stm32g4xx_hal_spi.o(i.HAL_SPI_TransmitReceive) for HAL_SPI_TransmitReceive
    main.o(i.DRV8703_ReadReg1) refers to spi.o(.bss) for hspi1
    main.o(i.DRV8703_WriteReg1) refers to stm32g4xx_hal_gpio.o(i.HAL_GPIO_WritePin) for HAL_GPIO_WritePin
    main.o(i.DRV8703_WriteReg1) refers to stm32g4xx_hal_spi.o(i.HAL_SPI_TransmitReceive) for HAL_SPI_TransmitReceive
    main.o(i.DRV8703_WriteReg1) refers to spi.o(.bss) for hspi1
    main.o(i.HAL_TIM_PeriodElapsedCallback) refers to stm32g4xx_hal.o(i.HAL_IncTick) for HAL_IncTick
    main.o(i.HAL_UARTEx_RxEventCallback) refers to main.o(i.Parse_Temperature_Buffer) for Parse_Temperature_Buffer
    main.o(i.HAL_UARTEx_RxEventCallback) refers to stm32g4xx_hal_uart_ex.o(i.HAL_UARTEx_ReceiveToIdle_DMA) for HAL_UARTEx_ReceiveToIdle_DMA
    main.o(i.HAL_UARTEx_RxEventCallback) refers to main.o(.bss) for rx_buffer
    main.o(i.HAL_UARTEx_RxEventCallback) refers to usart.o(.bss) for huart2
    main.o(i.OnDownKeyPressed) refers to main.o(i.OnTM1638Key) for OnTM1638Key
    main.o(i.OnEnterKeyPressed) refers to main.o(i.OnTM1638Key) for OnTM1638Key
    main.o(i.OnModeKeyPressed) refers to main.o(i.OnTM1638Key) for OnTM1638Key
    main.o(i.OnStartStopKeyPressed) refers to main.o(i.OnTM1638Key) for OnTM1638Key
    main.o(i.OnSwitchKeyPressed) refers to main.o(i.OnTM1638Key) for OnTM1638Key
    main.o(i.OnTM1638Key) refers to temp_panel.o(i.PanelKey_FromTM1638) for PanelKey_FromTM1638
    main.o(i.OnTM1638Key) refers to cmsis_os2.o(i.osKernelGetTickCount) for osKernelGetTickCount
    main.o(i.OnTM1638Key) refers to temp_panel.o(i.TempPanel_KeyEvent) for TempPanel_KeyEvent
    main.o(i.OnTM1638Key) refers to main.o(.bss) for key_hold_start
    main.o(i.OnTM1638Key) refers to main.o(.data) for key_long_sent
    main.o(i.OnTM1638Key) refers to temp_panel.o(.bss) for g_panel
    main.o(i.OnUpKeyPressed) refers to main.o(i.OnTM1638Key) for OnTM1638Key
    main.o(i.Parse_Temperature_Buffer) refers to main.o(i.Parse_Temperature_Byte) for Parse_Temperature_Byte
[...]
    HAL_ADC_Start                            0x08002545   Thumb Code   336  stm32g4xx_hal_adc.o(i.HAL_ADC_Start)
    HAL_ADC_Stop                             0x080026a9   Thumb Code    74  stm32g4xx_hal_adc.o(i.HAL_ADC_Stop)
    HAL_DACEx_DMAUnderrunCallbackCh2         0x080026f3   Thumb Code     2  stm32g4xx_hal_dac_ex.o(i.HAL_DACEx_DMAUnderrunCallbackCh2)
    HAL_DAC_ConfigChannel                    0x080026f5   Thumb Code   598  stm32g4xx_hal_dac.o(i.HAL_DAC_ConfigChannel)
    HAL_DAC_DMAUnderrunCallbackCh1           0x08002955   Thumb Code     2  stm32g4xx_hal_dac.o(i.HAL_DAC_DMAUnderrunCallbackCh1)
    HAL_DAC_IRQHandler                       0x08002957   Thumb Code   130  stm32g4xx_hal_dac.o(i.HAL_DAC_IRQHandler)
    HAL_DAC_Init                             0x080029d9   Thumb Code    40  stm32g4xx_hal_dac.o(i.HAL_DAC_Init)
    HAL_DAC_MspInit                          0x08002a01   Thumb Code   210  dac.o(i.HAL_DAC_MspInit)
    HAL_DAC_SetValue                         0x08002ae5   Thumb Code    70  stm32g4xx_hal_dac.o(i.HAL_DAC_SetValue)
    HAL_DAC_Start                            0x08002b2d   Thumb Code   154  stm32g4xx_hal_dac.o(i.HAL_DAC_Start)
    HAL_DMA_IRQHandler                       0x08002bd1   Thumb Code   254  stm32g4xx_hal_dma.o(i.HAL_DMA_IRQHandler)
    HAL_DMA_Init                             0x08002cd1   Thumb Code   200  stm32g4xx_hal_dma.o(i.HAL_DMA_Init)
    HAL_DMA_Start_IT                         0x08002da1   Thumb Code   194  stm32g4xx_hal_dma.o(i.HAL_DMA_Start_IT)
    HAL_Delay                                0x08002e65   Thumb Code    36  stm32g4xx_hal.o(i.HAL_Delay)
    HAL_GPIO_Init                            0x08002e8d   Thumb Code   428  stm32g4xx_hal_gpio.o(i.HAL_GPIO_Init)
    HAL_GPIO_ReadPin                         0x08003059   Thumb Code    16  stm32g4xx_hal_gpio.o(i.HAL_GPIO_ReadPin)
    HAL_GPIO_TogglePin                       0x08003069   Thumb Code    20  stm32g4xx_hal_gpio.o(i.HAL_GPIO_TogglePin)
    HAL_GPIO_WritePin                        0x0800307d   Thumb Code    10  stm32g4xx_hal_gpio.o(i.HAL_GPIO_WritePin)
    HAL_GetTick                              0x08003089   Thumb Code     6  stm32g4xx_hal.o(i.HAL_GetTick)
    HAL_IncTick                              0x08003095   Thumb Code    16  stm32g4xx_hal.o(i.HAL_IncTick)
    HAL_Init                                 0x080030ad   Thumb Code    30  stm32g4xx_hal.o(i.HAL_Init)
    HAL_InitTick                             0x080030cd   Thumb Code   134  stm32g4xx_hal_timebase_tim.o(i.HAL_InitTick)
    HAL_MspInit                              0x08003169   Thumb Code    72  stm32g4xx_hal_msp.o(i.HAL_MspInit)
    HAL_NVIC_EnableIRQ                       0x080031b5   Thumb Code    40  stm32g4xx_hal_cortex.o(i.HAL_NVIC_EnableIRQ)
    HAL_NVIC_SetPriority                     0x080031dd   Thumb Code   122  stm32g4xx_hal_cortex.o(i.HAL_NVIC_SetPriority)
    HAL_NVIC_SetPriorityGrouping             0x08003259   Thumb Code    32  stm32g4xx_hal_cortex.o(i.HAL_NVIC_SetPriorityGrouping)
    HAL_OPAMP_Init                           0x08003281   Thumb Code   330  stm32g4xx_hal_opamp.o(i.HAL_OPAMP_Init)
    HAL_OPAMP_MspInit                        0x080033d5   Thumb Code   368  opamp.o(i.HAL_OPAMP_MspInit)
    HAL_OPAMP_Start                          0x08003555   Thumb Code    54  stm32g4xx_hal_opamp.o(i.HAL_OPAMP_Start)
    HAL_PWREx_ControlVoltageScaling          0x0800358d   Thumb Code   268  stm32g4xx_hal_pwr_ex.o(i.HAL_PWREx_ControlVoltageScaling)
    HAL_PWREx_DisableUCPDDeadBattery         0x080036a5   Thumb Code    14  stm32g4xx_hal_pwr_ex.o(i.HAL_PWREx_DisableUCPDDeadBattery)
    HAL_RCCEx_PeriphCLKConfig                0x080036b9   Thumb Code  1048  stm32g4xx_hal_rcc_ex.o(i.HAL_RCCEx_PeriphCLKConfig)
    HAL_RCC_ClockConfig                      0x08003ad1   Thumb Code   522  stm32g4xx_hal_rcc.o(i.HAL_RCC_ClockConfig)
    HAL_RCC_GetClockConfig                   0x08003cf5   Thumb Code    58  stm32g4xx_hal_rcc.o(i.HAL_RCC_GetClockConfig)
    HAL_RCC_GetHCLKFreq                      0x08003d39   Thumb Code     6  stm32g4xx_hal_rcc.o(i.HAL_RCC_GetHCLKFreq)
    HAL_RCC_GetPCLK1Freq                     0x08003d45   Thumb Code    26  stm32g4xx_hal_rcc.o(i.HAL_RCC_GetPCLK1Freq)
    HAL_RCC_GetPCLK2Freq                     0x08003d69   Thumb Code    26  stm32g4xx_hal_rcc.o(i.HAL_RCC_GetPCLK2Freq)
    HAL_RCC_GetSysClockFreq                  0x08003d8d   Thumb Code   138  stm32g4xx_hal_rcc.o(i.HAL_RCC_GetSysClockFreq)
    HAL_RCC_OscConfig                        0x08003e25   Thumb Code  1360  stm32g4xx_hal_rcc.o(i.HAL_RCC_OscConfig)
    HAL_RS485Ex_Init                         0x08004381   Thumb Code   148  stm32g4xx_hal_uart_ex.o(i.HAL_RS485Ex_Init)
    HAL_SPI_Init                             0x08004419   Thumb Code   252  stm32g4xx_hal_spi.o(i.HAL_SPI_Init)
    HAL_SPI_MspInit                          0x08004515   Thumb Code   198  spi.o(i.HAL_SPI_MspInit)
    HAL_SPI_TransmitReceive                  0x080045f1   Thumb Code   722  stm32g4xx_hal_spi.o(i.HAL_SPI_TransmitReceive)
    HAL_TIMEx_Break2Callback                 0x080048c3   Thumb Code     2  stm32g4xx_hal_tim_ex.o(i.HAL_TIMEx_Break2Callback)
    HAL_TIMEx_BreakCallback                  0x080048c5   Thumb Code     2  stm32g4xx_hal_tim_ex.o(i.HAL_TIMEx_BreakCallback)
    HAL_TIMEx_CommutCallback                 0x080048c7   Thumb Code     2  stm32g4xx_hal_tim_ex.o(i.HAL_TIMEx_CommutCallback)
    HAL_TIMEx_ConfigBreakDeadTime            0x080048c9   Thumb Code   200  stm32g4xx_hal_tim_ex.o(i.HAL_TIMEx_ConfigBreakDeadTime)
    HAL_TIMEx_DirectionChangeCallback        0x0800499d   Thumb Code     2  stm32g4xx_hal_tim_ex.o(i.HAL_TIMEx_DirectionChangeCallback)
    HAL_TIMEx_EncoderIndexCallback           0x0800499f   Thumb Code     2  stm32g4xx_hal_tim_ex.o(i.HAL_TIMEx_EncoderIndexCallback)
    HAL_TIMEx_IndexErrorCallback             0x080049a1   Thumb Code     2  stm32g4xx_hal_tim_ex.o(i.HAL_TIMEx_IndexErrorCallback)
    HAL_TIMEx_MasterConfigSynchronization    0x080049a5   Thumb Code   182  stm32g4xx_hal_tim_ex.o(i.HAL_TIMEx_MasterConfigSynchronization)
    HAL_TIMEx_TransitionErrorCallback        0x08004a7d   Thumb Code     2  stm32g4xx_hal_tim_ex.o(i.HAL_TIMEx_TransitionErrorCallback)
    HAL_TIM_Base_Init                        0x08004a7f   Thumb Code   110  stm32g4xx_hal_tim.o(i.HAL_TIM_Base_Init)
    HAL_TIM_Base_MspInit                     0x08004aed   Thumb Code   184  tim.o(i.HAL_TIM_Base_MspInit)
    HAL_TIM_Base_Start_IT                    0x08004bb9   Thumb Code   146  stm32g4xx_hal_tim.o(i.HAL_TIM_Base_Start_IT)
    HAL_TIM_ConfigClockSource                0x08004c6d   Thumb Code   312  stm32g4xx_hal_tim.o(i.HAL_TIM_ConfigClockSource)
    HAL_TIM_IC_CaptureCallback               0x08004da9   Thumb Code     2  stm32g4xx_hal_tim.o(i.HAL_TIM_IC_CaptureCallback)
    HAL_TIM_IRQHandler                       0x08004dab   Thumb Code   544  stm32g4xx_hal_tim.o(i.HAL_TIM_IRQHandler)
    HAL_TIM_MspPostInit                      0x08004fcd   Thumb Code   394  tim.o(i.HAL_TIM_MspPostInit)
    HAL_TIM_OC_DelayElapsedCallback          0x08005175   Thumb Code     2  stm32g4xx_hal_tim.o(i.HAL_TIM_OC_DelayElapsedCallback)
    HAL_TIM_PWM_ConfigChannel                0x08005177   Thumb Code   368  stm32g4xx_hal_tim.o(i.HAL_TIM_PWM_ConfigChannel)
    HAL_TIM_PWM_Init                         0x080052e7   Thumb Code   110  stm32g4xx_hal_tim.o(i.HAL_TIM_PWM_Init)
    HAL_TIM_PWM_MspInit                      0x08005355   Thumb Code     2  stm32g4xx_hal_tim.o(i.HAL_TIM_PWM_MspInit)
    HAL_TIM_PWM_PulseFinishedCallback        0x08005357   Thumb Code     2  stm32g4xx_hal_tim.o(i.HAL_TIM_PWM_PulseFinishedCallback)
    HAL_TIM_PWM_Start                        0x08005359   Thumb Code   322  stm32g4xx_hal_tim.o(i.HAL_TIM_PWM_Start)
    HAL_TIM_PeriodElapsedCallback            0x080054c5   Thumb Code    18  main.o(i.HAL_TIM_PeriodElapsedCallback)
    HAL_TIM_TriggerCallback                  0x080054dd   Thumb Code     2  stm32g4xx_hal_tim.o(i.HAL_TIM_TriggerCallback)
    HAL_UARTEx_DisableFifoMode               0x080054df   Thumb Code    78  stm32g4xx_hal_uart_ex.o(i.HAL_UARTEx_DisableFifoMode)
    HAL_UARTEx_ReceiveToIdle_DMA             0x0800552d   Thumb Code    98  stm32g4xx_hal_uart_ex.o(i.HAL_UARTEx_ReceiveToIdle_DMA)
    HAL_UARTEx_RxEventCallback               0x08005591   Thumb Code    56  main.o(i.HAL_UARTEx_RxEventCallback)
    HAL_UARTEx_SetRxFifoThreshold            0x080055d5   Thumb Code    94  stm32g4xx_hal_uart_ex.o(i.HAL_UARTEx_SetRxFifoThreshold)
    HAL_UARTEx_SetTxFifoThreshold            0x08005633   Thumb Code    94  stm32g4xx_hal_uart_ex.o(i.HAL_UARTEx_SetTxFifoThreshold)
    HAL_UART_ErrorCallback                   0x08005691   Thumb Code     2  stm32g4xx_hal_uart.o(i.HAL_UART_ErrorCallback)
    HAL_UART_Init                            0x08005693   Thumb Code   120  stm32g4xx_hal_uart.o(i.HAL_UART_Init)
    HAL_UART_MspInit                         0x0800570d   Thumb Code   408  usart.o(i.HAL_UART_MspInit)
    HAL_UART_RxCpltCallback                  0x080058c1   Thumb Code     2  stm32g4xx_hal_uart.o(i.HAL_UART_RxCpltCallback)
    HAL_UART_RxHalfCpltCallback              0x080058c3   Thumb Code     2  stm32g4xx_hal_uart.o(i.HAL_UART_RxHalfCpltCallback)
    HardFault_Handler                        0x0800595d   Thumb Code     4  stm32g4xx_it.o(i.HardFault_Handler)
    MX_ADC1_Init                             0x08005a61   Thumb Code   150  adc.o(i.MX_ADC1_Init)
    MX_ADC2_Init                             0x08005b01   Thumb Code   224  adc.o(i.MX_ADC2_Init)
    MX_DAC1_Init                             0x08005bfd   Thumb Code    80  dac.o(i.MX_DAC1_Init)
    MX_DAC3_Init                             0x08005c55   Thumb Code    96  dac.o(i.MX_DAC3_Init)
    MX_DAC4_Init                             0x08005cbd   Thumb Code    96  dac.o(i.MX_DAC4_Init)
    MX_DMA_Init                              0x08005d25   Thumb Code    90  dma.o(i.MX_DMA_Init)
    MX_FREERTOS_Init                         0x08005d85   Thumb Code    42  app_freertos.o(i.MX_FREERTOS_Init)
    MX_GPIO_Init                             0x08005dd1   Thumb Code   456  gpio.o(i.MX_GPIO_Init)
    MX_OPAMP1_Init                           0x08005fb1   Thumb Code    42  opamp.o(i.MX_OPAMP1_Init)
    MX_OPAMP2_Init                           0x08005fe5   Thumb Code    42  opamp.o(i.MX_OPAMP2_Init)
    MX_OPAMP3_Init                           0x08006019   Thumb Code    42  opamp.o(i.MX_OPAMP3_Init)
    MX_OPAMP4_Init                           0x0800604d   Thumb Code    42  opamp.o(i.MX_OPAMP4_Init)
    MX_OPAMP5_Init                           0x08006081   Thumb Code    42  opamp.o(i.MX_OPAMP5_Init)
    MX_SPI1_Init                             0x080060b5   Thumb Code    74  spi.o(i.MX_SPI1_Init)
    MX_SPI3_Init                             0x08006109   Thumb Code    74  spi.o(i.MX_SPI3_Init)
    MX_TIM1_Init                             0x0800615d   Thumb Code   286  tim.o(i.MX_TIM1_Init)
    MX_TIM2_Init                             0x08006285   Thumb Code   158  tim.o(i.MX_TIM2_Init)
    MX_TIM3_Init                             0x08006329   Thumb Code   172  tim.o(i.MX_TIM3_Init)
    MX_TIM4_Init                             0x080063dd   Thumb Code   156  tim.o(i.MX_TIM4_Init)
    MX_TIM5_Init                             0x08006481   Thumb Code   156  tim.o(i.MX_TIM5_Init)
    MX_USART1_UART_Init                      0x08006525   Thumb Code   104  usart.o(i.MX_USART1_UART_Init)
    MX_USART2_UART_Init                      0x08006595   Thumb Code    98  usart.o(i.MX_USART2_UART_Init)
    MemManage_Handler                        0x08006601   Thumb Code     4  stm32g4xx_it.o(i.MemManage_Handler)
    NMI_Handler                              0x08006605   Thumb Code     4  stm32g4xx_it.o(i.NMI_Handler)
    OnDownKeyPressed                         0x08006609   Thumb Code    10  main.o(i.OnDownKeyPressed)
    OnEnterKeyPressed                        0x08006613   Thumb Code    10  main.o(i.OnEnterKeyPressed)
    OnModeKeyPressed                         0x0800661d   Thumb Code    10  main.o(i.OnModeKeyPressed)
    OnStartStopKeyPressed                    0x08006627   Thumb Code    10  main.o(i.OnStartStopKeyPressed)
    OnSwitchKeyPressed                       0x08006631   Thumb Code    10  main.o(i.OnSwitchKeyPressed)
    OnUpKeyPressed                           0x08006689   Thumb Code    10  main.o(i.OnUpKeyPressed)
    PID_Init                                 0x08006695   Thumb Code    70  pid_controller.o(i.PID_Init)
    PID_Reset                                0x080066ed   Thumb Code    32  pid_controller.o(i.PID_Reset)
    PID_SetLimits                            0x08006711   Thumb Code    24  pid_controller.o(i.PID_SetLimits)
    PanelHW_BlinkOnce                        0x08006729   Thumb Code    24  temp_panel.o(i.PanelHW_BlinkOnce)
    PanelHW_DisplayError                     0x08006745   Thumb Code   154  temp_panel.o(i.PanelHW_DisplayError)
    PanelHW_DisplayNumber                    0x080067e5   Thumb Code    82  temp_panel.o(i.PanelHW_DisplayNumber)
    PanelHW_DisplayTemp                      0x08006845   Thumb Code    28  temp_panel.o(i.PanelHW_DisplayTemp)
    PanelHW_SetLed                           0x08006865   Thumb Code    26  temp_panel.o(i.PanelHW_SetLed)
    PanelKey_FromTM1638                      0x08006885   Thumb Code    44  temp_panel.o(i.PanelKey_FromTM1638)
    Panel_Init                               0x080068b1   Thumb Code    64  temp_panel.o(i.Panel_Init)
    Parse_Temperature_Buffer                 0x0800690d   Thumb Code    26  main.o(i.Parse_Temperature_Buffer)
    Parse_Temperature_Byte                   0x08006929   Thumb Code   218  main.o(i.Parse_Temperature_Byte)
    StartControlask                          0x08006cb9   Thumb Code   192  app_freertos.o(i.StartControlask)
    StartHMITask                             0x08006d9d   Thumb Code    74  app_freertos.o(i.StartHMITask)
    SysTick_Handler                          0x08006dfd   Thumb Code    22  cmsis_os2.o(i.SysTick_Handler)
    SystemClock_Config                       0x08006e13   Thumb Code   104  main.o(i.SystemClock_Config)
    SystemInit                               0x08006e7d   Thumb Code    14  system_stm32g4xx.o(i.SystemInit)
    TIM6_DAC_IRQHandler                      0x08006e91   Thumb Code    22  stm32g4xx_it.o(i.TIM6_DAC_IRQHandler)
    TIM_Base_SetConfig                       0x08006eb5   Thumb Code   204  stm32g4xx_hal_tim.o(i.TIM_Base_SetConfig)
    TIM_CCxChannelCmd                        0x08006fa5   Thumb Code    34  stm32g4xx_hal_tim.o(i.TIM_CCxChannelCmd)
    TIM_ETR_SetConfig                        0x08006fc7   Thumb Code    22  stm32g4xx_hal_tim.o(i.TIM_ETR_SetConfig)
    TIM_OC2_SetConfig                        0x080070b1   Thumb Code   170  stm32g4xx_hal_tim.o(i.TIM_OC2_SetConfig)
    TM1638_ClearDisplay                      0x080075a5   Thumb Code   100  tm1638_board.o(i.TM1638_ClearDisplay)
    TM1638_HW_Init                           0x08007609   Thumb Code    92  tm1638_board.o(i.TM1638_HW_Init)
    TM1638_Init                              0x08007671   Thumb Code   114  tm1638_board.o(i.TM1638_Init)
    TM1638_ProcessKeys                       0x080076e5   Thumb Code   382  tm1638_board.o(i.TM1638_ProcessKeys)
    TM1638_RegisterKeyCallback               0x080078d5   Thumb Code    32  tm1638_board.o(i.TM1638_RegisterKeyCallback)
    TM1638_SetBrightness                     0x0800793f   Thumb Code    20  tm1638_board.o(i.TM1638_SetBrightness)
    TM1638_SetLED                            0x08007955   Thumb Code    88  tm1638_board.o(i.TM1638_SetLED)
    TM1638_ShowChar                          0x080079b1   Thumb Code    50  tm1638_board.o(i.TM1638_ShowChar)
    TM1638_ShowDigit                         0x080079e5   Thumb Code    54  tm1638_board.o(i.TM1638_ShowDigit)
    TM1638_ShowFloat                         0x08007a21   Thumb Code   318  tm1638_board.o(i.TM1638_ShowFloat)
    TM1638_ShowString                        0x08007b65   Thumb Code    60  tm1638_board.o(i.TM1638_ShowString)
    TM1638_WriteData                         0x08007c0d   Thumb Code   100  tm1638_board.o(i.TM1638_WriteData)
    TempPanel_Init                           0x08007c71   Thumb Code   172  temp_panel.o(i.TempPanel_Init)
    TempPanel_KeyEvent                       0x08007d21   Thumb Code   770  temp_panel.o(i.TempPanel_KeyEvent)
    TempPanel_Task                           0x0800802d   Thumb Code   338  temp_panel.o(i.TempPanel_Task)
    UART_AdvFeatureConfig                    0x080081d9   Thumb Code   248  stm32g4xx_hal_uart.o(i.UART_AdvFeatureConfig)
    UART_CheckIdleState                      0x080082d1   Thumb Code   234  stm32g4xx_hal_uart.o(i.UART_CheckIdleState)
    UART_SetConfig                           0x080085a1   Thumb Code   922  stm32g4xx_hal_uart.o(i.UART_SetConfig)
    UART_Start_Receive_DMA                   0x08008969   Thumb Code   186  stm32g4xx_hal_uart.o(i.UART_Start_Receive_DMA)
    UART_WaitOnFlagUntilTimeout              0x08008a31   Thumb Code   172  stm32g4xx_hal_uart.o(i.UART_WaitOnFlagUntilTimeout)
    UsageFault_Handler                       0x08008add   Thumb Code     4  stm32g4xx_it.o(i.UsageFault_Handler)
    main                                     0x08008d25   Thumb Code   244  main.o(i.main)
    osDelay                                  0x08008e41   Thumb Code    30  cmsis_os2.o(i.osDelay)
    osKernelGetTickCount                     0x08008e5f   Thumb Code    26  cmsis_os2.o(i.osKernelGetTickCount)
    osKernelInitialize                       0x08008e79   Thumb Code    38  cmsis_os2.o(i.osKernelInitialize)
    osKernelStart                            0x08008ea5   Thumb Code    82  cmsis_os2.o(i.osKernelStart)
    osMutexNew                               0x08008f05   Thumb Code   178  cmsis_os2.o(i.osMutexNew)
    osThreadNew                              0x08008fb7   Thumb Code   184  cmsis_os2.o(i.osThreadNew)
    pvPortMalloc                             0x08009ab5   Thumb Code   306  heap_4.o(i.pvPortMalloc)
    pxPortInitialiseStack                    0x08009c01   Thumb Code    38  port.o(i.pxPortInitialiseStack)
    uxListRemove                             0x0800a149   Thumb Code    40  list.o(i.uxListRemove)
    vApplicationGetIdleTaskMemory            0x0800a171   Thumb Code    14  cmsis_os2.o(i.vApplicationGetIdleTaskMemory)
    vApplicationGetTimerTaskMemory           0x0800a189   Thumb Code    16  cmsis_os2.o(i.vApplicationGetTimerTaskMemory)
    vListInitialise                          0x0800a1a1   Thumb Code    26  list.o(i.vListInitialise)
    vListInitialiseItem                      0x0800a1bb   Thumb Code     6  list.o(i.vListInitialiseItem)
    vListInsert                              0x0800a1c1   Thumb Code    52  list.o(i.vListInsert)
    vListInsertEnd                           0x0800a1f5   Thumb Code    24  list.o(i.vListInsertEnd)
    vPortEnterCritical                       0x0800a20d   Thumb Code    76  port.o(i.vPortEnterCritical)
    vPortExitCritical                        0x0800a261   Thumb Code    56  port.o(i.vPortExitCritical)
    vPortFree                                0x0800a29d   Thumb Code   150  heap_4.o(i.vPortFree)
    vPortSetupTimerInterrupt                 0x0800a341   Thumb Code    36  port.o(i.vPortSetupTimerInterrupt)
    vPortValidateInterruptPriority           0x0800a369   Thumb Code   106  port.o(i.vPortValidateInterruptPriority)
    vQueueAddToRegistry                      0x0800a3e1   Thumb Code    38  queue.o(i.vQueueAddToRegistry)
    vQueueWaitForMessageRestricted           0x0800a40d   Thumb Code    74  queue.o(i.vQueueWaitForMessageRestricted)
    vTaskDelay                               0x0800a459   Thumb Code    82  tasks.o(i.vTaskDelay)
    vTaskInternalSetTimeOutState             0x0800a4b5   Thumb Code    14  tasks.o(i.vTaskInternalSetTimeOutState)
    vTaskMissedYield                         0x0800a4cd   Thumb Code     8  tasks.o(i.vTaskMissedYield)
    vTaskPlaceOnEventList                    0x0800a4d9   Thumb Code    52  tasks.o(i.vTaskPlaceOnEventList)
    vTaskPlaceOnEventListRestricted          0x0800a511   Thumb Code    60  tasks.o(i.vTaskPlaceOnEventListRestricted)
    vTaskStartScheduler                      0x0800a551   Thumb Code   156  tasks.o(i.vTaskStartScheduler)
    vTaskSuspendAll                          0x0800a609   Thumb Code    12  tasks.o(i.vTaskSuspendAll)
    vTaskSwitchContext                       0x0800a619   Thumb Code   122  tasks.o(i.vTaskSwitchContext)
    xPortStartScheduler                      0x0800a6a9   Thumb Code   330  port.o(i.xPortStartScheduler)
    xPortSysTickHandler                      0x0800a811   Thumb Code    46  port.o(i.xPortSysTickHandler)
    xQueueCreateMutex                        0x0800a845   Thumb Code    34  queue.o(i.xQueueCreateMutex)
    xQueueCreateMutexStatic                  0x0800a867   Thumb Code    42  queue.o(i.xQueueCreateMutexStatic)
    xQueueGenericCreate                      0x0800a891   Thumb Code    90  queue.o(i.xQueueGenericCreate)
    xQueueGenericCreateStatic                0x0800a8eb   Thumb Code   224  queue.o(i.xQueueGenericCreateStatic)
    xQueueGenericReset                       0x0800a9cd   Thumb Code   146  queue.o(i.xQueueGenericReset)
    xQueueGenericSend                        0x0800aa65   Thumb Code   420  queue.o(i.xQueueGenericSend)
    xQueueGenericSendFromISR                 0x0800ac0d   Thumb Code   252  queue.o(i.xQueueGenericSendFromISR)
    xQueueReceive                            0x0800ad09   Thumb Code   356  queue.o(i.xQueueReceive)
    xTaskCheckForTimeOut                     0x0800ae71   Thumb Code   132  tasks.o(i.xTaskCheckForTimeOut)
    xTaskCreate                              0x0800aefd   Thumb Code   100  tasks.o(i.xTaskCreate)
    xTaskCreateStatic                        0x0800af61   Thumb Code   186  tasks.o(i.xTaskCreateStatic)
    xTaskGetSchedulerState                   0x0800b01d   Thumb Code    24  tasks.o(i.xTaskGetSchedulerState)
    xTaskGetTickCount                        0x0800b03d   Thumb Code     6  tasks.o(i.xTaskGetTickCount)
    xTaskGetTickCountFromISR                 0x0800b049   Thumb Code    16  tasks.o(i.xTaskGetTickCountFromISR)
    xTaskIncrementTick                       0x0800b05d   Thumb Code   280  tasks.o(i.xTaskIncrementTick)
    xTaskPriorityDisinherit                  0x0800b1a1   Thumb Code   152  tasks.o(i.xTaskPriorityDisinherit)
    xTaskRemoveFromEventList                 0x0800b245   Thumb Code   126  tasks.o(i.xTaskRemoveFromEventList)
    xTaskResumeAll                           0x0800b2dd   Thumb Code   222  tasks.o(i.xTaskResumeAll)
    xTimerCreateTimerTask                    0x0800b3e1   Thumb Code   100  timers.o(i.xTimerCreateTimerTask)
    xTimerGenericCommand                     0x0800b459   Thumb Code   128  timers.o(i.xTimerGenericCommand)
    _fp_init                                 0x0800b4dd   Thumb Code    10  fpinit.o(x$fpl$fpinit)
    __fplib_config_fpu_vfp                   0x0800b4e5   Thumb Code     0  fpinit.o(x$fpl$fpinit)
    __fplib_config_pureend_doubles           0x0800b4e5   Thumb Code     0  fpinit.o(x$fpl$fpinit)
    ControlTask_attributes                   0x0800b4e8   Data          36  app_freertos.o(.constdata)
    HMITask_attributes                       0x0800b50c   Data          36  app_freertos.o(.constdata)
    SysStateMutex_attributes                 0x0800b530   Data          16  app_freertos.o(.constdata)
    UARTPrescTable                           0x0800b540   Data          24  stm32g4xx_hal_uart.o(.constdata)
    AHBPrescTable                            0x0800b568   Data          16  system_stm32g4xx.o(.constdata)
    APBPrescTable                            0x0800b578   Data           8  system_stm32g4xx.o(.constdata)
    Region$$Table$$Base                      0x0800b7a0   Number         0  anon$$obj.o(Region$$Table)
    Region$$Table$$Limit                     0x0800b7c0   Number         0  anon$$obj.o(Region$$Table)
    g_reg0                                   0x20000000   Data           1  main.o(.data)
    g_reg1                                   0x20000001   Data           1  main.o(.data)
    g_reg2                                   0x20000002   Data           1  main.o(.data)
    g_reg3                                   0x20000003   Data           1  main.o(.data)
    g_reg4                                   0x20000004   Data           1  main.o(.data)
    g_reg5                                   0x20000005   Data           1  main.o(.data)
    g_reg2_lock                              0x20000006   Data           1  main.o(.data)
    g_reg2_unlock                            0x20000007   Data           1  main.o(.data)
    g_reg3_after                             0x20000008   Data           1  main.o(.data)
    Sys_Status                               0x20000009   Data           4  main.o(.data)
    rx_length                                0x2000000e   Data           2  main.o(.data)
    flag_temp_update                         0x20000010   Data           1  main.o(.data)
    g_app_drv8703_selected_channel           0x2000001c   Data           1  app_freertos.o(.data)
    g_app_drv8703_init_result                0x2000001d   Data           1  app_freertos.o(.data)
    g_app_drv8703_config_result              0x2000001e   Data           1  app_freertos.o(.data)
    g_app_drv8703_start_result               0x2000001f   Data           1  app_freertos.o(.data)
    g_app_drv8703_monitor_result             0x20000020   Data           1  app_freertos.o(.data)
    g_app_drv8703_loop_counter               0x20000021   Data           1  app_freertos.o(.data)
    g_app_drv8703_fault_info                 0x20000022   Data           2  app_freertos.o(.data)
    g_app_drv8703_reg_dump                   0x20000024   Data           6  app_freertos.o(.data)
    ControlTaskHandle                        0x2000002c   Data           4  app_freertos.o(.data)
    HMITaskHandle                            0x20000030   Data           4  app_freertos.o(.data)
    SysStateMutexHandle                      0x20000034   Data           4  app_freertos.o(.data)
    uwTick                                   0x20000044   Data           4  stm32g4xx_hal.o(.data)
    uwTickPrio                               0x20000048   Data           4  stm32g4xx_hal.o(.data)
    uwTickFreq                               0x2000004c   Data           4  stm32g4xx_hal.o(.data)
    SystemCoreClock                          0x20000050   Data           4  system_stm32g4xx.o(.data)
    pxCurrentTCB                             0x20000054   Data           4  tasks.o(.data)
    g_adc_v1_raw                             0x200000d4   Data           2  adc1_voltage_current_test.o(.data)
    g_adc_v2_raw                             0x200000d6   Data           2  adc1_voltage_current_test.o(.data)
    g_adc_v3_raw                             0x200000d8   Data           2  adc1_voltage_current_test.o(.data)
    g_adc_v4_raw                             0x200000da   Data           2  adc1_voltage_current_test.o(.data)
    g_adc_v5_raw                             0x200000dc   Data           2  adc1_voltage_current_test.o(.data)
    g_adc_i1_raw                             0x200000de   Data           2  adc1_voltage_current_test.o(.data)
    g_adc_i2_raw                             0x200000e0   Data           2  adc1_voltage_current_test.o(.data)
    g_adc_i3_raw                             0x200000e2   Data           2  adc1_voltage_current_test.o(.data)
    g_adc_i4_raw                             0x200000e4   Data           2  adc1_voltage_current_test.o(.data)
    g_adc_i5_raw                             0x200000e6   Data           2  adc1_voltage_current_test.o(.data)
    g_adc_v1_adc_v                           0x200000e8   Data           4  adc1_voltage_current_test.o(.data)
    g_adc_v2_adc_v                           0x200000ec   Data           4  adc1_voltage_current_test.o(.data)
    g_adc_v3_adc_v                           0x200000f0   Data           4  adc1_voltage_current_test.o(.data)
    g_adc_v4_adc_v                           0x200000f4   Data           4  adc1_voltage_current_test.o(.data)
    g_adc_v5_adc_v                           0x200000f8   Data           4  adc1_voltage_current_test.o(.data)
    g_adc_i1_adc_v                           0x200000fc   Data           4  adc1_voltage_current_test.o(.data)
    g_adc_i2_adc_v                           0x20000100   Data           4  adc1_voltage_current_test.o(.data)
    g_adc_i3_adc_v                           0x20000104   Data           4  adc1_voltage_current_test.o(.data)
    g_adc_i4_adc_v                           0x20000108   Data           4  adc1_voltage_current_test.o(.data)
    g_adc_i5_adc_v                           0x2000010c   Data           4  adc1_voltage_current_test.o(.data)
    g_adc_v1_input_v                         0x20000110   Data           4  adc1_voltage_current_test.o(.data)
    g_adc_v2_input_v                         0x20000114   Data           4  adc1_voltage_current_test.o(.data)
    g_adc_v3_input_v                         0x20000118   Data           4  adc1_voltage_current_test.o(.data)
    g_adc_v4_input_v                         0x2000011c   Data           4  adc1_voltage_current_test.o(.data)
    g_adc_v5_input_v                         0x20000120   Data           4  adc1_voltage_current_test.o(.data)
    g_adc_i1_zero_v                          0x20000124   Data           4  adc1_voltage_current_test.o(.data)
    g_adc_i2_zero_v                          0x20000128   Data           4  adc1_voltage_current_test.o(.data)
    g_adc_i3_zero_v                          0x2000012c   Data           4  adc1_voltage_current_test.o(.data)
    g_adc_i4_zero_v                          0x20000130   Data           4  adc1_voltage_current_test.o(.data)
    g_adc_i5_zero_v                          0x20000134   Data           4  adc1_voltage_current_test.o(.data)
    g_adc_i1_a                               0x20000138   Data           4  adc1_voltage_current_test.o(.data)
    g_adc_i2_a                               0x2000013c   Data           4  adc1_voltage_current_test.o(.data)
    g_adc_i3_a                               0x20000140   Data           4  adc1_voltage_current_test.o(.data)
    g_adc_i4_a                               0x20000144   Data           4  adc1_voltage_current_test.o(.data)
    g_adc_i5_a                               0x20000148   Data           4  adc1_voltage_current_test.o(.data)
    g_adc1_test_last_hal_status              0x2000014c   Data           1  adc1_voltage_current_test.o(.data)
    g_adc1_test_error_count                  0x20000150   Data           4  adc1_voltage_current_test.o(.data)
    g_tm1638_scan_count                      0x20000154   Data           4  tm1638_board.o(.data)
    g_tm1638_callback_count                  0x20000158   Data           4  tm1638_board.o(.data)
    g_tm1638_key_bytes                       0x2000015c   Data           4  tm1638_board.o(.data)
    g_tm1638_raw_mask                        0x20000160   Data           1  tm1638_board.o(.data)
    g_tm1638_state_mask                      0x20000161   Data           1  tm1638_board.o(.data)
    g_tm1638_last_key                        0x20000162   Data           1  tm1638_board.o(.data)
    g_tm1638_registered_mask                 0x20000163   Data           1  tm1638_board.o(.data)
    Sys_Temperatures                         0x20000168   Data          16  main.o(.bss)
    rx_buffer                                0x20000178   Data         256  main.o(.bss)
    temp_pid                                 0x20000278   Data          44  main.o(.bss)
    hadc1                                    0x200002e0   Data         108  adc.o(.bss)
    hadc2                                    0x2000034c   Data         108  adc.o(.bss)
    hdma_adc2                                0x200003b8   Data          96  adc.o(.bss)
    hdac1                                    0x20000418   Data          20  dac.o(.bss)
    hdac3                                    0x2000042c   Data          20  dac.o(.bss)
    hdac4                                    0x20000440   Data          20  dac.o(.bss)
    hopamp1                                  0x20000454   Data          60  opamp.o(.bss)
    hopamp2                                  0x20000490   Data          60  opamp.o(.bss)
    hopamp3                                  0x200004cc   Data          60  opamp.o(.bss)
    hopamp4                                  0x20000508   Data          60  opamp.o(.bss)
    hopamp5                                  0x20000544   Data          60  opamp.o(.bss)
    hspi1                                    0x20000580   Data         100  spi.o(.bss)
    hspi3                                    0x200005e4   Data         100  spi.o(.bss)
    htim1                                    0x20000648   Data          76  tim.o(.bss)
    htim2                                    0x20000694   Data          76  tim.o(.bss)
    htim3                                    0x200006e0   Data          76  tim.o(.bss)
    htim4                                    0x2000072c   Data          76  tim.o(.bss)
    htim5                                    0x20000778   Data          76  tim.o(.bss)
    huart1                                   0x200007c4   Data         148  usart.o(.bss)
    huart2                                   0x20000858   Data         148  usart.o(.bss)
    hdma_usart1_rx                           0x200008ec   Data          96  usart.o(.bss)
    htim6                                    0x2000094c   Data          76  stm32g4xx_hal_timebase_tim.o(.bss)
    xQueueRegistry                           0x20000998   Data          64  queue.o(.bss)
    g_drv8703_board                          0x2000366c   Data         440  drv8703_board.o(.bss)
    g_panel                                  0x20003824   Data         156  temp_panel.o(.bss)
    htm1638                                  0x200038c0   Data          60  tm1638_board.o(.bss)
    __libspace_start                         0x200038fc   Data          96  libspace.o(.bss)
    __temporary_stack_top$libspace           0x2000395c   Data           0  libspace.o(.bss)



==============================================================================

Memory Map of the image

  Image Entry point : 0x080001d9

  Load Region LR_IROM1 (Base: 0x08000000, Size: 0x0000b928, Max: 0x00040000, ABSOLUTE, COMPRESSED[0x0000b7e4])

    Execution Region ER_IROM1 (Exec base: 0x08000000, Load base: 0x08000000, Size: 0x0000b7c0, Max: 0x00040000, ABSOLUTE)

    Exec Addr    Load Addr    Size         Type   Attr      Idx    E Section Name        Object

    0x08000000   0x08000000   0x000001d8   Data   RO            3    RESET               startup_stm32g474xx.o
    0x080001d8   0x080001d8   0x00000008   Code   RO         8069  * !!!main             c_w.l(__main.o)
    0x080001e0   0x080001e0   0x00000034   Code   RO         8240    !!!scatter          c_w.l(__scatter.o)
    0x08000214   0x08000214   0x0000005a   Code   RO         8238    !!dczerorl2         c_w.l(__dczerorl2.o)
    0x0800026e   0x0800026e   0x00000002   PAD
    0x08000270   0x08000270   0x0000001c   Code   RO         8242    !!handler_zi        c_w.l(__scatter_zi.o)
    0x0800028c   0x0800028c   0x00000002   Code   RO         8108    .ARM.Collect$$libinit$$00000000  c_w.l(libinit.o)
    0x0800028e   0x0800028e   0x00000004   Code   RO         8120    .ARM.Collect$$libinit$$00000001  c_w.l(libinit2.o)
    0x08000292   0x08000292   0x00000000   Code   RO         8123    .ARM.Collect$$libinit$$00000004  c_w.l(libinit2.o)
    0x08000292   0x08000292   0x00000000   Code   RO         8126    .ARM.Collect$$libinit$$0000000A  c_w.l(libinit2.o)
    0x08000292   0x08000292   0x00000000   Code   RO         8128    .ARM.Collect$$libinit$$0000000C  c_w.l(libinit2.o)
    0x08000292   0x08000292   0x00000000   Code   RO         8130    .ARM.Collect$$libinit$$0000000E  c_w.l(libinit2.o)
    0x08000292   0x08000292   0x00000000   Code   RO         8133    .ARM.Collect$$libinit$$00000011  c_w.l(libinit2.o)
    0x08000292   0x08000292   0x00000000   Code   RO         8135    .ARM.Collect$$libinit$$00000013  c_w.l(libinit2.o)
    0x08000292   0x08000292   0x00000000   Code   RO         8137    .ARM.Collect$$libinit$$00000015  c_w.l(libinit2.o)
    0x08000292   0x08000292   0x00000000   Code   RO         8139    .ARM.Collect$$libinit$$00000017  c_w.l(libinit2.o)
    0x08000292   0x08000292   0x00000000   Code   RO         8141    .ARM.Collect$$libinit$$00000019  c_w.l(libinit2.o)
    0x08000292   0x08000292   0x00000000   Code   RO         8143    .ARM.Collect$$libinit$$0000001B  c_w.l(libinit2.o)
    0x08000292   0x08000292   0x00000000   Code   RO         8145    .ARM.Collect$$libinit$$0000001D  c_w.l(libinit2.o)
    0x08000292   0x08000292   0x00000000   Code   RO         8147    .ARM.Collect$$libinit$$0000001F  c_w.l(libinit2.o)
    0x08000292   0x08000292   0x00000000   Code   RO         8149    .ARM.Collect$$libinit$$00000021  c_w.l(libinit2.o)
    0x08000292   0x08000292   0x00000000   Code   RO         8151    .ARM.Collect$$libinit$$00000023  c_w.l(libinit2.o)
    0x08000292   0x08000292   0x00000000   Code   RO         8153    .ARM.Collect$$libinit$$00000025  c_w.l(libinit2.o)
    0x08000292   0x08000292   0x00000000   Code   RO         8157    .ARM.Collect$$libinit$$0000002C  c_w.l(libinit2.o)
    0x08000292   0x08000292   0x00000000   Code   RO         8159    .ARM.Collect$$libinit$$0000002E  c_w.l(libinit2.o)
    0x08000292   0x08000292   0x00000000   Code   RO         8161    .ARM.Collect$$libinit$$00000030  c_w.l(libinit2.o)
    0x08000292   0x08000292   0x00000000   Code   RO         8163    .ARM.Collect$$libinit$$00000032  c_w.l(libinit2.o)
    0x08000292   0x08000292   0x00000002   Code   RO         8164    .ARM.Collect$$libinit$$00000033  c_w.l(libinit2.o)
    0x08000294   0x08000294   0x00000002   Code   RO         8195    .ARM.Collect$$libshutdown$$00000000  c_w.l(libshutdown.o)
    0x08000296   0x08000296   0x00000000   Code   RO         8221    .ARM.Collect$$libshutdown$$00000002  c_w.l(libshutdown2.o)
    0x08000296   0x08000296   0x00000000   Code   RO         8223    .ARM.Collect$$libshutdown$$00000004  c_w.l(libshutdown2.o)
    0x08000296   0x08000296   0x00000000   Code   RO         8226    .ARM.Collect$$libshutdown$$00000007  c_w.l(libshutdown2.o)
    0x08000296   0x08000296   0x00000000   Code   RO         8229    .ARM.Collect$$libshutdown$$0000000A  c_w.l(libshutdown2.o)
    0x08000296   0x08000296   0x00000000   Code   RO         8231    .ARM.Collect$$libshutdown$$0000000C  c_w.l(libshutdown2.o)
    0x08000296   0x08000296   0x00000000   Code   RO         8234    .ARM.Collect$$libshutdown$$0000000F  c_w.l(libshutdown2.o)
    0x08000296   0x08000296   0x00000002   Code   RO         8235    .ARM.Collect$$libshutdown$$00000010  c_w.l(libshutdown2.o)
    0x08000298   0x08000298   0x00000000   Code   RO         8071    .ARM.Collect$$rtentry$$00000000  c_w.l(__rtentry.o)
    0x08000298   0x08000298   0x00000000   Code   RO         8079    .ARM.Collect$$rtentry$$00000002  c_w.l(__rtentry2.o)
    0x08000298   0x08000298   0x00000006   Code   RO         8091    .ARM.Collect$$rtentry$$00000004  c_w.l(__rtentry4.o)
    0x0800029e   0x0800029e   0x00000000   Code   RO         8081    .ARM.Collect$$rtentry$$00000009  c_w.l(__rtentry2.o)
    0x0800029e   0x0800029e   0x00000004   Code   RO         8082    .ARM.Collect$$rtentry$$0000000A  c_w.l(__rtentry2.o)
    0x080002a2   0x080002a2   0x00000000   Code   RO         8084    .ARM.Collect$$rtentry$$0000000C  c_w.l(__rtentry2.o)
    0x080002a2   0x080002a2   0x00000008   Code   RO         8085    .ARM.Collect$$rtentry$$0000000D  c_w.l(__rtentry2.o)
    0x080002aa   0x080002aa   0x00000002   Code   RO         8112    .ARM.Collect$$rtexit$$00000000  c_w.l(rtexit.o)
    0x080002ac   0x080002ac   0x00000000   Code   RO         8168    .ARM.Collect$$rtexit$$00000002  c_w.l(rtexit2.o)
    0x080002ac   0x080002ac   0x00000004   Code   RO         8169    .ARM.Collect$$rtexit$$00000003  c_w.l(rtexit2.o)
    0x080002b0   0x080002b0   0x00000006   Code   RO         8170    .ARM.Collect$$rtexit$$00000004  c_w.l(rtexit2.o)
    0x080002b6   0x080002b6   0x00000002   PAD
    0x080002b8   0x080002b8   0x000000be   Code   RO         7260    .emb_text           port.o
    0x08000376   0x08000376   0x00000002   PAD
    0x08000378   0x08000378   0x00000040   Code   RO            4    .text               startup_stm32g474xx.o
    0x080003b8   0x080003b8   0x000000ee   Code   RO         8055    .text               c_w.l(lludivv7m.o)
    0x080004a6   0x080004a6   0x0000008a   Code   RO         8057    .text               c_w.l(rt_memcpy_v6.o)
    0x08000530   0x08000530   0x00000064   Code   RO         8059    .text               c_w.l(rt_memcpy_w.o)
    0x08000594   0x08000594   0x00000010   Code   RO         8063    .text               c_w.l(aeabi_memset.o)
    0x080005a4   0x080005a4   0x0000004e   Code   RO         8065    .text               c_w.l(rt_memclr_w.o)
    0x080005f2   0x080005f2   0x00000006   Code   RO         8067    .text               c_w.l(heapauxi.o)
    0x080005f8   0x080005f8   0x00000044   Code   RO         8076    .text               c_w.l(rt_memclr.o)
    0x0800063c   0x0800063c   0x0000004a   Code   RO         8095    .text               c_w.l(sys_stackheap_outer.o)
    0x08000686   0x08000686   0x00000012   Code   RO         8097    .text               c_w.l(exit.o)
    0x08000698   0x08000698   0x00000008   Code   RO         8109    .text               c_w.l(libspace.o)
    0x080006a0   0x080006a0   0x0000000c   Code   RO         8165    .text               c_w.l(sys_exit.o)
    0x080006ac   0x080006ac   0x00000002   Code   RO         8184    .text               c_w.l(use_no_semi.o)
    0x080006ae   0x080006ae   0x00000000   Code   RO         8186    .text               c_w.l(indicate_semi.o)
    0x080006ae   0x080006ae   0x00000002   PAD
    0x080006b0   0x080006b0   0x00000144   Code   RO         7343    i.ADC1_Test_CalibrateCurrentZero  adc1_voltage_current_test.o
    0x080007f4   0x080007f4   0x00000016   Code   RO         7344    i.ADC1_Test_CurrentFromVoltage  adc1_voltage_current_test.o
    0x0800080a   0x0800080a   0x0000000c   Code   RO         7345    i.ADC1_Test_DelayMs  adc1_voltage_current_test.o
    0x08000816   0x08000816   0x00000002   PAD
    0x08000818   0x08000818   0x00000038   Code   RO         7346    i.ADC1_Test_Init    adc1_voltage_current_test.o
    0x08000850   0x08000850   0x00000024   Code   RO         7347    i.ADC1_Test_RawToVoltage  adc1_voltage_current_test.o
    0x08000874   0x08000874   0x000000ac   Code   RO         7348    i.ADC1_Test_ReadChannelRaw  adc1_voltage_current_test.o
    0x08000920   0x08000920   0x00000294   Code   RO         7349    i.ADC1_Test_RunOnce  adc1_voltage_current_test.o
    0x08000bb4   0x08000bb4   0x0000011c   Code   RO         2096    i.ADC_ConversionStop  stm32g4xx_hal_adc.o
    0x08000cd0   0x08000cd0   0x00000094   Code   RO         2100    i.ADC_Disable       stm32g4xx_hal_adc.o
    0x08000d64   0x08000d64   0x000000e0   Code   RO         2101    i.ADC_Enable        stm32g4xx_hal_adc.o
    0x08000e44   0x08000e44   0x00000004   Code   RO          801    i.BusFault_Handler  stm32g4xx_it.o
    0x08000e48   0x08000e48   0x000000b8   Code   RO           13    i.CheckKeyHoldEvents  main.o
    0x08000f00   0x08000f00   0x00000002   Code   RO         7645    i.Control_SetTargetTemp  temp_panel.o
    0x08000f02   0x08000f02   0x00000002   Code   RO         7646    i.Control_StartPid  temp_panel.o
    0x08000f04   0x08000f04   0x00000002   Code   RO         7647    i.Control_StopPid   temp_panel.o
    0x08000f06   0x08000f06   0x00000002   PAD
    0x08000f08   0x08000f08   0x00000010   Code   RO          802    i.DMA1_Channel1_IRQHandler  stm32g4xx_it.o
    0x08000f18   0x08000f18   0x00000010   Code   RO          803    i.DMA1_Channel2_IRQHandler  stm32g4xx_it.o
    0x08000f28   0x08000f28   0x00000044   Code   RO         3540    i.DMA_CalcDMAMUXChannelBaseAndMask  stm32g4xx_hal_dma.o
    0x08000f6c   0x08000f6c   0x00000024   Code   RO         3541    i.DMA_CalcDMAMUXRequestGenBaseAndMask  stm32g4xx_hal_dma.o
    0x08000f90   0x08000f90   0x00000040   Code   RO         3542    i.DMA_SetConfig     stm32g4xx_hal_dma.o
    0x08000fd0   0x08000fd0   0x0000003c   Code   RO         7572    i.DRV8703_BoardApplyDefaultConfig  drv8703_board.o
    0x0800100c   0x0800100c   0x00000020   Code   RO         7573    i.DRV8703_BoardGet  drv8703_board.o
    0x0800102c   0x0800102c   0x00000038   Code   RO         7575    i.DRV8703_BoardInitOne  drv8703_board.o
    0x08001064   0x08001064   0x00000078   Code   RO         7408    i.DRV8703_CheckFaultPins  drv8703.o
    0x080010dc   0x080010dc   0x00000046   Code   RO         7409    i.DRV8703_ClearFault  drv8703.o
    0x08001122   0x08001122   0x000000be   Code   RO         7410    i.DRV8703_Configure  drv8703.o
    0x080011e0   0x080011e0   0x00000010   Code   RO         7411    i.DRV8703_CsHigh    drv8703.o
    0x080011f0   0x080011f0   0x00000010   Code   RO         7412    i.DRV8703_CsLow     drv8703.o
    0x08001200   0x08001200   0x00000048   Code   RO         7415    i.DRV8703_DefaultDeviceConfig  drv8703.o
    0x08001248   0x08001248   0x0000003c   Code   RO         7416    i.DRV8703_DumpRegs  drv8703.o
    0x08001284   0x08001284   0x0000004c   Code   RO         7417    i.DRV8703_DutyToCompare  drv8703.o
    0x080012d0   0x080012d0   0x00000078   Code   RO         7418    i.DRV8703_Init      drv8703.o
    0x08001348   0x08001348   0x00000088   Code   RO         7419    i.DRV8703_InitSafeState  drv8703.o
    0x080013d0   0x080013d0   0x00000020   Code   RO         7420    i.DRV8703_IsValidDevice  drv8703.o
    0x080013f0   0x080013f0   0x0000002a   Code   RO         7421    i.DRV8703_LimitFloat  drv8703.o
    0x0800141a   0x0800141a   0x0000003a   Code   RO         7423    i.DRV8703_ReadFaultInfo  drv8703.o
    0x08001454   0x08001454   0x00000052   Code   RO         7424    i.DRV8703_ReadReg   drv8703.o
    0x080014a6   0x080014a6   0x0000009c   Code   RO         7425    i.DRV8703_SetDuty   drv8703.o
    0x08001542   0x08001542   0x0000004c   Code   RO         7426    i.DRV8703_SetPwmRaw  drv8703.o
    0x0800158e   0x0800158e   0x00000058   Code   RO         7427    i.DRV8703_SetVrefMv  drv8703.o
    0x080015e6   0x080015e6   0x00000026   Code   RO         7428    i.DRV8703_Sleep     drv8703.o
    0x0800160c   0x0800160c   0x0000006c   Code   RO         7429    i.DRV8703_Transfer16  drv8703.o
    0x08001678   0x08001678   0x00000010   Code   RO         7430    i.DRV8703_Unlock    drv8703.o
    0x08001688   0x08001688   0x0000002e   Code   RO         7431    i.DRV8703_Wake      drv8703.o
    0x080016b6   0x080016b6   0x00000040   Code   RO         7432    i.DRV8703_WriteReg  drv8703.o
    0x080016f6   0x080016f6   0x00000002   Code   RO          804    i.DebugMon_Handler  stm32g4xx_it.o
    0x080016f8   0x080016f8   0x00000006   Code   RO           16    i.Error_Handler     main.o
    0x080016fe   0x080016fe   0x00000002   PAD
    0x08001700   0x08001700   0x000000b0   Code   RO         2384    i.HAL_ADCEx_Calibration_Start  stm32g4xx_hal_adc_ex.o
    0x080017b0   0x080017b0   0x000001b8   Code   RO         2401    i.HAL_ADCEx_MultiModeConfigChannel  stm32g4xx_hal_adc_ex.o
    0x08001968   0x08001968   0x00000574   Code   RO         2103    i.HAL_ADC_ConfigChannel  stm32g4xx_hal_adc.o
    0x08001edc   0x08001edc   0x00000008   Code   RO         2110    i.HAL_ADC_GetValue  stm32g4xx_hal_adc.o
    0x08001ee4   0x08001ee4   0x000002b8   Code   RO         2112    i.HAL_ADC_Init      stm32g4xx_hal_adc.o
    0x0800219c   0x0800219c   0x00000224   Code   RO          441    i.HAL_ADC_MspInit   adc.o
    0x080023c0   0x080023c0   0x00000184   Code   RO         2116    i.HAL_ADC_PollForConversion  stm32g4xx_hal_adc.o
    0x08002544   0x08002544   0x00000164   Code   RO         2118    i.HAL_ADC_Start     stm32g4xx_hal_adc.o
    0x080026a8   0x080026a8   0x0000004a   Code   RO         2122    i.HAL_ADC_Stop      stm32g4xx_hal_adc.o
    0x080026f2   0x080026f2   0x00000002   Code   RO         4348    i.HAL_DACEx_DMAUnderrunCallbackCh2  stm32g4xx_hal_dac_ex.o
    0x080026f4   0x080026f4   0x00000260   Code   RO         4202    i.HAL_DAC_ConfigChannel  stm32g4xx_hal_dac.o
    0x08002954   0x08002954   0x00000002   Code   RO         4205    i.HAL_DAC_DMAUnderrunCallbackCh1  stm32g4xx_hal_dac.o
    0x08002956   0x08002956   0x00000082   Code   RO         4211    i.HAL_DAC_IRQHandler  stm32g4xx_hal_dac.o
    0x080029d8   0x080029d8   0x00000028   Code   RO         4212    i.HAL_DAC_Init      stm32g4xx_hal_dac.o
    0x08002a00   0x08002a00   0x000000e4   Code   RO          490    i.HAL_DAC_MspInit   dac.o
    0x08002ae4   0x08002ae4   0x00000046   Code   RO         4215    i.HAL_DAC_SetValue  stm32g4xx_hal_dac.o
    0x08002b2a   0x08002b2a   0x00000002   PAD
    0x08002b2c   0x08002b2c   0x000000a4   Code   RO         4216    i.HAL_DAC_Start     stm32g4xx_hal_dac.o
    0x08002bd0   0x08002bd0   0x000000fe   Code   RO         3548    i.HAL_DMA_IRQHandler  stm32g4xx_hal_dma.o
    0x08002cce   0x08002cce   0x00000002   PAD
    0x08002cd0   0x08002cd0   0x000000d0   Code   RO         3549    i.HAL_DMA_Init      stm32g4xx_hal_dma.o
    0x08002da0   0x08002da0   0x000000c2   Code   RO         3553    i.HAL_DMA_Start_IT  stm32g4xx_hal_dma.o
    0x08002e62   0x08002e62   0x00000002   PAD
    0x08002e64   0x08002e64   0x00000028   Code   RO         2630    i.HAL_Delay         stm32g4xx_hal.o
    0x08002e8c   0x08002e8c   0x000001cc   Code   RO         3405    i.HAL_GPIO_Init     stm32g4xx_hal_gpio.o
    0x08003058   0x08003058   0x00000010   Code   RO         3407    i.HAL_GPIO_ReadPin  stm32g4xx_hal_gpio.o
    0x08003068   0x08003068   0x00000014   Code   RO         3408    i.HAL_GPIO_TogglePin  stm32g4xx_hal_gpio.o
    0x0800307c   0x0800307c   0x0000000a   Code   RO         3409    i.HAL_GPIO_WritePin  stm32g4xx_hal_gpio.o
    0x08003086   0x08003086   0x00000002   PAD
    0x08003088   0x08003088   0x0000000c   Code   RO         2634    i.HAL_GetTick       stm32g4xx_hal.o
    0x08003094   0x08003094   0x00000018   Code   RO         2640    i.HAL_IncTick       stm32g4xx_hal.o
    0x080030ac   0x080030ac   0x0000001e   Code   RO         2641    i.HAL_Init          stm32g4xx_hal.o
    0x080030ca   0x080030ca   0x00000002   PAD
    0x080030cc   0x080030cc   0x0000009c   Code   RO          901    i.HAL_InitTick      stm32g4xx_hal_timebase_tim.o
    0x08003168   0x08003168   0x0000004c   Code   RO          877    i.HAL_MspInit       stm32g4xx_hal_msp.o
    0x080031b4   0x080031b4   0x00000028   Code   RO         4054    i.HAL_NVIC_EnableIRQ  stm32g4xx_hal_cortex.o
    0x080031dc   0x080031dc   0x0000007a   Code   RO         4060    i.HAL_NVIC_SetPriority  stm32g4xx_hal_cortex.o
    0x08003256   0x08003256   0x00000002   PAD
    0x08003258   0x08003258   0x00000028   Code   RO         4061    i.HAL_NVIC_SetPriorityGrouping  stm32g4xx_hal_cortex.o
    0x08003280   0x08003280   0x00000154   Code   RO         4490    i.HAL_OPAMP_Init    stm32g4xx_hal_opamp.o
    0x080033d4   0x080033d4   0x00000180   Code   RO          568    i.HAL_OPAMP_MspInit  opamp.o
    0x08003554   0x08003554   0x00000036   Code   RO         4496    i.HAL_OPAMP_Start   stm32g4xx_hal_opamp.o
    0x0800358a   0x0800358a   0x00000002   PAD
    0x0800358c   0x0800358c   0x00000118   Code   RO         3808    i.HAL_PWREx_ControlVoltageScaling  stm32g4xx_hal_pwr_ex.o
    0x080036a4   0x080036a4   0x00000014   Code   RO         3820    i.HAL_PWREx_DisableUCPDDeadBattery  stm32g4xx_hal_pwr_ex.o
    0x080036b8   0x080036b8   0x00000418   Code   RO         3006    i.HAL_RCCEx_PeriphCLKConfig  stm32g4xx_hal_rcc_ex.o
    0x08003ad0   0x08003ad0   0x00000224   Code   RO         2876    i.HAL_RCC_ClockConfig  stm32g4xx_hal_rcc.o
    0x08003cf4   0x08003cf4   0x00000044   Code   RO         2881    i.HAL_RCC_GetClockConfig  stm32g4xx_hal_rcc.o
    0x08003d38   0x08003d38   0x0000000c   Code   RO         2882    i.HAL_RCC_GetHCLKFreq  stm32g4xx_hal_rcc.o
    0x08003d44   0x08003d44   0x00000024   Code   RO         2884    i.HAL_RCC_GetPCLK1Freq  stm32g4xx_hal_rcc.o
    0x08003d68   0x08003d68   0x00000024   Code   RO         2885    i.HAL_RCC_GetPCLK2Freq  stm32g4xx_hal_rcc.o
    0x08003d8c   0x08003d8c   0x00000098   Code   RO         2886    i.HAL_RCC_GetSysClockFreq  stm32g4xx_hal_rcc.o
    0x08003e24   0x08003e24   0x0000055c   Code   RO         2889    i.HAL_RCC_OscConfig  stm32g4xx_hal_rcc.o
    0x08004380   0x08004380   0x00000098   Code   RO         5370    i.HAL_RS485Ex_Init  stm32g4xx_hal_uart_ex.o
    0x08004418   0x08004418   0x000000fc   Code   RO         4606    i.HAL_SPI_Init      stm32g4xx_hal_spi.o
    0x08004514   0x08004514   0x000000dc   Code   RO          634    i.HAL_SPI_MspInit   spi.o
    0x080045f0   0x080045f0   0x000002d2   Code   RO         4615    i.HAL_SPI_TransmitReceive  stm32g4xx_hal_spi.o
    0x080048c2   0x080048c2   0x00000002   Code   RO         1667    i.HAL_TIMEx_Break2Callback  stm32g4xx_hal_tim_ex.o
    0x080048c4   0x080048c4   0x00000002   Code   RO         1668    i.HAL_TIMEx_BreakCallback  stm32g4xx_hal_tim_ex.o
    0x080048c6   0x080048c6   0x00000002   Code   RO         1669    i.HAL_TIMEx_CommutCallback  stm32g4xx_hal_tim_ex.o
    0x080048c8   0x080048c8   0x000000d4   Code   RO         1672    i.HAL_TIMEx_ConfigBreakDeadTime  stm32g4xx_hal_tim_ex.o
    0x0800499c   0x0800499c   0x00000002   Code   RO         1680    i.HAL_TIMEx_DirectionChangeCallback  stm32g4xx_hal_tim_ex.o
    0x0800499e   0x0800499e   0x00000002   Code   RO         1694    i.HAL_TIMEx_EncoderIndexCallback  stm32g4xx_hal_tim_ex.o
    0x080049a0   0x080049a0   0x00000002   Code   RO         1708    i.HAL_TIMEx_IndexErrorCallback  stm32g4xx_hal_tim_ex.o
    0x080049a2   0x080049a2   0x00000002   PAD
    0x080049a4   0x080049a4   0x000000d8   Code   RO         1709    i.HAL_TIMEx_MasterConfigSynchronization  stm32g4xx_hal_tim_ex.o
    0x08004a7c   0x08004a7c   0x00000002   Code   RO         1730    i.HAL_TIMEx_TransitionErrorCallback  stm32g4xx_hal_tim_ex.o
    0x08004a7e   0x08004a7e   0x0000006e   Code   RO          942    i.HAL_TIM_Base_Init  stm32g4xx_hal_tim.o
    0x08004aec   0x08004aec   0x000000cc   Code   RO          682    i.HAL_TIM_Base_MspInit  tim.o
    0x08004bb8   0x08004bb8   0x000000b4   Code   RO          947    i.HAL_TIM_Base_Start_IT  stm32g4xx_hal_tim.o
    0x08004c6c   0x08004c6c   0x0000013c   Code   RO          951    i.HAL_TIM_ConfigClockSource  stm32g4xx_hal_tim.o
    0x08004da8   0x08004da8   0x00000002   Code   RO          976    i.HAL_TIM_IC_CaptureCallback  stm32g4xx_hal_tim.o
    0x08004daa   0x08004daa   0x00000220   Code   RO          990    i.HAL_TIM_IRQHandler  stm32g4xx_hal_tim.o
    0x08004fca   0x08004fca   0x00000002   PAD
    0x08004fcc   0x08004fcc   0x000001a8   Code   RO          683    i.HAL_TIM_MspPostInit  tim.o
    0x08005174   0x08005174   0x00000002   Code   RO          993    i.HAL_TIM_OC_DelayElapsedCallback  stm32g4xx_hal_tim.o
    0x08005176   0x08005176   0x00000170   Code   RO         1014    i.HAL_TIM_PWM_ConfigChannel  stm32g4xx_hal_tim.o
    0x080052e6   0x080052e6   0x0000006e   Code   RO         1017    i.HAL_TIM_PWM_Init  stm32g4xx_hal_tim.o
    0x08005354   0x08005354   0x00000002   Code   RO         1019    i.HAL_TIM_PWM_MspInit  stm32g4xx_hal_tim.o
    0x08005356   0x08005356   0x00000002   Code   RO         1020    i.HAL_TIM_PWM_PulseFinishedCallback  stm32g4xx_hal_tim.o
    0x08005358   0x08005358   0x0000016c   Code   RO         1022    i.HAL_TIM_PWM_Start  stm32g4xx_hal_tim.o
    0x080054c4   0x080054c4   0x00000018   Code   RO           17    i.HAL_TIM_PeriodElapsedCallback  main.o
    0x080054dc   0x080054dc   0x00000002   Code   RO         1033    i.HAL_TIM_TriggerCallback  stm32g4xx_hal_tim.o
    0x080054de   0x080054de   0x0000004e   Code   RO         5371    i.HAL_UARTEx_DisableFifoMode  stm32g4xx_hal_uart_ex.o
    0x0800552c   0x0800552c   0x00000062   Code   RO         5377    i.HAL_UARTEx_ReceiveToIdle_DMA  stm32g4xx_hal_uart_ex.o
    0x0800558e   0x0800558e   0x00000002   PAD
    0x08005590   0x08005590   0x00000044   Code   RO           18    i.HAL_UARTEx_RxEventCallback  main.o
    0x080055d4   0x080055d4   0x0000005e   Code   RO         5380    i.HAL_UARTEx_SetRxFifoThreshold  stm32g4xx_hal_uart_ex.o
    0x08005632   0x08005632   0x0000005e   Code   RO         5381    i.HAL_UARTEx_SetTxFifoThreshold  stm32g4xx_hal_uart_ex.o
    0x08005690   0x08005690   0x00000002   Code   RO         4971    i.HAL_UART_ErrorCallback  stm32g4xx_hal_uart.o
    0x08005692   0x08005692   0x00000078   Code   RO         4975    i.HAL_UART_Init     stm32g4xx_hal_uart.o
    0x0800570a   0x0800570a   0x00000002   PAD
    0x0800570c   0x0800570c   0x000001b4   Code   RO          754    i.HAL_UART_MspInit  usart.o
    0x080058c0   0x080058c0   0x00000002   Code   RO         4982    i.HAL_UART_RxCpltCallback  stm32g4xx_hal_uart.o
    0x080058c2   0x080058c2   0x00000002   Code   RO         4983    i.HAL_UART_RxHalfCpltCallback  stm32g4xx_hal_uart.o
    0x080058c4   0x080058c4   0x00000038   Code   RO         7861    i.HW_DelayUs        tm1638_board.o
    0x080058fc   0x080058fc   0x0000001c   Code   RO         7862    i.HW_GetDIO         tm1638_board.o
    0x08005918   0x08005918   0x00000018   Code   RO         7863    i.HW_SetCLK         tm1638_board.o
    0x08005930   0x08005930   0x00000018   Code   RO         7864    i.HW_SetDIO         tm1638_board.o
    0x08005948   0x08005948   0x00000014   Code   RO         7865    i.HW_SetSTB         tm1638_board.o
    0x0800595c   0x0800595c   0x00000004   Code   RO          805    i.HardFault_Handler  stm32g4xx_it.o
    0x08005960   0x08005960   0x00000010   Code   RO         2126    i.LL_ADC_Enable     stm32g4xx_hal_adc.o
    0x08005970   0x08005970   0x0000000a   Code   RO         2127    i.LL_ADC_GetCommonPathInternalCh  stm32g4xx_hal_adc.o
    0x0800597a   0x0800597a   0x0000000a   Code   RO         2128    i.LL_ADC_GetMultiDMATransfer  stm32g4xx_hal_adc.o
    0x08005984   0x08005984   0x0000000a   Code   RO         2129    i.LL_ADC_GetMultimode  stm32g4xx_hal_adc.o
    0x0800598e   0x0800598e   0x00000012   Code   RO         2130    i.LL_ADC_GetOffsetChannel  stm32g4xx_hal_adc.o
    0x080059a0   0x080059a0   0x0000000a   Code   RO         2131    i.LL_ADC_INJ_IsConversionOngoing  stm32g4xx_hal_adc.o
    0x080059aa   0x080059aa   0x0000000a   Code   RO         2132    i.LL_ADC_IsDisableOngoing  stm32g4xx_hal_adc.o
    0x080059b4   0x080059b4   0x0000000a   Code   RO         2133    i.LL_ADC_IsEnabled  stm32g4xx_hal_adc.o
    0x080059be   0x080059be   0x0000000a   Code   RO         2414    i.LL_ADC_IsEnabled  stm32g4xx_hal_adc_ex.o
    0x080059c8   0x080059c8   0x0000000a   Code   RO         2134    i.LL_ADC_IsInternalRegulatorEnabled  stm32g4xx_hal_adc.o
    0x080059d2   0x080059d2   0x0000000a   Code   RO         2135    i.LL_ADC_REG_IsConversionOngoing  stm32g4xx_hal_adc.o
    0x080059dc   0x080059dc   0x0000000a   Code   RO         2415    i.LL_ADC_REG_IsConversionOngoing  stm32g4xx_hal_adc_ex.o
    0x080059e6   0x080059e6   0x00000012   Code   RO         2136    i.LL_ADC_REG_IsTriggerSourceSWStart  stm32g4xx_hal_adc.o
    0x080059f8   0x080059f8   0x00000010   Code   RO         2137    i.LL_ADC_REG_StartConversion  stm32g4xx_hal_adc.o
    0x08005a08   0x08005a08   0x00000028   Code   RO         2139    i.LL_ADC_SetChannelSamplingTime  stm32g4xx_hal_adc.o
    0x08005a30   0x08005a30   0x0000000c   Code   RO         2140    i.LL_ADC_SetCommonPathInternalCh  stm32g4xx_hal_adc.o
    0x08005a3c   0x08005a3c   0x00000016   Code   RO         2141    i.LL_ADC_SetOffsetState  stm32g4xx_hal_adc.o
    0x08005a52   0x08005a52   0x0000000c   Code   RO         2142    i.LL_ADC_SetSamplingTimeCommonConfig  stm32g4xx_hal_adc.o
    0x08005a5e   0x08005a5e   0x00000002   PAD
    0x08005a60   0x08005a60   0x000000a0   Code   RO          442    i.MX_ADC1_Init      adc.o
    0x08005b00   0x08005b00   0x000000fc   Code   RO          443    i.MX_ADC2_Init      adc.o
    0x08005bfc   0x08005bfc   0x00000058   Code   RO          491    i.MX_DAC1_Init      dac.o
    0x08005c54   0x08005c54   0x00000068   Code   RO          492    i.MX_DAC3_Init      dac.o
    0x08005cbc   0x08005cbc   0x00000068   Code   RO          493    i.MX_DAC4_Init      dac.o
    0x08005d24   0x08005d24   0x00000060   Code   RO          543    i.MX_DMA_Init       dma.o
    0x08005d84   0x08005d84   0x0000004c   Code   RO          366    i.MX_FREERTOS_Init  app_freertos.o
    0x08005dd0   0x08005dd0   0x000001e0   Code   RO          342    i.MX_GPIO_Init      gpio.o
    0x08005fb0   0x08005fb0   0x00000034   Code   RO          569    i.MX_OPAMP1_Init    opamp.o
    0x08005fe4   0x08005fe4   0x00000034   Code   RO          570    i.MX_OPAMP2_Init    opamp.o
    0x08006018   0x08006018   0x00000034   Code   RO          571    i.MX_OPAMP3_Init    opamp.o
    0x0800604c   0x0800604c   0x00000034   Code   RO          572    i.MX_OPAMP4_Init    opamp.o
    0x08006080   0x08006080   0x00000034   Code   RO          573    i.MX_OPAMP5_Init    opamp.o
    0x080060b4   0x080060b4   0x00000054   Code   RO          635    i.MX_SPI1_Init      spi.o
    0x08006108   0x08006108   0x00000054   Code   RO          636    i.MX_SPI3_Init      spi.o
    0x0800615c   0x0800615c   0x00000128   Code   RO          684    i.MX_TIM1_Init      tim.o
    0x08006284   0x08006284   0x000000a4   Code   RO          685    i.MX_TIM2_Init      tim.o
    0x08006328   0x08006328   0x000000b4   Code   RO          686    i.MX_TIM3_Init      tim.o
    0x080063dc   0x080063dc   0x000000a4   Code   RO          687    i.MX_TIM4_Init      tim.o
    0x08006480   0x08006480   0x000000a4   Code   RO          688    i.MX_TIM5_Init      tim.o
    0x08006524   0x08006524   0x00000070   Code   RO          755    i.MX_USART1_UART_Init  usart.o
    0x08006594   0x08006594   0x0000006c   Code   RO          756    i.MX_USART2_UART_Init  usart.o
    0x08006600   0x08006600   0x00000004   Code   RO          806    i.MemManage_Handler  stm32g4xx_it.o
    0x08006604   0x08006604   0x00000004   Code   RO          807    i.NMI_Handler       stm32g4xx_it.o
    0x08006608   0x08006608   0x0000000a   Code   RO           19    i.OnDownKeyPressed  main.o
    0x08006612   0x08006612   0x0000000a   Code   RO           20    i.OnEnterKeyPressed  main.o
    0x0800661c   0x0800661c   0x0000000a   Code   RO           21    i.OnModeKeyPressed  main.o
    0x08006626   0x08006626   0x0000000a   Code   RO           22    i.OnStartStopKeyPressed  main.o
    0x08006630   0x08006630   0x0000000a   Code   RO           23    i.OnSwitchKeyPressed  main.o
    0x0800663a   0x0800663a   0x00000002   PAD
    0x0800663c   0x0800663c   0x0000004c   Code   RO           24    i.OnTM1638Key       main.o
    0x08006688   0x08006688   0x0000000a   Code   RO           25    i.OnUpKeyPressed    main.o
    0x08006692   0x08006692   0x00000002   PAD
    0x08006694   0x08006694   0x00000058   Code   RO         8018    i.PID_Init          pid_controller.o
    0x080066ec   0x080066ec   0x00000024   Code   RO         8019    i.PID_Reset         pid_controller.o
    0x08006710   0x08006710   0x00000018   Code   RO         8020    i.PID_SetLimits     pid_controller.o
    0x08006728   0x08006728   0x0000001c   Code   RO         7648    i.PanelHW_BlinkOnce  temp_panel.o
    0x08006744   0x08006744   0x000000a0   Code   RO         7649    i.PanelHW_DisplayError  temp_panel.o
    0x080067e4   0x080067e4   0x00000060   Code   RO         7650    i.PanelHW_DisplayNumber  temp_panel.o
    0x08006844   0x08006844   0x00000020   Code   RO         7651    i.PanelHW_DisplayTemp  temp_panel.o
    0x08006864   0x08006864   0x00000020   Code   RO         7652    i.PanelHW_SetLed    temp_panel.o
    0x08006884   0x08006884   0x0000002c   Code   RO         7653    i.PanelKey_FromTM1638  temp_panel.o
    0x080068b0   0x080068b0   0x0000005c   Code   RO         7654    i.Panel_Init        temp_panel.o
    0x0800690c   0x0800690c   0x0000001a   Code   RO           26    i.Parse_Temperature_Buffer  main.o
    0x08006926   0x08006926   0x00000002   PAD
    0x08006928   0x08006928   0x000000f4   Code   RO           27    i.Parse_Temperature_Byte  main.o
    0x08006a1c   0x08006a1c   0x00000068   Code   RO         2890    i.RCC_GetSysClockFreqFromPLLSource  stm32g4xx_hal_rcc.o
    0x08006a84   0x08006a84   0x00000064   Code   RO         4644    i.SPI_EndRxTxTransaction  stm32g4xx_hal_spi.o
    0x08006ae8   0x08006ae8   0x000000f8   Code   RO         4649    i.SPI_WaitFifoStateUntilTimeout  stm32g4xx_hal_spi.o
    0x08006be0   0x08006be0   0x000000d8   Code   RO         4650    i.SPI_WaitFlagStateUntilTimeout  stm32g4xx_hal_spi.o
    0x08006cb8   0x08006cb8   0x000000e4   Code   RO          367    i.StartControlask   app_freertos.o
    0x08006d9c   0x08006d9c   0x00000060   Code   RO          368    i.StartHMITask      app_freertos.o
    0x08006dfc   0x08006dfc   0x00000016   Code   RO         6675    i.SysTick_Handler   cmsis_os2.o
    0x08006e12   0x08006e12   0x00000068   Code   RO           28    i.SystemClock_Config  main.o
    0x08006e7a   0x08006e7a   0x00000002   PAD
    0x08006e7c   0x08006e7c   0x00000014   Code   RO         5495    i.SystemInit        system_stm32g4xx.o
    0x08006e90   0x08006e90   0x00000024   Code   RO          808    i.TIM6_DAC_IRQHandler  stm32g4xx_it.o
    0x08006eb4   0x08006eb4   0x000000f0   Code   RO         1035    i.TIM_Base_SetConfig  stm32g4xx_hal_tim.o
    0x08006fa4   0x08006fa4   0x00000022   Code   RO         1036    i.TIM_CCxChannelCmd  stm32g4xx_hal_tim.o
    0x08006fc6   0x08006fc6   0x00000016   Code   RO         1046    i.TIM_ETR_SetConfig  stm32g4xx_hal_tim.o
    0x08006fdc   0x08006fdc   0x00000018   Code   RO         1047    i.TIM_ITRx_SetConfig  stm32g4xx_hal_tim.o
    0x08006ff4   0x08006ff4   0x000000bc   Code   RO         1048    i.TIM_OC1_SetConfig  stm32g4xx_hal_tim.o
    0x080070b0   0x080070b0   0x000000c8   Code   RO         1049    i.TIM_OC2_SetConfig  stm32g4xx_hal_tim.o
    0x08007178   0x08007178   0x000000c4   Code   RO         1050    i.TIM_OC3_SetConfig  stm32g4xx_hal_tim.o
    0x0800723c   0x0800723c   0x000000c8   Code   RO         1051    i.TIM_OC4_SetConfig  stm32g4xx_hal_tim.o
    0x08007304   0x08007304   0x00000078   Code   RO         1052    i.TIM_OC5_SetConfig  stm32g4xx_hal_tim.o
    0x0800737c   0x0800737c   0x0000007c   Code   RO         1053    i.TIM_OC6_SetConfig  stm32g4xx_hal_tim.o
    0x080073f8   0x080073f8   0x00000026   Code   RO         1055    i.TIM_TI1_ConfigInputStage  stm32g4xx_hal_tim.o
    0x0800741e   0x0800741e   0x00000028   Code   RO         1057    i.TIM_TI2_ConfigInputStage  stm32g4xx_hal_tim.o
    0x08007446   0x08007446   0x00000058   Code   RO         7866    i.TM1638_BusRecover  tm1638_board.o
    0x0800749e   0x0800749e   0x00000002   PAD
    0x080074a0   0x080074a0   0x00000104   Code   RO         7867    i.TM1638_CharToSeg  tm1638_board.o
    0x080075a4   0x080075a4   0x00000064   Code   RO         7868    i.TM1638_ClearDisplay  tm1638_board.o
    0x08007608   0x08007608   0x00000068   Code   RO         7869    i.TM1638_HW_Init    tm1638_board.o
    0x08007670   0x08007670   0x00000072   Code   RO         7870    i.TM1638_Init       tm1638_board.o
    0x080076e2   0x080076e2   0x00000002   PAD
    0x080076e4   0x080076e4   0x00000198   Code   RO         7871    i.TM1638_ProcessKeys  tm1638_board.o
    0x0800787c   0x0800787c   0x00000056   Code   RO         7872    i.TM1638_ReadByte   tm1638_board.o
    0x080078d2   0x080078d2   0x00000002   PAD
    0x080078d4   0x080078d4   0x00000024   Code   RO         7873    i.TM1638_RegisterKeyCallback  tm1638_board.o
    0x080078f8   0x080078f8   0x00000046   Code   RO         7874    i.TM1638_SendByte   tm1638_board.o
    0x0800793e   0x0800793e   0x00000014   Code   RO         7876    i.TM1638_SetBrightness  tm1638_board.o
    0x08007952   0x08007952   0x00000002   PAD
    0x08007954   0x08007954   0x0000005c   Code   RO         7877    i.TM1638_SetLED     tm1638_board.o
    0x080079b0   0x080079b0   0x00000032   Code   RO         7878    i.TM1638_ShowChar   tm1638_board.o
    0x080079e2   0x080079e2   0x00000002   PAD
    0x080079e4   0x080079e4   0x0000003c   Code   RO         7879    i.TM1638_ShowDigit  tm1638_board.o
    0x08007a20   0x08007a20   0x00000144   Code   RO         7880    i.TM1638_ShowFloat  tm1638_board.o
    0x08007b64   0x08007b64   0x0000003c   Code   RO         7881    i.TM1638_ShowString  tm1638_board.o
    0x08007ba0   0x08007ba0   0x00000020   Code   RO         7882    i.TM1638_UpdateDisplayCtrl  tm1638_board.o
    0x08007bc0   0x08007bc0   0x0000004c   Code   RO         7883    i.TM1638_WriteCommand  tm1638_board.o
    0x08007c0c   0x08007c0c   0x00000064   Code   RO         7884    i.TM1638_WriteData  tm1638_board.o
    0x08007c70   0x08007c70   0x000000b0   Code   RO         7655    i.TempPanel_Init    temp_panel.o
    0x08007d20   0x08007d20   0x0000030c   Code   RO         7656    i.TempPanel_KeyEvent  temp_panel.o
    0x0800802c   0x0800802c   0x00000152   Code   RO         7659    i.TempPanel_Task    temp_panel.o
    0x0800817e   0x0800817e   0x00000002   PAD
    0x08008180   0x08008180   0x00000058   Code   RO         5385    i.UARTEx_SetNbDataToProcess  stm32g4xx_hal_uart_ex.o
    0x080081d8   0x080081d8   0x000000f8   Code   RO         4989    i.UART_AdvFeatureConfig  stm32g4xx_hal_uart.o
    0x080082d0   0x080082d0   0x000000ea   Code   RO         4990    i.UART_CheckIdleState  stm32g4xx_hal_uart.o
    0x080083ba   0x080083ba   0x0000005e   Code   RO         4992    i.UART_DMAError     stm32g4xx_hal_uart.o
    0x08008418   0x08008418   0x000000b4   Code   RO         4993    i.UART_DMAReceiveCplt  stm32g4xx_hal_uart.o
    0x080084cc   0x080084cc   0x00000026   Code   RO         4995    i.UART_DMARxHalfCplt  stm32g4xx_hal_uart.o
    0x080084f2   0x080084f2   0x00000002   PAD
    0x080084f4   0x080084f4   0x0000006c   Code   RO         5001    i.UART_EndRxTransfer  stm32g4xx_hal_uart.o
    0x08008560   0x08008560   0x00000040   Code   RO         5003    i.UART_EndTxTransfer  stm32g4xx_hal_uart.o
    0x080085a0   0x080085a0   0x000003c8   Code   RO         5008    i.UART_SetConfig    stm32g4xx_hal_uart.o
    0x08008968   0x08008968   0x000000c8   Code   RO         5009    i.UART_Start_Receive_DMA  stm32g4xx_hal_uart.o
    0x08008a30   0x08008a30   0x000000ac   Code   RO         5015    i.UART_WaitOnFlagUntilTimeout  stm32g4xx_hal_uart.o
    0x08008adc   0x08008adc   0x00000004   Code   RO          809    i.UsageFault_Handler  stm32g4xx_it.o
    0x08008ae0   0x08008ae0   0x00000010   Code   RO         4067    i.__NVIC_GetPriorityGrouping  stm32g4xx_hal_cortex.o
    0x08008af0   0x08008af0   0x00000028   Code   RO         4068    i.__NVIC_SetPriority  stm32g4xx_hal_cortex.o
    0x08008b18   0x08008b18   0x00000006   Code   RO         6677    i.__get_IPSR        cmsis_os2.o
    0x08008b1e   0x08008b1e   0x00000006   Code   RO         7661    i.active            temp_panel.o
    0x08008b24   0x08008b24   0x0000000e   Code   RO         7662    i.cell_is_running   temp_panel.o
    0x08008b32   0x08008b32   0x00000044   Code   RO         7663    i.cell_start_jump   temp_panel.o
    0x08008b76   0x08008b76   0x00000068   Code   RO         7664    i.cell_start_program  temp_panel.o
    0x08008bde   0x08008bde   0x0000002a   Code   RO         7665    i.cell_stop         temp_panel.o
    0x08008c08   0x08008c08   0x0000002a   Code   RO         7666    i.clamp_f           temp_panel.o
    0x08008c32   0x08008c32   0x00000012   Code   RO         7667    i.cur_cell          temp_panel.o
    0x08008c44   0x08008c44   0x0000003c   Code   RO         7668    i.get_param_max     temp_panel.o
    0x08008c80   0x08008c80   0x00000034   Code   RO         7669    i.get_param_min     temp_panel.o
    0x08008cb4   0x08008cb4   0x00000020   Code   RO         7670    i.get_param_step    temp_panel.o
    0x08008cd4   0x08008cd4   0x00000050   Code   RO         7671    i.get_param_value   temp_panel.o
    0x08008d24   0x08008d24   0x0000011c   Code   RO           29    i.main              main.o
    0x08008e40   0x08008e40   0x0000001e   Code   RO         6678    i.osDelay           cmsis_os2.o
    0x08008e5e   0x08008e5e   0x0000001a   Code   RO         6690    i.osKernelGetTickCount  cmsis_os2.o
    0x08008e78   0x08008e78   0x0000002c   Code   RO         6692    i.osKernelInitialize  cmsis_os2.o
    0x08008ea4   0x08008ea4   0x00000060   Code   RO         6695    i.osKernelStart     cmsis_os2.o
    0x08008f04   0x08008f04   0x000000b2   Code   RO         6718    i.osMutexNew        cmsis_os2.o
    0x08008fb6   0x08008fb6   0x000000b8   Code   RO         6737    i.osThreadNew       cmsis_os2.o
    0x0800906e   0x0800906e   0x00000002   PAD
    0x08009070   0x08009070   0x0000007c   Code   RO         6112    i.prvAddCurrentTaskToDelayedList  tasks.o
    0x080090ec   0x080090ec   0x000000b8   Code   RO         6113    i.prvAddNewTaskToReadyList  tasks.o
    0x080091a4   0x080091a4   0x00000074   Code   RO         6488    i.prvCheckForValidListAndQueue  timers.o
    0x08009218   0x08009218   0x00000048   Code   RO         6114    i.prvCheckTasksWaitingTermination  tasks.o
    0x08009260   0x08009260   0x0000002a   Code   RO         5699    i.prvCopyDataFromQueue  queue.o
    0x0800928a   0x0800928a   0x0000007e   Code   RO         5700    i.prvCopyDataToQueue  queue.o
    0x08009308   0x08009308   0x00000050   Code   RO         6115    i.prvDeleteTCB      tasks.o
    0x08009358   0x08009358   0x00000028   Code   RO         6489    i.prvGetNextExpireTime  timers.o
    0x08009380   0x08009380   0x0000007c   Code   RO         7205    i.prvHeapInit       heap_4.o
    0x080093fc   0x080093fc   0x00000028   Code   RO         6116    i.prvIdleTask       tasks.o
    0x08009424   0x08009424   0x0000001e   Code   RO         5702    i.prvInitialiseMutex  queue.o
    0x08009442   0x08009442   0x0000002a   Code   RO         5703    i.prvInitialiseNewQueue  queue.o
    0x0800946c   0x0800946c   0x000000be   Code   RO         6117    i.prvInitialiseNewTask  tasks.o
    0x0800952a   0x0800952a   0x00000002   PAD
    0x0800952c   0x0800952c   0x00000068   Code   RO         6118    i.prvInitialiseTaskLists  tasks.o
    0x08009594   0x08009594   0x00000068   Code   RO         7206    i.prvInsertBlockIntoFreeList  heap_4.o
    0x080095fc   0x080095fc   0x00000058   Code   RO         6491    i.prvInsertTimerInActiveList  timers.o
    0x08009654   0x08009654   0x0000001a   Code   RO         5704    i.prvIsQueueEmpty   queue.o
    0x0800966e   0x0800966e   0x0000001e   Code   RO         5705    i.prvIsQueueFull    queue.o
    0x0800968c   0x0800968c   0x00000074   Code   RO         6492    i.prvProcessExpiredTimer  timers.o
    0x08009700   0x08009700   0x00000164   Code   RO         6493    i.prvProcessReceivedCommands  timers.o
    0x08009864   0x08009864   0x00000074   Code   RO         6494    i.prvProcessTimerOrBlockTask  timers.o
    0x080098d8   0x080098d8   0x00000034   Code   RO         6120    i.prvResetNextTaskUnblockTime  tasks.o
    0x0800990c   0x0800990c   0x0000002c   Code   RO         6495    i.prvSampleTimeNow  timers.o
    0x08009938   0x08009938   0x000000a4   Code   RO         6496    i.prvSwitchTimerLists  timers.o
    0x080099dc   0x080099dc   0x00000040   Code   RO         7261    i.prvTaskExitError  port.o
    0x08009a1c   0x08009a1c   0x0000001a   Code   RO         6497    i.prvTimerTask      timers.o
    0x08009a36   0x08009a36   0x0000007e   Code   RO         5706    i.prvUnlockQueue    queue.o
    0x08009ab4   0x08009ab4   0x0000014c   Code   RO         7207    i.pvPortMalloc      heap_4.o
    0x08009c00   0x08009c00   0x0000002c   Code   RO         7262    i.pxPortInitialiseStack  port.o
    0x08009c2c   0x08009c2c   0x000000ac   Code   RO         7672    i.ramp_to_target    temp_panel.o
    0x08009cd8   0x08009cd8   0x000000fc   Code   RO         7673    i.refresh_display   temp_panel.o
    0x08009dd4   0x08009dd4   0x000000b8   Code   RO         7674    i.refresh_leds      temp_panel.o
    0x08009e8c   0x08009e8c   0x00000026   Code   RO         7675    i.set_error_and_stop  temp_panel.o
    0x08009eb2   0x08009eb2   0x00000002   PAD
    0x08009eb4   0x08009eb4   0x000000dc   Code   RO         7676    i.set_param_value   temp_panel.o
    0x08009f90   0x08009f90   0x00000012   Code   RO         7677    i.show_ui_error     temp_panel.o
    0x08009fa2   0x08009fa2   0x00000046   Code   RO         7678    i.update_jump_control  temp_panel.o
    0x08009fe8   0x08009fe8   0x00000160   Code   RO         7679    i.update_program_control_1s  temp_panel.o
    0x0800a148   0x0800a148   0x00000028   Code   RO         5659    i.uxListRemove      list.o
    0x0800a170   0x0800a170   0x00000018   Code   RO         6749    i.vApplicationGetIdleTaskMemory  cmsis_os2.o
    0x0800a188   0x0800a188   0x00000018   Code   RO         6750    i.vApplicationGetTimerTaskMemory  cmsis_os2.o
    0x0800a1a0   0x0800a1a0   0x0000001a   Code   RO         5660    i.vListInitialise   list.o
    0x0800a1ba   0x0800a1ba   0x00000006   Code   RO         5661    i.vListInitialiseItem  list.o
    0x0800a1c0   0x0800a1c0   0x00000034   Code   RO         5662    i.vListInsert       list.o
    0x0800a1f4   0x0800a1f4   0x00000018   Code   RO         5663    i.vListInsertEnd    list.o
    0x0800a20c   0x0800a20c   0x00000054   Code   RO         7264    i.vPortEnterCritical  port.o
    0x0800a260   0x0800a260   0x0000003c   Code   RO         7265    i.vPortExitCritical  port.o
    0x0800a29c   0x0800a29c   0x000000a4   Code   RO         7208    i.vPortFree         heap_4.o
    0x0800a340   0x0800a340   0x00000028   Code   RO         7266    i.vPortSetupTimerInterrupt  port.o
    0x0800a368   0x0800a368   0x00000078   Code   RO         7267    i.vPortValidateInterruptPriority  port.o
    0x0800a3e0   0x0800a3e0   0x0000002c   Code   RO         5712    i.vQueueAddToRegistry  queue.o
    0x0800a40c   0x0800a40c   0x0000004a   Code   RO         5716    i.vQueueWaitForMessageRestricted  queue.o
    0x0800a456   0x0800a456   0x00000002   PAD
    0x0800a458   0x0800a458   0x0000005c   Code   RO         6133    i.vTaskDelay        tasks.o
    0x0800a4b4   0x0800a4b4   0x00000018   Code   RO         6138    i.vTaskInternalSetTimeOutState  tasks.o
    0x0800a4cc   0x0800a4cc   0x0000000c   Code   RO         6139    i.vTaskMissedYield  tasks.o
    0x0800a4d8   0x0800a4d8   0x00000038   Code   RO         6141    i.vTaskPlaceOnEventList  tasks.o
    0x0800a510   0x0800a510   0x00000040   Code   RO         6142    i.vTaskPlaceOnEventListRestricted  tasks.o
    0x0800a550   0x0800a550   0x000000b8   Code   RO         6150    i.vTaskStartScheduler  tasks.o
    0x0800a608   0x0800a608   0x00000010   Code   RO         6152    i.vTaskSuspendAll   tasks.o
    0x0800a618   0x0800a618   0x00000090   Code   RO         6153    i.vTaskSwitchContext  tasks.o
    0x0800a6a8   0x0800a6a8   0x00000168   Code   RO         7268    i.xPortStartScheduler  port.o
    0x0800a810   0x0800a810   0x00000034   Code   RO         7269    i.xPortSysTickHandler  port.o
    0x0800a844   0x0800a844   0x00000022   Code   RO         5719    i.xQueueCreateMutex  queue.o
    0x0800a866   0x0800a866   0x0000002a   Code   RO         5720    i.xQueueCreateMutexStatic  queue.o
    0x0800a890   0x0800a890   0x0000005a   Code   RO         5721    i.xQueueGenericCreate  queue.o
    0x0800a8ea   0x0800a8ea   0x000000e0   Code   RO         5722    i.xQueueGenericCreateStatic  queue.o
    0x0800a9ca   0x0800a9ca   0x00000002   PAD
    0x0800a9cc   0x0800a9cc   0x00000098   Code   RO         5723    i.xQueueGenericReset  queue.o
    0x0800aa64   0x0800aa64   0x000001a8   Code   RO         5724    i.xQueueGenericSend  queue.o
    0x0800ac0c   0x0800ac0c   0x000000fc   Code   RO         5725    i.xQueueGenericSendFromISR  queue.o
    0x0800ad08   0x0800ad08   0x00000168   Code   RO         5734    i.xQueueReceive     queue.o
    0x0800ae70   0x0800ae70   0x0000008c   Code   RO         6155    i.xTaskCheckForTimeOut  tasks.o
    0x0800aefc   0x0800aefc   0x00000064   Code   RO         6156    i.xTaskCreate       tasks.o
    0x0800af60   0x0800af60   0x000000ba   Code   RO         6157    i.xTaskCreateStatic  tasks.o
    0x0800b01a   0x0800b01a   0x00000002   PAD
    0x0800b01c   0x0800b01c   0x00000020   Code   RO         6161    i.xTaskGetSchedulerState  tasks.o
    0x0800b03c   0x0800b03c   0x0000000c   Code   RO         6162    i.xTaskGetTickCount  tasks.o
    0x0800b048   0x0800b048   0x00000014   Code   RO         6163    i.xTaskGetTickCountFromISR  tasks.o
    0x0800b05c   0x0800b05c   0x00000144   Code   RO         6164    i.xTaskIncrementTick  tasks.o
    0x0800b1a0   0x0800b1a0   0x000000a4   Code   RO         6167    i.xTaskPriorityDisinherit  tasks.o
    0x0800b244   0x0800b244   0x00000098   Code   RO         6169    i.xTaskRemoveFromEventList  tasks.o
    0x0800b2dc   0x0800b2dc   0x00000104   Code   RO         6170    i.xTaskResumeAll    tasks.o
    0x0800b3e0   0x0800b3e0   0x00000078   Code   RO         6506    i.xTimerCreateTimerTask  timers.o
    0x0800b458   0x0800b458   0x00000084   Code   RO         6507    i.xTimerGenericCommand  timers.o
    0x0800b4dc   0x0800b4dc   0x0000000a   Code   RO         8180    x$fpl$fpinit        fz_wm.l(fpinit.o)
    0x0800b4e6   0x0800b4e6   0x00000002   PAD
    0x0800b4e8   0x0800b4e8   0x00000058   Data   RO          369    .constdata          app_freertos.o
    0x0800b540   0x0800b540   0x00000018   Data   RO         5016    .constdata          stm32g4xx_hal_uart.o
    0x0800b558   0x0800b558   0x00000010   Data   RO         5387    .constdata          stm32g4xx_hal_uart_ex.o
    0x0800b568   0x0800b568   0x00000018   Data   RO         5496    .constdata          system_stm32g4xx.o
    0x0800b580   0x0800b580   0x0000017c   Data   RO         7577    .constdata          drv8703_board.o
    0x0800b6fc   0x0800b6fc   0x00000018   Data   RO         7681    .constdata          temp_panel.o
    0x0800b714   0x0800b714   0x00000038   Data   RO         7886    .constdata          tm1638_board.o
    0x0800b74c   0x0800b74c   0x00000022   Data   RO          370    .conststring        app_freertos.o
    0x0800b76e   0x0800b76e   0x00000002   PAD
    0x0800b770   0x0800b770   0x0000002d   Data   RO         7682    .conststring        temp_panel.o
    0x0800b79d   0x0800b79d   0x00000003   PAD
    0x0800b7a0   0x0800b7a0   0x00000020   Data   RO         8236    Region$$Table       anon$$obj.o


    Execution Region RW_IRAM1 (Exec base: 0x20000000, Load base: 0x0800b7c0, Size: 0x0000d960, Max: 0x00020000, ABSOLUTE, COMPRESSED[0x00000024])

    Exec Addr    Load Addr    Size         Type   Attr      Idx    E Section Name        Object

    0x20000000   COMPRESSED   0x00000019   Data   RW           31    .data               main.o
    0x20000019   COMPRESSED   0x00000003   PAD
    0x2000001c   COMPRESSED   0x00000024   Data   RW          371    .data               app_freertos.o
    0x20000040   COMPRESSED   0x00000004   Data   RW          445    .data               adc.o
    0x20000044   COMPRESSED   0x0000000c   Data   RW         2661    .data               stm32g4xx_hal.o
    0x20000050   COMPRESSED   0x00000004   Data   RW         5497    .data               system_stm32g4xx.o
    0x20000054   COMPRESSED   0x0000003c   Data   RW         6173    .data               tasks.o
    0x20000090   COMPRESSED   0x00000014   Data   RW         6515    .data               timers.o
    0x200000a4   COMPRESSED   0x00000004   Data   RW         6752    .data               cmsis_os2.o
    0x200000a8   COMPRESSED   0x00000020   Data   RW         7214    .data               heap_4.o
    0x200000c8   COMPRESSED   0x0000000c   Data   RW         7270    .data               port.o
    0x200000d4   COMPRESSED   0x00000080   Data   RW         7351    .data               adc1_voltage_current_test.o
    0x20000154   COMPRESSED   0x00000012   Data   RW         7887    .data               tm1638_board.o
    0x20000166   COMPRESSED   0x00000002   PAD
    0x20000168        -       0x00000175   Zero   RW           30    .bss                main.o
    0x200002dd   COMPRESSED   0x00000003   PAD
    0x200002e0        -       0x00000138   Zero   RW          444    .bss                adc.o
    0x20000418        -       0x0000003c   Zero   RW          494    .bss                dac.o
    0x20000454        -       0x0000012c   Zero   RW          574    .bss                opamp.o
    0x20000580        -       0x000000c8   Zero   RW          637    .bss                spi.o
    0x20000648        -       0x0000017c   Zero   RW          689    .bss                tim.o
    0x200007c4        -       0x00000188   Zero   RW          757    .bss                usart.o
    0x2000094c        -       0x0000004c   Zero   RW          904    .bss                stm32g4xx_hal_timebase_tim.o
    0x20000998        -       0x00000040   Zero   RW         5738    .bss                queue.o
    0x200009d8        -       0x000004c4   Zero   RW         6172    .bss                tasks.o
    0x20000e9c        -       0x00000118   Zero   RW         6514    .bss                timers.o
    0x20000fb4        -       0x000006b8   Zero   RW         6751    .bss                cmsis_os2.o
    0x2000166c        -       0x00002000   Zero   RW         7213    .bss                heap_4.o
    0x2000366c        -       0x000001b8   Zero   RW         7576    .bss                drv8703_board.o
    0x20003824        -       0x0000009c   Zero   RW         7680    .bss                temp_panel.o
    0x200038c0        -       0x0000003c   Zero   RW         7885    .bss                tm1638_board.o
    0x200038fc        -       0x00000060   Zero   RW         8110    .bss                c_w.l(libspace.o)
    0x2000395c   COMPRESSED   0x00000004   PAD
    0x20003960        -       0x00002000   Zero   RW            2    HEAP                startup_stm32g474xx.o
    0x20005960        -       0x00008000   Zero   RW            1    STACK               startup_stm32g474xx.o


==============================================================================

Image component sizes


      Code (inc. data)   RO Data    RW Data    ZI Data      Debug   Object Name

       960         66          0          4        312       3040   adc.o
      1282        266          0        128          0       7552   adc1_voltage_current_test.o
       400         92        122         36          0       7481   app_freertos.o
       634         38          0          4       1720      66591   cmsis_os2.o
       524         42          0          0         60       3019   dac.o
        96          6          0          0          0        790   dma.o
      1682         16          0          0          0      18617   drv8703.o
       148         16        380          0        440       2942   drv8703_board.o
         0          0          0          0          0      19408   event_groups.o
       480         24          0          0          0       1163   gpio.o
       724         74          0         32       8192       4827   heap_4.o
       148          0          0          0          0       3526   list.o
      1076        124          0         25        373     955192   main.o
       644         66          0          0        300       4063   opamp.o
       148         22          0          0          0       2151   pid_controller.o
      1014         92          0         12          0      11613   port.o
      2118         20          0          0         64      20340   queue.o
       388         42          0          0        200       2314   spi.o
        64         26        472          0      40960        836   startup_stm32g474xx.o
       106         18          0         12          0       3602   stm32g4xx_hal.o
      3808        192          0          0          0      86373   stm32g4xx_hal_adc.o
       636         36          0          0          0      70225   stm32g4xx_hal_adc_ex.o
       258         22          0          0          0      33526   stm32g4xx_hal_cortex.o
      1014         20          0          0          0       5504   stm32g4xx_hal_dac.o
         2          0          0          0          0       1019   stm32g4xx_hal_dac_ex.o
       824         22          0          0          0       4859   stm32g4xx_hal_dma.o
       506         32          0          0          0       3344   stm32g4xx_hal_gpio.o
        76          4          0          0          0        842   stm32g4xx_hal_msp.o
       394         10          0          0          0       2387   stm32g4xx_hal_opamp.o
       300         18          0          0          0       1397   stm32g4xx_hal_pwr_ex.o
      2328        116          0          0          0       7833   stm32g4xx_hal_rcc.o
      1048         10          0          0          0       1976   stm32g4xx_hal_rcc_ex.o
      1538         12          0          0          0       5881   stm32g4xx_hal_spi.o
      3428        304          0          0          0      18280   stm32g4xx_hal_tim.o
       442         46          0          0          0       6368   stm32g4xx_hal_tim_ex.o
       156         22          0          0         76       1403   stm32g4xx_hal_timebase_tim.o
      2432         84         24          0          0      30440   stm32g4xx_hal_uart.o
       604         14         16          0          0       5471   stm32g4xx_hal_uart_ex.o
        90         26          0          0          0       4281   stm32g4xx_it.o
         0          0          0          0          0        384   stream_buffer.o
        20          6         24          4          0       1111   system_stm32g4xx.o
      2828        350          0         60       1220      27889   tasks.o
      3608        186         69          0        156      24760   temp_panel.o
      1596         90          0          0        380       5884   tim.o
      1318        124          0         20        280      32727   timers.o
      2232        114         56         18         60      17187   tm1638_board.o
       656         46          0          0        392       2678   usart.o

    ----------------------------------------------------------------------
     44844       2956       1200        360      55188    1543096   Object Totals
         0          0         32          0          0          0   (incl. Generated)
        66          0          5          5          3          0   (incl. Padding)

    ----------------------------------------------------------------------

      Code (inc. data)   RO Data    RW Data    ZI Data      Debug   Library Member Name

        90          0          0          0          0          0   __dczerorl2.o
         8          0          0          0          0         68   __main.o
         0          0          0          0          0          0   __rtentry.o
        12          0          0          0          0          0   __rtentry2.o
         6          0          0          0          0          0   __rtentry4.o
        52          8          0          0          0          0   __scatter.o
        28          0          0          0          0          0   __scatter_zi.o
        16          0          0          0          0         68   aeabi_memset.o
        18          0          0          0          0         80   exit.o
         6          0          0          0          0        152   heapauxi.o
         0          0          0          0          0          0   indicate_semi.o
         2          0          0          0          0          0   libinit.o
         6          0          0          0          0          0   libinit2.o
         2          0          0          0          0          0   libshutdown.o
         2          0          0          0          0          0   libshutdown2.o
         8          4          0          0         96         68   libspace.o
       238          0          0          0          0        100   lludivv7m.o
        68          0          0          0          0         68   rt_memclr.o
        78          0          0          0          0         80   rt_memclr_w.o
       138          0          0          0          0         68   rt_memcpy_v6.o
       100          0          0          0          0         80   rt_memcpy_w.o
         2          0          0          0          0          0   rtexit.o
        10          0          0          0          0          0   rtexit2.o
        12          4          0          0          0         68   sys_exit.o
        74          0          0          0          0         80   sys_stackheap_outer.o
         2          0          0          0          0         68   use_no_semi.o
        10          0          0          0          0        116   fpinit.o

    ----------------------------------------------------------------------
       996         16          0          0        100       1164   Library Totals
         8          0          0          0          4          0   (incl. Padding)

    ----------------------------------------------------------------------

      Code (inc. data)   RO Data    RW Data    ZI Data      Debug   Library Name

       978         16          0          0         96       1048   c_w.l
        10          0          0          0          0        116   fz_wm.l

    ----------------------------------------------------------------------
       996         16          0          0        100       1164   Library Totals

    ----------------------------------------------------------------------

==============================================================================


      Code (inc. data)   RO Data    RW Data    ZI Data      Debug   

     45840       2972       1200        360      55288    1509192   Grand Totals
     45840       2972       1200         36      55288    1509192   ELF Image Totals (compressed)
     45840       2972       1200         36          0          0   ROM Totals

==============================================================================

    Total RO  Size (Code + RO Data)                47040 (  45.94kB)
    Total RW  Size (RW Data + ZI Data)             55648 (  54.34kB)
    Total ROM Size (Code + RO Data + RW Data)      47076 (  45.97kB)

==============================================================================

