<html>
<body>
<pre>
<h1>µVision Build Log</h1>
<h2>Tool Versions:</h2>
IDE-Version: ¶ÃVision V5.37.0.0
Copyright (C) 2022 ARM Ltd and ARM Germany GmbH. All rights reserved.
License Information: 1 ’≈Œƒ≤®, HP Inc., LIC=R4HV2-9BK62-YDWK5-GZ7IG-Q66J5-2PQTI
 
Tool Versions:
Toolchain:       MDK-ARM Professional  Version: 5.37.0.0
Toolchain Path:  E:\MDK\ARM\ARMCLANG\Bin
C Compiler:      ArmClang.exe V6.18
Assembler:       Armasm.exe V6.18
Linker/Locator:  ArmLink.exe V6.18
Library Manager: ArmAr.exe V6.18
Hex Converter:   FromElf.exe V6.18
CPU DLL:         SARMCM3.DLL V5.37.0.0
Dialog DLL:      DCM.DLL V1.17.5.0
Target DLL:      STLink\ST-LINKIII-KEIL_SWO.dll V3.0.9.0
Dialog DLL:      TCM.DLL V1.56.1.0
 
<h2>Project:</h2>
E:\jianzhi\bisemin\H_qiao\MDK-ARM\H_qiao.uvprojx
Project File Date:  04/25/2026

<h2>Output:</h2>
*** Using Compiler 'V6.18', folder: 'E:\MDK\ARM\ARMCLANG\Bin'
Build target 'H_qiao'
compiling main.c...
linking...
Program Size: Code=10064 RO-data=312 RW-data=12 ZI-data=1860  
FromELF: creating hex file...
"H_qiao\H_qiao.axf" - 0 Error(s), 0 Warning(s).

<h2>Software Packages used:</h2>

Package Vendor: ARM
                http://www.keil.com/pack/ARM.CMSIS.5.9.0.pack
                ARM.CMSIS.5.9.0
                CMSIS (Common Microcontroller Software Interface Standard)
   * Component: CORE Version: 5.6.0

Package Vendor: Keil
                https://www.keil.com/pack/Keil.STM32F1xx_DFP.2.4.1.pack
                Keil.STM32F1xx_DFP.2.4.1
                STMicroelectronics STM32F1 Series Device Support, Drivers and Examples

<h2>Collection of Component include folders:</h2>
  ./RTE/_H_qiao
  E:/MDK/ARM/CMSIS/5.9.0/CMSIS/Core/Include
  E:/MDK/Keil/STM32F1xx_DFP/2.4.1/Device/Include

<h2>Collection of Component Files used:</h2>

   * Component: ARM::CMSIS:CORE:5.6.0
      Include file:  CMSIS/Core/Include/tz_context.h
Build Time Elapsed:  00:00:00
</pre>
</body>
</html>
